Component: ARM Compiler 5.05 update 1 (build 106) Tool: armlink [4d0efa]

==============================================================================

Section Cross References

    uart.o(i._ZN4UART10RXDMA_InitEh) refers to stm32f10x_rcc.o(i.RCC_AHBPeriphClockCmd) for RCC_AHBPeriphClockCmd
    uart.o(i._ZN4UART10RXDMA_InitEh) refers to stm32f10x_dma.o(i.DMA_DeInit) for DMA_DeInit
    uart.o(i._ZN4UART10RXDMA_InitEh) refers to stm32f10x_dma.o(i.DMA_Init) for DMA_Init
    uart.o(i._ZN4UART10RXDMA_InitEh) refers to stm32f10x_usart.o(i.USART_DMACmd) for USART_DMACmd
    uart.o(i._ZN4UART10RXDMA_InitEh) refers to stm32f10x_dma.o(i.DMA_Cmd) for DMA_Cmd
    uart.o(i._ZN4UART10RXDMA_InitEh) refers to uart.o(.constdata) for .constdata
    uart.o(i._ZN4UART10TXDMA_InitEh) refers to stm32f10x_rcc.o(i.RCC_AHBPeriphClockCmd) for RCC_AHBPeriphClockCmd
    uart.o(i._ZN4UART10TXDMA_InitEh) refers to stm32f10x_dma.o(i.DMA_DeInit) for DMA_DeInit
    uart.o(i._ZN4UART10TXDMA_InitEh) refers to stm32f10x_dma.o(i.DMA_Init) for DMA_Init
    uart.o(i._ZN4UART10TXDMA_InitEh) refers to stm32f10x_dma.o(i.DMA_ITConfig) for DMA_ITConfig
    uart.o(i._ZN4UART10TXDMA_InitEh) refers to stm32f10x_usart.o(i.USART_DMACmd) for USART_DMACmd
    uart.o(i._ZN4UART10TXDMA_InitEh) refers to stm32f10x_dma.o(i.DMA_Cmd) for DMA_Cmd
    uart.o(i._ZN4UART10TXDMA_InitEh) refers to uart.o(.constdata) for .constdata
    uart.o(i._ZN4UART13FlushRxBufferEv) refers to uart.o(t._ZN10FIFOBufferIhLt500EE5flushEv) for FIFOBuffer<unsigned char, (unsigned short)500>::flush()
    uart.o(i._ZN4UART13FlushTxBufferEv) refers to uart.o(t._ZN10FIFOBufferIhLt500EE5flushEv) for FIFOBuffer<unsigned char, (unsigned short)500>::flush()
    uart.o(i._ZN4UART13Rxbuffer_SizeEv) refers to uart.o(t._ZN10FIFOBufferIhLt500EE4sizeEv) for FIFOBuffer<unsigned char, (unsigned short)500>::size()
    uart.o(i._ZN4UART13Txbuffer_SizeEv) refers to uart.o(t._ZN10FIFOBufferIhLt500EE4sizeEv) for FIFOBuffer<unsigned char, (unsigned short)500>::size()
    uart.o(i._ZN4UART3IRQEv) refers to stm32f10x_usart.o(i.USART_GetFlagStatus) for USART_GetFlagStatus
    uart.o(i._ZN4UART3IRQEv) refers to stm32f10x_usart.o(i.USART_ReceiveData) for USART_ReceiveData
    uart.o(i._ZN4UART3IRQEv) refers to stm32f10x_usart.o(i.USART_GetITStatus) for USART_GetITStatus
    uart.o(i._ZN4UART3IRQEv) refers to stm32f10x_usart.o(i.USART_ClearITPendingBit) for USART_ClearITPendingBit
    uart.o(i._ZN4UART3IRQEv) refers to uart.o(t._ZN10FIFOBufferIhLt500EE7PutDataERKh) for FIFOBuffer<unsigned char, (unsigned short)500>::PutData(const unsigned char&)
    uart.o(i._ZN4UART3IRQEv) refers to stm32f10x_dma.o(i.DMA_ClearITPendingBit) for DMA_ClearITPendingBit
    uart.o(i._ZN4UART3IRQEv) refers to stm32f10x_dma.o(i.DMA_ClearFlag) for DMA_ClearFlag
    uart.o(i._ZN4UART3IRQEv) refers to stm32f10x_dma.o(i.DMA_Cmd) for DMA_Cmd
    uart.o(i._ZN4UART3IRQEv) refers to stm32f10x_dma.o(i.DMA_GetCurrDataCounter) for DMA_GetCurrDataCounter
    uart.o(i._ZN4UART3IRQEv) refers to uart.o(t._ZN10FIFOBufferIhLt500EE8PutDatasEPht) for FIFOBuffer<unsigned char, (unsigned short)500>::PutDatas(unsigned char*, unsigned short)
    uart.o(i._ZN4UART3IRQEv) refers to stm32f10x_dma.o(i.DMA_SetCurrDataCounter) for DMA_SetCurrDataCounter
    uart.o(i._ZN4UART3IRQEv) refers to uart.o(t._ZN10FIFOBufferIhLt500EE4sizeEv) for FIFOBuffer<unsigned char, (unsigned short)500>::size()
    uart.o(i._ZN4UART3IRQEv) refers to uart.o(t._ZN10FIFOBufferIhLt500EE7GetDataERh) for FIFOBuffer<unsigned char, (unsigned short)500>::GetData(unsigned char&)
    uart.o(i._ZN4UART3IRQEv) refers to stm32f10x_usart.o(i.USART_ITConfig) for USART_ITConfig
    uart.o(i._ZN4UART7GetByteERh) refers to uart.o(t._ZN10FIFOBufferIhLt500EE7GetDataERh) for FIFOBuffer<unsigned char, (unsigned short)500>::GetData(unsigned char&)
    uart.o(i._ZN4UART8GetBytesEPht) refers to uart.o(t._ZN10FIFOBufferIhLt500EE8GetDatasEPht) for FIFOBuffer<unsigned char, (unsigned short)500>::GetDatas(unsigned char*, unsigned short)
    uart.o(i._ZN4UART8SendByteEh) refers to uart.o(t._ZN10FIFOBufferIhLt500EE10RestOfSizeEv) for FIFOBuffer<unsigned char, (unsigned short)500>::RestOfSize()
    uart.o(i._ZN4UART8SendByteEh) refers to uart.o(t._ZN10FIFOBufferIhLt500EE7PutDataERKh) for FIFOBuffer<unsigned char, (unsigned short)500>::PutData(const unsigned char&)
    uart.o(i._ZN4UART8SendByteEh) refers to uart.o(t._ZN10FIFOBufferIhLt500EE4sizeEv) for FIFOBuffer<unsigned char, (unsigned short)500>::size()
    uart.o(i._ZN4UART8SendByteEh) refers to uart.o(t._ZN10FIFOBufferIhLt500EE8GetDatasEPht) for FIFOBuffer<unsigned char, (unsigned short)500>::GetDatas(unsigned char*, unsigned short)
    uart.o(i._ZN4UART8SendByteEh) refers to stm32f10x_dma.o(i.DMA_Cmd) for DMA_Cmd
    uart.o(i._ZN4UART8SendByteEh) refers to stm32f10x_usart.o(i.USART_ClearITPendingBit) for USART_ClearITPendingBit
    uart.o(i._ZN4UART8SendByteEh) refers to stm32f10x_usart.o(i.USART_ITConfig) for USART_ITConfig
[...]
    ../../../edgfe/lib_src/array_new.c       0x00000000   Number         0  array_new.o ABSOLUTE
    ../../../edgfe/lib_src/bad_alloc.c       0x00000000   Number         0  bad_alloc_what.o ABSOLUTE
    ../../../edgfe/lib_src/bad_alloc.c       0x00000000   Number         0  bad_alloc_dtor.o ABSOLUTE
    ../../../edgfe/lib_src/delete.c          0x00000000   Number         0  delete.o ABSOLUTE
    ../../../edgfe/lib_src/exception.c       0x00000000   Number         0  exception_dtor.o ABSOLUTE
    ../../../edgfe/lib_src/exception.c       0x00000000   Number         0  exception_what.o ABSOLUTE
    ../../../edgfe/lib_src/new.c             0x00000000   Number         0  new.o ABSOLUTE
    ../../../edgfe/lib_src/typeinfo.c        0x00000000   Number         0  type_info_dtor.o ABSOLUTE
    ../../../edgfe/lib_src/typeinfo.c        0x00000000   Number         0  lib_rtti_impl.o ABSOLUTE
    ../clib/angel/boardlib.s                 0x00000000   Number         0  boardinit3.o ABSOLUTE
    ../clib/angel/boardlib.s                 0x00000000   Number         0  boardshut.o ABSOLUTE
    ../clib/angel/boardlib.s                 0x00000000   Number         0  boardinit1.o ABSOLUTE
    ../clib/angel/boardlib.s                 0x00000000   Number         0  boardinit2.o ABSOLUTE
    ../clib/angel/handlers.s                 0x00000000   Number         0  __scatter_zi.o ABSOLUTE
    ../clib/angel/handlers.s                 0x00000000   Number         0  __scatter_copy.o ABSOLUTE
    ../clib/angel/kernel.s                   0x00000000   Number         0  __rtentry.o ABSOLUTE
    ../clib/angel/kernel.s                   0x00000000   Number         0  __rtentry2.o ABSOLUTE
    ../clib/angel/kernel.s                   0x00000000   Number         0  __rtentry4.o ABSOLUTE
    ../clib/angel/kernel.s                   0x00000000   Number         0  rtexit2.o ABSOLUTE
    ../clib/angel/kernel.s                   0x00000000   Number         0  rtexit.o ABSOLUTE
    ../clib/angel/rt.s                       0x00000000   Number         0  aeabi_ldiv0_sigfpe.o ABSOLUTE
    ../clib/angel/rt.s                       0x00000000   Number         0  rt_div0.o ABSOLUTE
    ../clib/angel/rt.s                       0x00000000   Number         0  rt_heap_descriptor.o ABSOLUTE
    ../clib/angel/rt.s                       0x00000000   Number         0  rt_heap_descriptor_intlibspace.o ABSOLUTE
    ../clib/angel/rt.s                       0x00000000   Number         0  rt_new_handler_addr.o ABSOLUTE
    ../clib/angel/rt.s                       0x00000000   Number         0  rt_eh_globals_addr_intlibspace.o ABSOLUTE
    ../clib/angel/rt.s                       0x00000000   Number         0  aeabi_ldiv0.o ABSOLUTE
    ../clib/angel/rt.s                       0x00000000   Number         0  rt_new_handler_addr_intlibspace.o ABSOLUTE
    ../clib/angel/rt.s                       0x00000000   Number         0  rt_raise.o ABSOLUTE
    ../clib/angel/rt.s                       0x00000000   Number         0  rt_eh_globals_addr.o ABSOLUTE
    ../clib/angel/scatter.s                  0x00000000   Number         0  __scatter.o ABSOLUTE
    ../clib/angel/startup.s                  0x00000000   Number         0  __main.o ABSOLUTE
    ../clib/angel/sys.s                      0x00000000   Number         0  libspace.o ABSOLUTE
    ../clib/angel/sys.s                      0x00000000   Number         0  mutex_dummy.o ABSOLUTE
    ../clib/angel/sys.s                      0x00000000   Number         0  indicate_semi.o ABSOLUTE
    ../clib/angel/sys.s                      0x00000000   Number         0  use_no_semi.o ABSOLUTE
    ../clib/angel/sys.s                      0x00000000   Number         0  sys_stackheap_outer.o ABSOLUTE
    ../clib/angel/sysapp.c                   0x00000000   Number         0  sys_exit.o ABSOLUTE
    ../clib/angel/sysapp.c                   0x00000000   Number         0  sys_command.o ABSOLUTE
    ../clib/angel/sysapp.c                   0x00000000   Number         0  sys_wrch.o ABSOLUTE
    ../clib/arm_runtime.c                    0x00000000   Number         0  init_aeabi.o ABSOLUTE
    ../clib/arm_runtime.c                    0x00000000   Number         0  init_aeabi.o ABSOLUTE
    ../clib/armsys.c                         0x00000000   Number         0  _get_argv.o ABSOLUTE
    ../clib/armsys.c                         0x00000000   Number         0  argv_veneer.o ABSOLUTE
    ../clib/armsys.c                         0x00000000   Number         0  argv_veneer.o ABSOLUTE
    ../clib/armsys.c                         0x00000000   Number         0  _get_argv_nomalloc.o ABSOLUTE
    ../clib/armsys.c                         0x00000000   Number         0  no_argv.o ABSOLUTE
    ../clib/heap1.c                          0x00000000   Number         0  h1_extend_mt.o ABSOLUTE
    ../clib/heap1.c                          0x00000000   Number         0  h1_free_mt.o ABSOLUTE
    ../clib/heap1.c                          0x00000000   Number         0  h1_final_mt.o ABSOLUTE
    ../clib/heap1.c                          0x00000000   Number         0  h1_final.o ABSOLUTE
    ../clib/heap1.c                          0x00000000   Number         0  h1_init_mt.o ABSOLUTE
    ../clib/heap1.c                          0x00000000   Number         0  h1_alloc_mt.o ABSOLUTE
    ../clib/heap1.c                          0x00000000   Number         0  h1_free.o ABSOLUTE
    ../clib/heap1.c                          0x00000000   Number         0  h1_init.o ABSOLUTE
    ../clib/heap1.c                          0x00000000   Number         0  h1_alloc.o ABSOLUTE
    ../clib/heap1.c                          0x00000000   Number         0  h1_extend.o ABSOLUTE
    ../clib/heap2.c                          0x00000000   Number         0  heap2.o ABSOLUTE
    ../clib/heap2.c                          0x00000000   Number         0  fdtree.o ABSOLUTE
    ../clib/heap2.c                          0x00000000   Number         0  heap2mt.o ABSOLUTE
    ../clib/heapalloc.c                      0x00000000   Number         0  maybetermalloc1.o ABSOLUTE
    ../clib/heapalloc.c                      0x00000000   Number         0  hrguard.o ABSOLUTE
    ../clib/heapalloc.c                      0x00000000   Number         0  heapstubs.o ABSOLUTE
    ../clib/heapalloc.c                      0x00000000   Number         0  hguard.o ABSOLUTE
    ../clib/heapalloc.c                      0x00000000   Number         0  init_alloc.o ABSOLUTE
    ../clib/heapalloc.c                      0x00000000   Number         0  free.o ABSOLUTE
    ../clib/heapalloc.c                      0x00000000   Number         0  term_alloc.o ABSOLUTE
    ../clib/heapalloc.c                      0x00000000   Number         0  malloc.o ABSOLUTE
    ../clib/heapalloc.c                      0x00000000   Number         0  maybetermalloc2.o ABSOLUTE
    ../clib/heapalloc.c                      0x00000000   Number         0  maybetermalloc2.o ABSOLUTE
    ../clib/heapalloc.c                      0x00000000   Number         0  maybetermalloc1.o ABSOLUTE
    ../clib/heapaux.c                        0x00000000   Number         0  heapauxa.o ABSOLUTE
    ../clib/heapaux.c                        0x00000000   Number         0  heapauxi.o ABSOLUTE
    ../clib/libinit.s                        0x00000000   Number         0  libinit2.o ABSOLUTE
    ../clib/libinit.s                        0x00000000   Number         0  libshutdown2.o ABSOLUTE
    ../clib/libinit.s                        0x00000000   Number         0  libshutdown.o ABSOLUTE
    ../clib/libinit.s                        0x00000000   Number         0  libinit.o ABSOLUTE
    ../clib/longlong.s                       0x00000000   Number         0  llsdiv.o ABSOLUTE
    ../clib/longlong.s                       0x00000000   Number         0  lludivv7m.o ABSOLUTE
    ../clib/memcpset.s                       0x00000000   Number         0  rt_memcpy_w.o ABSOLUTE
    ../clib/signal.c                         0x00000000   Number         0  defsig_fpe_outer.o ABSOLUTE
    ../clib/signal.c                         0x00000000   Number         0  defsig_cppl_inner.o ABSOLUTE
    ../clib/signal.c                         0x00000000   Number         0  defsig_pvfn_inner.o ABSOLUTE
    ../clib/signal.c                         0x00000000   Number         0  defsig_stak_inner.o ABSOLUTE
    ../clib/signal.c                         0x00000000   Number         0  defsig_rtred_inner.o ABSOLUTE
    ../clib/signal.c                         0x00000000   Number         0  defsig_rtmem_inner.o ABSOLUTE
    ../clib/signal.c                         0x00000000   Number         0  defsig_general.o ABSOLUTE
    ../clib/signal.c                         0x00000000   Number         0  __raise.o ABSOLUTE
    ../clib/signal.c                         0x00000000   Number         0  defsig_fpe_inner.o ABSOLUTE
    ../clib/signal.c                         0x00000000   Number         0  defsig_abrt_inner.o ABSOLUTE
    ../clib/signal.c                         0x00000000   Number         0  defsig_exit.o ABSOLUTE
    ../clib/signal.c                         0x00000000   Number         0  defsig_abrt_formal.o ABSOLUTE
    ../clib/signal.c                         0x00000000   Number         0  defsig_segv_inner.o ABSOLUTE
    ../clib/signal.c                         0x00000000   Number         0  defsig_other.o ABSOLUTE
    ../clib/signal.c                         0x00000000   Number         0  defsig_rtmem_formal.o ABSOLUTE
    ../clib/signal.c                         0x00000000   Number         0  defsig_rtmem_outer.o ABSOLUTE
    ../clib/signal.c                         0x00000000   Number         0  defsig_fpe_formal.o ABSOLUTE
    ../clib/signal.c                         0x00000000   Number         0  defsig_abrt_outer.o ABSOLUTE
    ../clib/signal.s                         0x00000000   Number         0  defsig.o ABSOLUTE
    ../clib/stdlib.c                         0x00000000   Number         0  bsearchnoex.o ABSOLUTE
    ../clib/stdlib.c                         0x00000000   Number         0  abort.o ABSOLUTE
    ../clib/stdlib.c                         0x00000000   Number         0  exit.o ABSOLUTE
    ../clib/unwind_pr.c                      0x00000000   Number         0  unwind_pr0.o ABSOLUTE
    ../clib/unwind_pr.c                      0x00000000   Number         0  unwind_prcommon.o ABSOLUTE
    ../clib/unwinder.c                       0x00000000   Number         0  unwinder.o ABSOLUTE
    ../clib/unwinder.c                       0x00000000   Number         0  unwinder.o ABSOLUTE
    ../clib/unwinder.c                       0x00000000   Number         0  unwind_activity.o ABSOLUTE
    ../clib/unwinder.c                       0x00000000   Number         0  unwind_activity.o ABSOLUTE
    ../fplib/d2f.s                           0x00000000   Number         0  d2f.o ABSOLUTE
    ../fplib/daddsub.s                       0x00000000   Number         0  daddsub_clz.o ABSOLUTE
    ../fplib/dcmpi.s                         0x00000000   Number         0  dcmpi.o ABSOLUTE
    ../fplib/ddiv.s                          0x00000000   Number         0  ddiv.o ABSOLUTE
    ../fplib/dfixu.s                         0x00000000   Number         0  dfixu.o ABSOLUTE
    ../fplib/dflt.s                          0x00000000   Number         0  dflt_clz.o ABSOLUTE
    ../fplib/dleqf.s                         0x00000000   Number         0  dleqf.o ABSOLUTE
    ../fplib/dmul.s                          0x00000000   Number         0  dmul.o ABSOLUTE
    ../fplib/dnaninf.s                       0x00000000   Number         0  dnaninf.o ABSOLUTE
    ../fplib/dretinf.s                       0x00000000   Number         0  dretinf.o ABSOLUTE
    ../fplib/drleqf.s                        0x00000000   Number         0  drleqf.o ABSOLUTE
    ../fplib/f2d.s                           0x00000000   Number         0  f2d.o ABSOLUTE
    ../fplib/faddsub.s                       0x00000000   Number         0  faddsub_clz.o ABSOLUTE
    ../fplib/fcmpi.s                         0x00000000   Number         0  fcmpi.o ABSOLUTE
    ../fplib/fdiv.s                          0x00000000   Number         0  fdiv.o ABSOLUTE
    ../fplib/ffixu.s                         0x00000000   Number         0  ffixu.o ABSOLUTE
    ../fplib/fflt.s                          0x00000000   Number         0  fflt_clz.o ABSOLUTE
    ../fplib/fleqf.s                         0x00000000   Number         0  fleqf.o ABSOLUTE
    ../fplib/fmul.s                          0x00000000   Number         0  fmul.o ABSOLUTE
    ../fplib/fnaninf.s                       0x00000000   Number         0  fnaninf.o ABSOLUTE
    ../fplib/fpinit.s                        0x00000000   Number         0  fpinit.o ABSOLUTE
    ../fplib/fretinf.s                       0x00000000   Number         0  fretinf.o ABSOLUTE
    ../fplib/frleqf.s                        0x00000000   Number         0  frleqf.o ABSOLUTE
    ../fplib/usenofp.s                       0x00000000   Number         0  usenofp.o ABSOLUTE
    D:\\mdk5\\ARM\\PACK\\Keil\\STM32F1xx_DFP\\2.3.0\\Device\\StdPeriph_Driver\\src\\misc.c 0x00000000   Number         0  misc.o ABSOLUTE
    D:\\mdk5\\ARM\\PACK\\Keil\\STM32F1xx_DFP\\2.3.0\\Device\\StdPeriph_Driver\\src\\stm32f10x_adc.c 0x00000000   Number         0  stm32f10x_adc.o ABSOLUTE
    D:\\mdk5\\ARM\\PACK\\Keil\\STM32F1xx_DFP\\2.3.0\\Device\\StdPeriph_Driver\\src\\stm32f10x_can.c 0x00000000   Number         0  stm32f10x_can.o ABSOLUTE
    D:\\mdk5\\ARM\\PACK\\Keil\\STM32F1xx_DFP\\2.3.0\\Device\\StdPeriph_Driver\\src\\stm32f10x_dac.c 0x00000000   Number         0  stm32f10x_dac.o ABSOLUTE
    D:\\mdk5\\ARM\\PACK\\Keil\\STM32F1xx_DFP\\2.3.0\\Device\\StdPeriph_Driver\\src\\stm32f10x_dma.c 0x00000000   Number         0  stm32f10x_dma.o ABSOLUTE
    D:\\mdk5\\ARM\\PACK\\Keil\\STM32F1xx_DFP\\2.3.0\\Device\\StdPeriph_Driver\\src\\stm32f10x_exti.c 0x00000000   Number         0  stm32f10x_exti.o ABSOLUTE
    D:\\mdk5\\ARM\\PACK\\Keil\\STM32F1xx_DFP\\2.3.0\\Device\\StdPeriph_Driver\\src\\stm32f10x_gpio.c 0x00000000   Number         0  stm32f10x_gpio.o ABSOLUTE
    D:\\mdk5\\ARM\\PACK\\Keil\\STM32F1xx_DFP\\2.3.0\\Device\\StdPeriph_Driver\\src\\stm32f10x_i2c.c 0x00000000   Number         0  stm32f10x_i2c.o ABSOLUTE
    D:\\mdk5\\ARM\\PACK\\Keil\\STM32F1xx_DFP\\2.3.0\\Device\\StdPeriph_Driver\\src\\stm32f10x_rcc.c 0x00000000   Number         0  stm32f10x_rcc.o ABSOLUTE
    D:\\mdk5\\ARM\\PACK\\Keil\\STM32F1xx_DFP\\2.3.0\\Device\\StdPeriph_Driver\\src\\stm32f10x_spi.c 0x00000000   Number         0  stm32f10x_spi.o ABSOLUTE
    D:\\mdk5\\ARM\\PACK\\Keil\\STM32F1xx_DFP\\2.3.0\\Device\\StdPeriph_Driver\\src\\stm32f10x_tim.c 0x00000000   Number         0  stm32f10x_tim.o ABSOLUTE
    D:\\mdk5\\ARM\\PACK\\Keil\\STM32F1xx_DFP\\2.3.0\\Device\\StdPeriph_Driver\\src\\stm32f10x_usart.c 0x00000000   Number         0  stm32f10x_usart.o ABSOLUTE
    D:\\mdk5\\ARM\\PACK\\Keil\\STM32F1xx_DFP\\2.3.0\\RTE_Driver\\GPIO_STM32F10x.c 0x00000000   Number         0  gpio_stm32f10x.o ABSOLUTE
    D:\mdk5\ARM\PACK\Keil\STM32F1xx_DFP\2.3.0\Device\StdPeriph_Driver\src\misc.c 0x00000000   Number         0  misc.o ABSOLUTE
    D:\mdk5\ARM\PACK\Keil\STM32F1xx_DFP\2.3.0\Device\StdPeriph_Driver\src\stm32f10x_adc.c 0x00000000   Number         0  stm32f10x_adc.o ABSOLUTE
    D:\mdk5\ARM\PACK\Keil\STM32F1xx_DFP\2.3.0\Device\StdPeriph_Driver\src\stm32f10x_can.c 0x00000000   Number         0  stm32f10x_can.o ABSOLUTE
    D:\mdk5\ARM\PACK\Keil\STM32F1xx_DFP\2.3.0\Device\StdPeriph_Driver\src\stm32f10x_dac.c 0x00000000   Number         0  stm32f10x_dac.o ABSOLUTE
    D:\mdk5\ARM\PACK\Keil\STM32F1xx_DFP\2.3.0\Device\StdPeriph_Driver\src\stm32f10x_dma.c 0x00000000   Number         0  stm32f10x_dma.o ABSOLUTE
    D:\mdk5\ARM\PACK\Keil\STM32F1xx_DFP\2.3.0\Device\StdPeriph_Driver\src\stm32f10x_exti.c 0x00000000   Number         0  stm32f10x_exti.o ABSOLUTE
    D:\mdk5\ARM\PACK\Keil\STM32F1xx_DFP\2.3.0\Device\StdPeriph_Driver\src\stm32f10x_gpio.c 0x00000000   Number         0  stm32f10x_gpio.o ABSOLUTE
    D:\mdk5\ARM\PACK\Keil\STM32F1xx_DFP\2.3.0\Device\StdPeriph_Driver\src\stm32f10x_i2c.c 0x00000000   Number         0  stm32f10x_i2c.o ABSOLUTE
    D:\mdk5\ARM\PACK\Keil\STM32F1xx_DFP\2.3.0\Device\StdPeriph_Driver\src\stm32f10x_rcc.c 0x00000000   Number         0  stm32f10x_rcc.o ABSOLUTE
    D:\mdk5\ARM\PACK\Keil\STM32F1xx_DFP\2.3.0\Device\StdPeriph_Driver\src\stm32f10x_spi.c 0x00000000   Number         0  stm32f10x_spi.o ABSOLUTE
    D:\mdk5\ARM\PACK\Keil\STM32F1xx_DFP\2.3.0\Device\StdPeriph_Driver\src\stm32f10x_tim.c 0x00000000   Number         0  stm32f10x_tim.o ABSOLUTE
    D:\mdk5\ARM\PACK\Keil\STM32F1xx_DFP\2.3.0\Device\StdPeriph_Driver\src\stm32f10x_usart.c 0x00000000   Number         0  stm32f10x_usart.o ABSOLUTE
    D:\mdk5\ARM\PACK\Keil\STM32F1xx_DFP\2.3.0\RTE_Driver\GPIO_STM32F10x.c 0x00000000   Number         0  gpio_stm32f10x.o ABSOLUTE
    RTE\Device\STM32F103RC\startup_stm32f10x_hd.s 0x00000000   Number         0  startup_stm32f10x_hd.o ABSOLUTE
    RTE\Device\STM32F103RC\system_stm32f10x.c 0x00000000   Number         0  system_stm32f10x.o ABSOLUTE
    RTE\\Device\\STM32F103RC\\system_stm32f10x.c 0x00000000   Number         0  system_stm32f10x.o ABSOLUTE
    dc.s                                     0x00000000   Number         0  dc.o ABSOLUTE
    libraries\LED\led.c                      0x00000000   Number         0  led.o ABSOLUTE
    libraries\OnChip\ADC\ADC.cpp             0x00000000   Number         0  adc.o ABSOLUTE
    libraries\OnChip\EXIT\EXIT.cpp           0x00000000   Number         0  exit.o ABSOLUTE
    libraries\OnChip\GPIO\GPIO.cpp           0x00000000   Number         0  gpio.o ABSOLUTE
    libraries\OnChip\I2C\I2C.cpp             0x00000000   Number         0  i2c.o ABSOLUTE
    libraries\OnChip\SPI\SPI.cpp             0x00000000   Number         0  spi.o ABSOLUTE
    libraries\OnChip\TIMER\Timer.cpp         0x00000000   Number         0  timer.o ABSOLUTE
    libraries\OnChip\UART\UART.cpp           0x00000000   Number         0  uart.o ABSOLUTE
    libraries\System\SysTime\SysTime.cpp     0x00000000   Number         0  systime.o ABSOLUTE
    libraries\Toolbox\Serialize\Serialize.cpp 0x00000000   Number         0  serialize.o ABSOLUTE
    libraries\Toolbox\UIDLink\UIDLink.cpp    0x00000000   Number         0  uidlink.o ABSOLUTE
    libraries\\LED\\led.c                    0x00000000   Number         0  led.o ABSOLUTE
    libraries\\OnChip\\ADC\\ADC.cpp          0x00000000   Number         0  adc.o ABSOLUTE
    libraries\\OnChip\\EXIT\\EXIT.cpp        0x00000000   Number         0  exit.o ABSOLUTE
    libraries\\OnChip\\GPIO\\GPIO.cpp        0x00000000   Number         0  gpio.o ABSOLUTE
    libraries\\OnChip\\I2C\\I2C.cpp          0x00000000   Number         0  i2c.o ABSOLUTE
    libraries\\OnChip\\SPI\\SPI.cpp          0x00000000   Number         0  spi.o ABSOLUTE
    libraries\\OnChip\\TIMER\\Timer.cpp      0x00000000   Number         0  timer.o ABSOLUTE
    libraries\\OnChip\\UART\\UART.cpp        0x00000000   Number         0  uart.o ABSOLUTE
    libraries\\System\\SysTime\\SysTime.cpp  0x00000000   Number         0  systime.o ABSOLUTE
    libraries\\Toolbox\\Serialize\\Serialize.cpp 0x00000000   Number         0  serialize.o ABSOLUTE
    libraries\\Toolbox\\UIDLink\\UIDLink.cpp 0x00000000   Number         0  uidlink.o ABSOLUTE
    libraries\\sys\\sys.c                    0x00000000   Number         0  sys.o ABSOLUTE
    libraries\sys\sys.c                      0x00000000   Number         0  sys.o ABSOLUTE
    main.cpp                                 0x00000000   Number         0  main.o ABSOLUTE
    main.cpp                                 0x00000000   Number         0  main.o ABSOLUTE
    RESET                                    0x08000000   Section      304  startup_stm32f10x_hd.o(RESET)
    !!!main                                  0x08000130   Section        8  __main.o(!!!main)
    !!!scatter                               0x08000138   Section       52  __scatter.o(!!!scatter)
    !!handler_copy                           0x0800016c   Section       26  __scatter_copy.o(!!handler_copy)
    !!handler_zi                             0x08000188   Section       28  __scatter_zi.o(!!handler_zi)
    .ARM.Collect$$libinit$$00000000          0x080001a4   Section        2  libinit.o(.ARM.Collect$$libinit$$00000000)
    .ARM.Collect$$libinit$$00000002          0x080001a6   Section        0  libinit2.o(.ARM.Collect$$libinit$$00000002)
    .ARM.Collect$$libinit$$00000004          0x080001a6   Section        0  libinit2.o(.ARM.Collect$$libinit$$00000004)
    .ARM.Collect$$libinit$$00000005          0x080001a6   Section        8  libinit2.o(.ARM.Collect$$libinit$$00000005)
    .ARM.Collect$$libinit$$0000000A          0x080001ae   Section        0  libinit2.o(.ARM.Collect$$libinit$$0000000A)
    .ARM.Collect$$libinit$$0000000C          0x080001ae   Section        0  libinit2.o(.ARM.Collect$$libinit$$0000000C)
    .ARM.Collect$$libinit$$0000000E          0x080001ae   Section        0  libinit2.o(.ARM.Collect$$libinit$$0000000E)
    .ARM.Collect$$libinit$$00000011          0x080001ae   Section        0  libinit2.o(.ARM.Collect$$libinit$$00000011)
    .ARM.Collect$$libinit$$00000013          0x080001ae   Section        0  libinit2.o(.ARM.Collect$$libinit$$00000013)
    .ARM.Collect$$libinit$$00000015          0x080001ae   Section        0  libinit2.o(.ARM.Collect$$libinit$$00000015)
    .ARM.Collect$$libinit$$00000017          0x080001ae   Section        0  libinit2.o(.ARM.Collect$$libinit$$00000017)
    .ARM.Collect$$libinit$$00000019          0x080001ae   Section        0  libinit2.o(.ARM.Collect$$libinit$$00000019)
    .ARM.Collect$$libinit$$0000001B          0x080001ae   Section        0  libinit2.o(.ARM.Collect$$libinit$$0000001B)
    .ARM.Collect$$libinit$$0000001D          0x080001ae   Section        0  libinit2.o(.ARM.Collect$$libinit$$0000001D)
    .ARM.Collect$$libinit$$0000001F          0x080001ae   Section        0  libinit2.o(.ARM.Collect$$libinit$$0000001F)
    .ARM.Collect$$libinit$$00000021          0x080001ae   Section        0  libinit2.o(.ARM.Collect$$libinit$$00000021)
    .ARM.Collect$$libinit$$00000023          0x080001ae   Section        0  libinit2.o(.ARM.Collect$$libinit$$00000023)
    .ARM.Collect$$libinit$$00000025          0x080001ae   Section        0  libinit2.o(.ARM.Collect$$libinit$$00000025)
    .ARM.Collect$$libinit$$0000002C          0x080001ae   Section        0  libinit2.o(.ARM.Collect$$libinit$$0000002C)
    .ARM.Collect$$libinit$$0000002E          0x080001ae   Section        0  libinit2.o(.ARM.Collect$$libinit$$0000002E)
    .ARM.Collect$$libinit$$00000030          0x080001ae   Section        0  libinit2.o(.ARM.Collect$$libinit$$00000030)
    .ARM.Collect$$libinit$$00000031          0x080001ae   Section        4  libinit2.o(.ARM.Collect$$libinit$$00000031)
    .ARM.Collect$$libinit$$00000032          0x080001b2   Section        0  libinit2.o(.ARM.Collect$$libinit$$00000032)
    .ARM.Collect$$libinit$$00000033          0x080001b2   Section        2  libinit2.o(.ARM.Collect$$libinit$$00000033)
    .ARM.Collect$$libshutdown$$00000000      0x080001b4   Section        2  libshutdown.o(.ARM.Collect$$libshutdown$$00000000)
    .ARM.Collect$$libshutdown$$00000003      0x080001b6   Section        0  libshutdown2.o(.ARM.Collect$$libshutdown$$00000003)
    .ARM.Collect$$libshutdown$$00000006      0x080001b6   Section        0  libshutdown2.o(.ARM.Collect$$libshutdown$$00000006)
    .ARM.Collect$$libshutdown$$00000009      0x080001b6   Section        0  libshutdown2.o(.ARM.Collect$$libshutdown$$00000009)
    .ARM.Collect$$libshutdown$$0000000B      0x080001b6   Section        0  libshutdown2.o(.ARM.Collect$$libshutdown$$0000000B)
    .ARM.Collect$$libshutdown$$0000000E      0x080001b6   Section        0  libshutdown2.o(.ARM.Collect$$libshutdown$$0000000E)
    .ARM.Collect$$libshutdown$$0000000F      0x080001b6   Section        2  libshutdown2.o(.ARM.Collect$$libshutdown$$0000000F)
    .ARM.Collect$$rtentry$$00000000          0x080001b8   Section        0  __rtentry.o(.ARM.Collect$$rtentry$$00000000)
    .ARM.Collect$$rtentry$$00000002          0x080001b8   Section        0  __rtentry2.o(.ARM.Collect$$rtentry$$00000002)
    .ARM.Collect$$rtentry$$00000004          0x080001b8   Section        6  __rtentry4.o(.ARM.Collect$$rtentry$$00000004)
    .ARM.Collect$$rtentry$$00000009          0x080001be   Section        0  __rtentry2.o(.ARM.Collect$$rtentry$$00000009)
    .ARM.Collect$$rtentry$$0000000A          0x080001be   Section        4  __rtentry2.o(.ARM.Collect$$rtentry$$0000000A)
    .ARM.Collect$$rtentry$$0000000C          0x080001c2   Section        0  __rtentry2.o(.ARM.Collect$$rtentry$$0000000C)
    .ARM.Collect$$rtentry$$0000000D          0x080001c2   Section        8  __rtentry2.o(.ARM.Collect$$rtentry$$0000000D)
    .ARM.Collect$$rtexit$$00000000           0x080001ca   Section        2  rtexit.o(.ARM.Collect$$rtexit$$00000000)
    .ARM.Collect$$rtexit$$00000002           0x080001cc   Section        0  rtexit2.o(.ARM.Collect$$rtexit$$00000002)
    .ARM.Collect$$rtexit$$00000003           0x080001cc   Section        4  rtexit2.o(.ARM.Collect$$rtexit$$00000003)
    .ARM.Collect$$rtexit$$00000004           0x080001d0   Section        6  rtexit2.o(.ARM.Collect$$rtexit$$00000004)
    .emb_text                                0x080001d8   Section        0  maybetermalloc1.o(.emb_text)
    .text                                    0x080001d8   Section       64  startup_stm32f10x_hd.o(.text)
    .text                                    0x08000218   Section      100  rt_memcpy_w.o(.text)
    .text                                    0x0800027c   Section        0  heapauxi.o(.text)
    .text                                    0x08000284   Section        0  init_aeabi.o(.text)
    .text                                    0x080002a8   Section        8  rt_new_handler_addr_intlibspace.o(.text)
    .text                                    0x080002b0   Section        0  h1_alloc.o(.text)
    .text                                    0x0800030e   Section        0  arm_newhandler_noexceptions.o(.text)
    .text                                    0x08000312   Section        0  arm_exceptions_terminate.o(.text)
    .text                                    0x0800032c   Section        0  arm_exceptions_globs.o(.text)
    [local to arm_exceptions_c]::__default_terminate_handler() 0x0800032d   Thumb Code     6  arm_exceptions_globs.o(.text)
    .text                                    0x0800037c   Section        8  libspace.o(.text)
    .text                                    0x08000384   Section       74  sys_stackheap_outer.o(.text)
    .text                                    0x080003d0   Section        8  rt_heap_descriptor_intlibspace.o(.text)
    .text                                    0x080003d8   Section        8  rt_eh_globals_addr_intlibspace.o(.text)
    .text                                    0x080003e0   Section        0  hguard.o(.text)
    .text                                    0x080003e4   Section        0  init_alloc.o(.text)
    .text                                    0x0800046e   Section        0  h1_init.o(.text)
    .text                                    0x0800047c   Section        0  h1_free.o(.text)
    .text                                    0x080004ca   Section        0  exit.o(.text)
    .text                                    0x080004d6   Section        0  abort.o(.text)
    .text                                    0x080004e6   Section        0  arm_exceptions_mem.o(.text)
    .text                                    0x08000524   Section        0  sys_exit.o(.text)
    .text                                    0x08000530   Section        0  h1_extend.o(.text)
    .text                                    0x08000564   Section        0  defsig_abrt_outer.o(.text)
    .text                                    0x08000572   Section        0  defsig_rtmem_outer.o(.text)
    .text                                    0x08000580   Section        2  use_no_semi.o(.text)
    .text                                    0x08000582   Section        0  indicate_semi.o(.text)
    .text                                    0x08000582   Section        0  defsig_exit.o(.text)
    .text                                    0x0800058c   Section        0  defsig_abrt_inner.o(.text)
    .text                                    0x080005bc   Section        0  defsig_rtmem_inner.o(.text)
    .text                                    0x0800060c   Section        0  defsig_general.o(.text)
    .text                                    0x0800063e   Section        0  sys_wrch.o(.text)
    i.DMA_Cmd                                0x0800064c   Section        0  stm32f10x_dma.o(i.DMA_Cmd)
    i.DMA_DeInit                             0x08000664   Section        0  stm32f10x_dma.o(i.DMA_DeInit)
    i.DMA_ITConfig                           0x080007b0   Section        0  stm32f10x_dma.o(i.DMA_ITConfig)
    i.DMA_Init                               0x080007c2   Section        0  stm32f10x_dma.o(i.DMA_Init)
    i.GPIO_Init                              0x080007fe   Section        0  stm32f10x_gpio.o(i.GPIO_Init)
    i.GPIO_PinRemapConfig                    0x08000914   Section        0  stm32f10x_gpio.o(i.GPIO_PinRemapConfig)
    i.GPIO_SetBits                           0x080009a4   Section        0  stm32f10x_gpio.o(i.GPIO_SetBits)
    i.NVIC_Init                              0x080009a8   Section        0  misc.o(i.NVIC_Init)
    i.NVIC_PriorityGroupConfig               0x08000a18   Section        0  misc.o(i.NVIC_PriorityGroupConfig)
    i.RCC_AHBPeriphClockCmd                  0x08000a2c   Section        0  stm32f10x_rcc.o(i.RCC_AHBPeriphClockCmd)
    i.RCC_APB1PeriphClockCmd                 0x08000a4c   Section        0  stm32f10x_rcc.o(i.RCC_APB1PeriphClockCmd)
    i.RCC_APB2PeriphClockCmd                 0x08000a6c   Section        0  stm32f10x_rcc.o(i.RCC_APB2PeriphClockCmd)
    i.RCC_GetClocksFreq                      0x08000a8c   Section        0  stm32f10x_rcc.o(i.RCC_GetClocksFreq)
    i.SetSysClock                            0x08000b60   Section        0  system_stm32f10x.o(i.SetSysClock)
    SetSysClock                              0x08000b61   Thumb Code     8  system_stm32f10x.o(i.SetSysClock)
    i.SetSysClockTo72                        0x08000b68   Section        0  system_stm32f10x.o(i.SetSysClockTo72)
    SetSysClockTo72                          0x08000b69   Thumb Code   214  system_stm32f10x.o(i.SetSysClockTo72)
    i.SysTick_Handler                        0x08000c48   Section        0  systime.o(i.SysTick_Handler)
    i.SystemInit                             0x08000c50   Section        0  system_stm32f10x.o(i.SystemInit)
    i.USART_ClearFlag                        0x08000cb0   Section        0  stm32f10x_usart.o(i.USART_ClearFlag)
    i.USART_ClearITPendingBit                0x08000cc2   Section        0  stm32f10x_usart.o(i.USART_ClearITPendingBit)
    i.USART_Cmd                              0x08000ce0   Section        0  stm32f10x_usart.o(i.USART_Cmd)
    i.USART_DMACmd                           0x08000cf8   Section        0  stm32f10x_usart.o(i.USART_DMACmd)
    i.USART_GetFlagStatus                    0x08000d0a   Section        0  stm32f10x_usart.o(i.USART_GetFlagStatus)
    i.USART_ITConfig                         0x08000d24   Section        0  stm32f10x_usart.o(i.USART_ITConfig)
    i.USART_Init                             0x08000d70   Section        0  stm32f10x_usart.o(i.USART_Init)
    i.USART_SendData                         0x08000e48   Section        0  stm32f10x_usart.o(i.USART_SendData)
    i._Z8LED_Initv                           0x08000e50   Section        0  main.o(i._Z8LED_Initv)
    i._ZN4GPIOC1EP12GPIO_TypeDeft16GPIOMode_TypeDef17GPIOSpeed_TypeDefb 0x08000ea0   Section        0  gpio.o(i._ZN4GPIOC1EP12GPIO_TypeDeft16GPIOMode_TypeDef17GPIOSpeed_TypeDefb)
    i._ZN4UART10RXDMA_InitEh                 0x08000f54   Section        0  uart.o(i._ZN4UART10RXDMA_InitEh)
    i._ZN4UART10TXDMA_InitEh                 0x08001014   Section        0  uart.o(i._ZN4UART10TXDMA_InitEh)
    i._ZN4UART8SendByteEh                    0x080010e8   Section        0  uart.o(i._ZN4UART8SendByteEh)
    i._ZN4UART9SendBytesEPht                 0x080011c8   Section        0  uart.o(i._ZN4UART9SendBytesEPht)
    i._ZN4UARTC1Ehjbbbttt                    0x080012b4   Section        0  uart.o(i._ZN4UARTC1Ehjbbbttt)
    i._ZN7SysTime10CheckTimerEh              0x08001570   Section        0  systime.o(i._ZN7SysTime10CheckTimerEh)
    i._ZN7SysTime10InitializeEv              0x080015c8   Section        0  systime.o(i._ZN7SysTime10InitializeEv)
    i._ZN7SysTime11CreateTimerEd             0x080015f8   Section        0  systime.o(i._ZN7SysTime11CreateTimerEd)
    i._ZN7SysTime3IRQEv                      0x08001650   Section        0  systime.o(i._ZN7SysTime3IRQEv)
    i._ZN7SysTime3NowEv                      0x08001670   Section        0  systime.o(i._ZN7SysTime3NowEv)
    i._ZN7UIDLink10Pack_CheckEv              0x08001730   Section        0  uidlink.o(i._ZN7UIDLink10Pack_CheckEv)
    i._ZN7UIDLink12GetUnSigned8Eh            0x0800194e   Section        0  uidlink.o(i._ZN7UIDLink12GetUnSigned8Eh)
    i._ZN7UIDLink13FillUnSigned8Ehh          0x08001958   Section        0  uidlink.o(i._ZN7UIDLink13FillUnSigned8Ehh)
    i._ZN7UIDLink9Pack_SendEv                0x08001960   Section        0  uidlink.o(i._ZN7UIDLink9Pack_SendEv)
    i._ZN7UIDLinkC1ER4UARTPA3_hhhhhh         0x08001a08   Section        0  uidlink.o(i._ZN7UIDLinkC1ER4UARTPA3_hhhhhh)
    i._Znaj                                  0x08001a32   Section        0  array_new.o(i._Znaj)
    i._Znwj                                  0x08001a3c   Section        0  new.o(i._Znwj)
    i.__sti___8_main_cpp_Protocol            0x08001a64   Section        0  main.o(i.__sti___8_main_cpp_Protocol)
    __sti___8_main_cpp_Protocol              0x08001a65   Thumb Code    62  main.o(i.__sti___8_main_cpp_Protocol)
    i.main                                   0x08001ab0   Section        0  main.o(i.main)
    t._ZN10FIFOBufferIhLt500EE10RestOfSizeEv 0x08001b58   Section        0  uart.o(t._ZN10FIFOBufferIhLt500EE10RestOfSizeEv)
    t._ZN10FIFOBufferIhLt500EE4sizeEv        0x08001b68   Section        0  uart.o(t._ZN10FIFOBufferIhLt500EE4sizeEv)
    t._ZN10FIFOBufferIhLt500EE7GetDataERh    0x08001b70   Section        0  uart.o(t._ZN10FIFOBufferIhLt500EE7GetDataERh)
    t._ZN10FIFOBufferIhLt500EE7PutDataERKh   0x08001bac   Section        0  uart.o(t._ZN10FIFOBufferIhLt500EE7PutDataERKh)
    t._ZN10FIFOBufferIhLt500EE8GetDatasEPht  0x08001bee   Section        0  uart.o(t._ZN10FIFOBufferIhLt500EE8GetDatasEPht)
    t._ZN10FIFOBufferIhLt500EE8PutDatasEPht  0x08001c38   Section        0  uart.o(t._ZN10FIFOBufferIhLt500EE8PutDatasEPht)
    t._ZN10FIFOBufferIhLt500EEC1Ev           0x08001c88   Section        0  uart.o(t._ZN10FIFOBufferIhLt500EEC1Ev)
    x$fpl$dadd                               0x08001ca0   Section      336  daddsub_clz.o(x$fpl$dadd)
    _dadd1                                   0x08001cb1   Thumb Code     0  daddsub_clz.o(x$fpl$dadd)
    x$fpl$dcmpinf                            0x08001df0   Section       24  dcmpi.o(x$fpl$dcmpinf)
    x$fpl$ddiv                               0x08001e08   Section      688  ddiv.o(x$fpl$ddiv)
    ddiv_entry                               0x08001e0f   Thumb Code     0  ddiv.o(x$fpl$ddiv)
    x$fpl$dfltu                              0x080020b8   Section       38  dflt_clz.o(x$fpl$dfltu)
    x$fpl$dleqf                              0x080020e0   Section      120  dleqf.o(x$fpl$dleqf)
    x$fpl$dnaninf                            0x08002158   Section      156  dnaninf.o(x$fpl$dnaninf)
    x$fpl$dretinf                            0x080021f4   Section       12  dretinf.o(x$fpl$dretinf)
    x$fpl$drleqf                             0x08002200   Section      108  drleqf.o(x$fpl$drleqf)
    x$fpl$dsub                               0x0800226c   Section      468  daddsub_clz.o(x$fpl$dsub)
    _dsub1                                   0x0800227d   Thumb Code     0  daddsub_clz.o(x$fpl$dsub)
    .constdata                               0x08002440   Section      264  uart.o(.constdata)
    x$fpl$usenofp                            0x08002440   Section        0  usenofp.o(x$fpl$usenofp)
    .constdata                               0x08002548   Section       11  gpio.o(.constdata)
    .init_array                              0x08002574   Section        4  main.o(.init_array)
    .init_array                              0x08002578   Section        0  init_aeabi.o(.init_array)
    .data                                    0x20000000   Section        2  uart.o(.data)
    data                                     0x20000000   Data           1  uart.o(.data)
    data                                     0x20000001   Data           1  uart.o(.data)
    .data                                    0x20000002   Section       30  main.o(.data)
    .data                                    0x20000020   Section       37  systime.o(.data)
    .data                                    0x20000045   Section       20  stm32f10x_rcc.o(.data)
    APBAHBPrescTable                         0x20000045   Data          16  stm32f10x_rcc.o(.data)
    ADCPrescTable                            0x20000055   Data           4  stm32f10x_rcc.o(.data)
    .bss                                     0x2000005c   Section       20  uart.o(.bss)
    .bss                                     0x20000070   Section     1696  main.o(.bss)
    .bss                                     0x20000710   Section      320  systime.o(.bss)
    .bss                                     0x20000850   Section       96  libspace.o(.bss)
    HEAP                                     0x200008b0   Section     4096  startup_stm32f10x_hd.o(HEAP)
    Heap_Mem                                 0x200008b0   Data        4096  startup_stm32f10x_hd.o(HEAP)
    STACK                                    0x200018b0   Section     1024  startup_stm32f10x_hd.o(STACK)
    Stack_Mem                                0x200018b0   Data        1024  startup_stm32f10x_hd.o(STACK)
    __initial_sp                             0x20001cb0   Data           0  startup_stm32f10x_hd.o(STACK)

    Global Symbols

    Symbol Name                              Value     Ov Type        Size  Object(Section)

    BuildAttributes$$THM_ISAv4$P$D$K$B$S$PE$A:L22UL41UL21$X:L11$S22US41US21$IEEE1$IW$USESV6$~STKCKD$USESV7$~SHL$OTIME$ROPI$EBA8$UX$STANDARDLIB$REQ8$PRES8$EABIv2 0x00000000   Number         0  anon$$obj.o ABSOLUTE
    __ARM_use_no_argv                        0x00000000   Number         0  main.o ABSOLUTE
    SHT$$ARM_EXIDX$$Base                      - Undefined Reference
    SHT$$ARM_EXIDX$$Limit                     - Undefined Reference
    __ARM::default_unexpected_handler()       - Undefined Weak Reference
    __ARM_exceptions_buffer_required          - Undefined Weak Reference
    __ARM_exceptions_init                     - Undefined Weak Reference
    __aeabi_unwind_cpp_pr1                    - Undefined Weak Reference
    __aeabi_unwind_cpp_pr2                    - Undefined Weak Reference
    __alloca_initialize                       - Undefined Weak Reference
    __arm_preinit_                            - Undefined Weak Reference
    __cxa_begin_cleanup                       - Undefined Weak Reference
    __cxa_finalize                            - Undefined Weak Reference
    __cxa_type_match                          - Undefined Weak Reference
    __rt_locale                               - Undefined Weak Reference
    __sigvec_lookup                           - Undefined Weak Reference
    __user_heap_extent                        - Undefined Weak Reference
    _atexit_init                              - Undefined Weak Reference
    _call_atexit_fns                          - Undefined Weak Reference
    _clock_init                               - Undefined Weak Reference
    _fp_trap_init                             - Undefined Weak Reference
    _fp_trap_shutdown                         - Undefined Weak Reference
    _get_lc_collate                           - Undefined Weak Reference
    _get_lc_ctype                             - Undefined Weak Reference
    _get_lc_monetary                          - Undefined Weak Reference
    _get_lc_numeric                           - Undefined Weak Reference
    _get_lc_time                              - Undefined Weak Reference
    _getenv_init                              - Undefined Weak Reference
    _handle_redirection                       - Undefined Weak Reference
    _initio                                   - Undefined Weak Reference
    _mutex_acquire                            - Undefined Weak Reference
    _mutex_free                               - Undefined Weak Reference
    _mutex_release                            - Undefined Weak Reference
    _rand_init                                - Undefined Weak Reference
    _signal_finish                            - Undefined Weak Reference
    _signal_init                              - Undefined Weak Reference
    _terminateio                              - Undefined Weak Reference
    __Vectors_Size                           0x00000130   Number         0  startup_stm32f10x_hd.o ABSOLUTE
    __Vectors                                0x08000000   Data           4  startup_stm32f10x_hd.o(RESET)
    __Vectors_End                            0x08000130   Data           0  startup_stm32f10x_hd.o(RESET)
    __main                                   0x08000131   Thumb Code     8  __main.o(!!!main)
    __scatterload                            0x08000139   Thumb Code     0  __scatter.o(!!!scatter)
    __scatterload_rt2                        0x08000139   Thumb Code    44  __scatter.o(!!!scatter)
    __scatterload_rt2_thumb_only             0x08000139   Thumb Code     0  __scatter.o(!!!scatter)
    __scatterload_null                       0x08000147   Thumb Code     0  __scatter.o(!!!scatter)
    __scatterload_copy                       0x0800016d   Thumb Code    26  __scatter_copy.o(!!handler_copy)
    __scatterload_zeroinit                   0x08000189   Thumb Code    28  __scatter_zi.o(!!handler_zi)
    __rt_lib_init                            0x080001a5   Thumb Code     0  libinit.o(.ARM.Collect$$libinit$$00000000)
    __rt_lib_init_fp_1                       0x080001a7   Thumb Code     0  libinit2.o(.ARM.Collect$$libinit$$00000002)
    __rt_lib_init_heap_2                     0x080001a7   Thumb Code     0  libinit2.o(.ARM.Collect$$libinit$$00000005)
    __rt_lib_init_preinit_1                  0x080001a7   Thumb Code     0  libinit2.o(.ARM.Collect$$libinit$$00000004)
    __rt_lib_init_alloca_1                   0x080001af   Thumb Code     0  libinit2.o(.ARM.Collect$$libinit$$0000002E)
    __rt_lib_init_argv_1                     0x080001af   Thumb Code     0  libinit2.o(.ARM.Collect$$libinit$$0000002C)
    __rt_lib_init_atexit_1                   0x080001af   Thumb Code     0  libinit2.o(.ARM.Collect$$libinit$$0000001B)
    __rt_lib_init_clock_1                    0x080001af   Thumb Code     0  libinit2.o(.ARM.Collect$$libinit$$00000021)
    __rt_lib_init_cpp_2                      0x080001af   Thumb Code     0  libinit2.o(.ARM.Collect$$libinit$$00000031)
    __rt_lib_init_exceptions_1               0x080001af   Thumb Code     0  libinit2.o(.ARM.Collect$$libinit$$00000030)
    __rt_lib_init_fp_trap_1                  0x080001af   Thumb Code     0  libinit2.o(.ARM.Collect$$libinit$$0000001F)
    __rt_lib_init_getenv_1                   0x080001af   Thumb Code     0  libinit2.o(.ARM.Collect$$libinit$$00000023)
    __rt_lib_init_heap_1                     0x080001af   Thumb Code     0  libinit2.o(.ARM.Collect$$libinit$$0000000A)
    __rt_lib_init_lc_collate_1               0x080001af   Thumb Code     0  libinit2.o(.ARM.Collect$$libinit$$00000011)
    __rt_lib_init_lc_ctype_1                 0x080001af   Thumb Code     0  libinit2.o(.ARM.Collect$$libinit$$00000013)
    __rt_lib_init_lc_monetary_1              0x080001af   Thumb Code     0  libinit2.o(.ARM.Collect$$libinit$$00000015)
    __rt_lib_init_lc_numeric_1               0x080001af   Thumb Code     0  libinit2.o(.ARM.Collect$$libinit$$00000017)
    __rt_lib_init_lc_time_1                  0x080001af   Thumb Code     0  libinit2.o(.ARM.Collect$$libinit$$00000019)
    __rt_lib_init_rand_1                     0x080001af   Thumb Code     0  libinit2.o(.ARM.Collect$$libinit$$0000000E)
    __rt_lib_init_signal_1                   0x080001af   Thumb Code     0  libinit2.o(.ARM.Collect$$libinit$$0000001D)
    __rt_lib_init_stdio_1                    0x080001af   Thumb Code     0  libinit2.o(.ARM.Collect$$libinit$$00000025)
    __rt_lib_init_user_alloc_1               0x080001af   Thumb Code     0  libinit2.o(.ARM.Collect$$libinit$$0000000C)
    __rt_lib_init_cpp_1                      0x080001b3   Thumb Code     0  libinit2.o(.ARM.Collect$$libinit$$00000032)
    __rt_lib_init_return                     0x080001b3   Thumb Code     0  libinit2.o(.ARM.Collect$$libinit$$00000033)
    __rt_lib_shutdown                        0x080001b5   Thumb Code     0  libshutdown.o(.ARM.Collect$$libshutdown$$00000000)
    __rt_lib_shutdown_fp_trap_1              0x080001b7   Thumb Code     0  libshutdown2.o(.ARM.Collect$$libshutdown$$00000006)
    __rt_lib_shutdown_heap_1                 0x080001b7   Thumb Code     0  libshutdown2.o(.ARM.Collect$$libshutdown$$0000000E)
    __rt_lib_shutdown_return                 0x080001b7   Thumb Code     0  libshutdown2.o(.ARM.Collect$$libshutdown$$0000000F)
    __rt_lib_shutdown_signal_1               0x080001b7   Thumb Code     0  libshutdown2.o(.ARM.Collect$$libshutdown$$00000009)
    __rt_lib_shutdown_stdio_1                0x080001b7   Thumb Code     0  libshutdown2.o(.ARM.Collect$$libshutdown$$00000003)
    __rt_lib_shutdown_user_alloc_1           0x080001b7   Thumb Code     0  libshutdown2.o(.ARM.Collect$$libshutdown$$0000000B)
    __rt_entry                               0x080001b9   Thumb Code     0  __rtentry.o(.ARM.Collect$$rtentry$$00000000)
    __rt_entry_presh_1                       0x080001b9   Thumb Code     0  __rtentry2.o(.ARM.Collect$$rtentry$$00000002)
    __rt_entry_sh                            0x080001b9   Thumb Code     0  __rtentry4.o(.ARM.Collect$$rtentry$$00000004)
    __rt_entry_li                            0x080001bf   Thumb Code     0  __rtentry2.o(.ARM.Collect$$rtentry$$0000000A)
    __rt_entry_postsh_1                      0x080001bf   Thumb Code     0  __rtentry2.o(.ARM.Collect$$rtentry$$00000009)
    __rt_entry_main                          0x080001c3   Thumb Code     0  __rtentry2.o(.ARM.Collect$$rtentry$$0000000D)
    __rt_entry_postli_1                      0x080001c3   Thumb Code     0  __rtentry2.o(.ARM.Collect$$rtentry$$0000000C)
    __rt_exit                                0x080001cb   Thumb Code     0  rtexit.o(.ARM.Collect$$rtexit$$00000000)
    __rt_exit_ls                             0x080001cd   Thumb Code     0  rtexit2.o(.ARM.Collect$$rtexit$$00000003)
    __rt_exit_prels_1                        0x080001cd   Thumb Code     0  rtexit2.o(.ARM.Collect$$rtexit$$00000002)
    __rt_exit_exit                           0x080001d1   Thumb Code     0  rtexit2.o(.ARM.Collect$$rtexit$$00000004)
    Reset_Handler                            0x080001d9   Thumb Code     8  startup_stm32f10x_hd.o(.text)
    _maybe_terminate_alloc                   0x080001d9   Thumb Code     0  maybetermalloc1.o(.emb_text)
    NMI_Handler                              0x080001e1   Thumb Code     2  startup_stm32f10x_hd.o(.text)
    HardFault_Handler                        0x080001e3   Thumb Code     2  startup_stm32f10x_hd.o(.text)
    MemManage_Handler                        0x080001e5   Thumb Code     2  startup_stm32f10x_hd.o(.text)
    BusFault_Handler                         0x080001e7   Thumb Code     2  startup_stm32f10x_hd.o(.text)
    UsageFault_Handler                       0x080001e9   Thumb Code     2  startup_stm32f10x_hd.o(.text)
    SVC_Handler                              0x080001eb   Thumb Code     2  startup_stm32f10x_hd.o(.text)
    DebugMon_Handler                         0x080001ed   Thumb Code     2  startup_stm32f10x_hd.o(.text)
    PendSV_Handler                           0x080001ef   Thumb Code     2  startup_stm32f10x_hd.o(.text)
    ADC1_2_IRQHandler                        0x080001f3   Thumb Code     0  startup_stm32f10x_hd.o(.text)
    ADC3_IRQHandler                          0x080001f3   Thumb Code     0  startup_stm32f10x_hd.o(.text)
    CAN1_RX1_IRQHandler                      0x080001f3   Thumb Code     0  startup_stm32f10x_hd.o(.text)
    CAN1_SCE_IRQHandler                      0x080001f3   Thumb Code     0  startup_stm32f10x_hd.o(.text)
    DMA1_Channel1_IRQHandler                 0x080001f3   Thumb Code     0  startup_stm32f10x_hd.o(.text)
    DMA1_Channel2_IRQHandler                 0x080001f3   Thumb Code     0  startup_stm32f10x_hd.o(.text)
    DMA1_Channel3_IRQHandler                 0x080001f3   Thumb Code     0  startup_stm32f10x_hd.o(.text)
    DMA1_Channel4_IRQHandler                 0x080001f3   Thumb Code     0  startup_stm32f10x_hd.o(.text)
    DMA1_Channel5_IRQHandler                 0x080001f3   Thumb Code     0  startup_stm32f10x_hd.o(.text)
    DMA1_Channel6_IRQHandler                 0x080001f3   Thumb Code     0  startup_stm32f10x_hd.o(.text)
    DMA1_Channel7_IRQHandler                 0x080001f3   Thumb Code     0  startup_stm32f10x_hd.o(.text)
    DMA2_Channel1_IRQHandler                 0x080001f3   Thumb Code     0  startup_stm32f10x_hd.o(.text)
    DMA2_Channel2_IRQHandler                 0x080001f3   Thumb Code     0  startup_stm32f10x_hd.o(.text)
    DMA2_Channel3_IRQHandler                 0x080001f3   Thumb Code     0  startup_stm32f10x_hd.o(.text)
    DMA2_Channel4_5_IRQHandler               0x080001f3   Thumb Code     0  startup_stm32f10x_hd.o(.text)
    EXTI0_IRQHandler                         0x080001f3   Thumb Code     0  startup_stm32f10x_hd.o(.text)
    EXTI15_10_IRQHandler                     0x080001f3   Thumb Code     0  startup_stm32f10x_hd.o(.text)
    EXTI1_IRQHandler                         0x080001f3   Thumb Code     0  startup_stm32f10x_hd.o(.text)
    EXTI2_IRQHandler                         0x080001f3   Thumb Code     0  startup_stm32f10x_hd.o(.text)
    EXTI3_IRQHandler                         0x080001f3   Thumb Code     0  startup_stm32f10x_hd.o(.text)
    EXTI4_IRQHandler                         0x080001f3   Thumb Code     0  startup_stm32f10x_hd.o(.text)
    EXTI9_5_IRQHandler                       0x080001f3   Thumb Code     0  startup_stm32f10x_hd.o(.text)
    FLASH_IRQHandler                         0x080001f3   Thumb Code     0  startup_stm32f10x_hd.o(.text)
    FSMC_IRQHandler                          0x080001f3   Thumb Code     0  startup_stm32f10x_hd.o(.text)
    I2C1_ER_IRQHandler                       0x080001f3   Thumb Code     0  startup_stm32f10x_hd.o(.text)
    I2C1_EV_IRQHandler                       0x080001f3   Thumb Code     0  startup_stm32f10x_hd.o(.text)
    I2C2_ER_IRQHandler                       0x080001f3   Thumb Code     0  startup_stm32f10x_hd.o(.text)
    I2C2_EV_IRQHandler                       0x080001f3   Thumb Code     0  startup_stm32f10x_hd.o(.text)
    PVD_IRQHandler                           0x080001f3   Thumb Code     0  startup_stm32f10x_hd.o(.text)
    RCC_IRQHandler                           0x080001f3   Thumb Code     0  startup_stm32f10x_hd.o(.text)
    RTCAlarm_IRQHandler                      0x080001f3   Thumb Code     0  startup_stm32f10x_hd.o(.text)
    RTC_IRQHandler                           0x080001f3   Thumb Code     0  startup_stm32f10x_hd.o(.text)
    SDIO_IRQHandler                          0x080001f3   Thumb Code     0  startup_stm32f10x_hd.o(.text)
    SPI1_IRQHandler                          0x080001f3   Thumb Code     0  startup_stm32f10x_hd.o(.text)
    SPI2_IRQHandler                          0x080001f3   Thumb Code     0  startup_stm32f10x_hd.o(.text)
    SPI3_IRQHandler                          0x080001f3   Thumb Code     0  startup_stm32f10x_hd.o(.text)
    TAMPER_IRQHandler                        0x080001f3   Thumb Code     0  startup_stm32f10x_hd.o(.text)
    TIM1_BRK_IRQHandler                      0x080001f3   Thumb Code     0  startup_stm32f10x_hd.o(.text)
    TIM1_CC_IRQHandler                       0x080001f3   Thumb Code     0  startup_stm32f10x_hd.o(.text)
    TIM1_TRG_COM_IRQHandler                  0x080001f3   Thumb Code     0  startup_stm32f10x_hd.o(.text)
    TIM1_UP_IRQHandler                       0x080001f3   Thumb Code     0  startup_stm32f10x_hd.o(.text)
    TIM2_IRQHandler                          0x080001f3   Thumb Code     0  startup_stm32f10x_hd.o(.text)
    TIM3_IRQHandler                          0x080001f3   Thumb Code     0  startup_stm32f10x_hd.o(.text)
    TIM4_IRQHandler                          0x080001f3   Thumb Code     0  startup_stm32f10x_hd.o(.text)
    TIM5_IRQHandler                          0x080001f3   Thumb Code     0  startup_stm32f10x_hd.o(.text)
    TIM6_IRQHandler                          0x080001f3   Thumb Code     0  startup_stm32f10x_hd.o(.text)
    TIM7_IRQHandler                          0x080001f3   Thumb Code     0  startup_stm32f10x_hd.o(.text)
    TIM8_BRK_IRQHandler                      0x080001f3   Thumb Code     0  startup_stm32f10x_hd.o(.text)
    TIM8_CC_IRQHandler                       0x080001f3   Thumb Code     0  startup_stm32f10x_hd.o(.text)
    TIM8_TRG_COM_IRQHandler                  0x080001f3   Thumb Code     0  startup_stm32f10x_hd.o(.text)
    TIM8_UP_IRQHandler                       0x080001f3   Thumb Code     0  startup_stm32f10x_hd.o(.text)
    UART4_IRQHandler                         0x080001f3   Thumb Code     0  startup_stm32f10x_hd.o(.text)
    UART5_IRQHandler                         0x080001f3   Thumb Code     0  startup_stm32f10x_hd.o(.text)
    USART1_IRQHandler                        0x080001f3   Thumb Code     0  startup_stm32f10x_hd.o(.text)
    USART2_IRQHandler                        0x080001f3   Thumb Code     0  startup_stm32f10x_hd.o(.text)
    USART3_IRQHandler                        0x080001f3   Thumb Code     0  startup_stm32f10x_hd.o(.text)
    USBWakeUp_IRQHandler                     0x080001f3   Thumb Code     0  startup_stm32f10x_hd.o(.text)
    USB_HP_CAN1_TX_IRQHandler                0x080001f3   Thumb Code     0  startup_stm32f10x_hd.o(.text)
    USB_LP_CAN1_RX0_IRQHandler               0x080001f3   Thumb Code     0  startup_stm32f10x_hd.o(.text)
    WWDG_IRQHandler                          0x080001f3   Thumb Code     0  startup_stm32f10x_hd.o(.text)
    __user_initial_stackheap                 0x080001f5   Thumb Code     0  startup_stm32f10x_hd.o(.text)
    __aeabi_memcpy4                          0x08000219   Thumb Code     0  rt_memcpy_w.o(.text)
    __aeabi_memcpy8                          0x08000219   Thumb Code     0  rt_memcpy_w.o(.text)
    __rt_memcpy_w                            0x08000219   Thumb Code   100  rt_memcpy_w.o(.text)
    _memcpy_lastbytes_aligned                0x08000261   Thumb Code     0  rt_memcpy_w.o(.text)
    __use_two_region_memory                  0x0800027d   Thumb Code     2  heapauxi.o(.text)
    __rt_heap_escrow                         0x0800027f   Thumb Code     2  heapauxi.o(.text)
    __rt_heap_expand                         0x08000281   Thumb Code     2  heapauxi.o(.text)
    __cpp_initialize__aeabi_                 0x08000285   Thumb Code    26  init_aeabi.o(.text)
    __rt_new_handler_addr                    0x080002a9   Thumb Code     8  rt_new_handler_addr_intlibspace.o(.text)
    malloc                                   0x080002b1   Thumb Code    94  h1_alloc.o(.text)
    __default_new_handler()                  0x0800030f   Thumb Code     4  arm_newhandler_noexceptions.o(.text)
    std::terminate()                         0x08000313   Thumb Code    26  arm_exceptions_terminate.o(.text)
    __cxa_get_globals                        0x08000333   Thumb Code    62  arm_exceptions_globs.o(.text)
    __user_libspace                          0x0800037d   Thumb Code     8  libspace.o(.text)
    __user_perproc_libspace                  0x0800037d   Thumb Code     0  libspace.o(.text)
    __user_perthread_libspace                0x0800037d   Thumb Code     0  libspace.o(.text)
    __user_setup_stackheap                   0x08000385   Thumb Code    74  sys_stackheap_outer.o(.text)
    __rt_heap_descriptor                     0x080003d1   Thumb Code     8  rt_heap_descriptor_intlibspace.o(.text)
    __rt_eh_globals_addr                     0x080003d9   Thumb Code     8  rt_eh_globals_addr_intlibspace.o(.text)
    __use_no_heap                            0x080003e1   Thumb Code     2  hguard.o(.text)
    __heap$guard                             0x080003e3   Thumb Code     2  hguard.o(.text)
    _terminate_user_alloc                    0x080003e5   Thumb Code     2  init_alloc.o(.text)
    _init_user_alloc                         0x080003e7   Thumb Code     2  init_alloc.o(.text)
    __Heap_Full                              0x080003e9   Thumb Code    34  init_alloc.o(.text)
    __Heap_Broken                            0x0800040b   Thumb Code     6  init_alloc.o(.text)
    _init_alloc                              0x08000411   Thumb Code    94  init_alloc.o(.text)
    __Heap_Initialize                        0x0800046f   Thumb Code    10  h1_init.o(.text)
    __Heap_DescSize                          0x08000479   Thumb Code     4  h1_init.o(.text)
    free                                     0x0800047d   Thumb Code    78  h1_free.o(.text)
    exit                                     0x080004cb   Thumb Code    12  exit.o(.text)
    abort                                    0x080004d7   Thumb Code    16  abort.o(.text)
    __ARM_exceptions_buffer_init             0x080004e7   Thumb Code    18  arm_exceptions_mem.o(.text)
    __ARM_exceptions_buffer_allocate         0x080004f9   Thumb Code    22  arm_exceptions_mem.o(.text)
    __ARM_exceptions_buffer_free             0x0800050f   Thumb Code    20  arm_exceptions_mem.o(.text)
    _sys_exit                                0x08000525   Thumb Code     8  sys_exit.o(.text)
    __Heap_ProvideMemory                     0x08000531   Thumb Code    52  h1_extend.o(.text)
    __rt_SIGABRT                             0x08000565   Thumb Code    14  defsig_abrt_outer.o(.text)
    __rt_SIGRTMEM                            0x08000573   Thumb Code    14  defsig_rtmem_outer.o(.text)
    __I$use$semihosting                      0x08000581   Thumb Code     0  use_no_semi.o(.text)
    __use_no_semihosting_swi                 0x08000581   Thumb Code     2  use_no_semi.o(.text)
    __semihosting_library_function           0x08000583   Thumb Code     0  indicate_semi.o(.text)
    __sig_exit                               0x08000583   Thumb Code    10  defsig_exit.o(.text)
    __rt_SIGABRT_inner                       0x0800058d   Thumb Code    14  defsig_abrt_inner.o(.text)
    __rt_SIGRTMEM_inner                      0x080005bd   Thumb Code    22  defsig_rtmem_inner.o(.text)
    __default_signal_display                 0x0800060d   Thumb Code    50  defsig_general.o(.text)
    _ttywrch                                 0x0800063f   Thumb Code    14  sys_wrch.o(.text)
    DMA_Cmd                                  0x0800064d   Thumb Code    24  stm32f10x_dma.o(i.DMA_Cmd)
    DMA_DeInit                               0x08000665   Thumb Code   324  stm32f10x_dma.o(i.DMA_DeInit)
    DMA_ITConfig                             0x080007b1   Thumb Code    18  stm32f10x_dma.o(i.DMA_ITConfig)
    DMA_Init                                 0x080007c3   Thumb Code    60  stm32f10x_dma.o(i.DMA_Init)
    GPIO_Init                                0x080007ff   Thumb Code   278  stm32f10x_gpio.o(i.GPIO_Init)
    GPIO_PinRemapConfig                      0x08000915   Thumb Code   138  stm32f10x_gpio.o(i.GPIO_PinRemapConfig)
    GPIO_SetBits                             0x080009a5   Thumb Code     4  stm32f10x_gpio.o(i.GPIO_SetBits)
    NVIC_Init                                0x080009a9   Thumb Code   100  misc.o(i.NVIC_Init)
    NVIC_PriorityGroupConfig                 0x08000a19   Thumb Code    10  misc.o(i.NVIC_PriorityGroupConfig)
    RCC_AHBPeriphClockCmd                    0x08000a2d   Thumb Code    26  stm32f10x_rcc.o(i.RCC_AHBPeriphClockCmd)
    RCC_APB1PeriphClockCmd                   0x08000a4d   Thumb Code    26  stm32f10x_rcc.o(i.RCC_APB1PeriphClockCmd)
    RCC_APB2PeriphClockCmd                   0x08000a6d   Thumb Code    26  stm32f10x_rcc.o(i.RCC_APB2PeriphClockCmd)
    RCC_GetClocksFreq                        0x08000a8d   Thumb Code   192  stm32f10x_rcc.o(i.RCC_GetClocksFreq)
    SysTick_Handler                          0x08000c49   Thumb Code     8  systime.o(i.SysTick_Handler)
    SystemInit                               0x08000c51   Thumb Code    78  system_stm32f10x.o(i.SystemInit)
    USART_ClearFlag                          0x08000cb1   Thumb Code    18  stm32f10x_usart.o(i.USART_ClearFlag)
    USART_ClearITPendingBit                  0x08000cc3   Thumb Code    30  stm32f10x_usart.o(i.USART_ClearITPendingBit)
    USART_Cmd                                0x08000ce1   Thumb Code    24  stm32f10x_usart.o(i.USART_Cmd)
    USART_DMACmd                             0x08000cf9   Thumb Code    18  stm32f10x_usart.o(i.USART_DMACmd)
    USART_GetFlagStatus                      0x08000d0b   Thumb Code    26  stm32f10x_usart.o(i.USART_GetFlagStatus)
    USART_ITConfig                           0x08000d25   Thumb Code    74  stm32f10x_usart.o(i.USART_ITConfig)
    USART_Init                               0x08000d71   Thumb Code   210  stm32f10x_usart.o(i.USART_Init)
    USART_SendData                           0x08000e49   Thumb Code     8  stm32f10x_usart.o(i.USART_SendData)
    LED_Init()                               0x08000e51   Thumb Code    72  main.o(i._Z8LED_Initv)
    GPIO::GPIO(GPIO_TypeDef*, unsigned short, GPIOMode_TypeDef, GPIOSpeed_TypeDef, bool) 0x08000ea1   Thumb Code   152  gpio.o(i._ZN4GPIOC1EP12GPIO_TypeDeft16GPIOMode_TypeDef17GPIOSpeed_TypeDefb)
    GPIO::GPIO__sub_object(GPIO_TypeDef*, unsigned short, GPIOMode_TypeDef, GPIOSpeed_TypeDef, bool) 0x08000ea1   Thumb Code     0  gpio.o(i._ZN4GPIOC1EP12GPIO_TypeDeft16GPIOMode_TypeDef17GPIOSpeed_TypeDefb)
    UART::RXDMA_Init(unsigned char)          0x08000f55   Thumb Code   186  uart.o(i._ZN4UART10RXDMA_InitEh)
    UART::TXDMA_Init(unsigned char)          0x08001015   Thumb Code   208  uart.o(i._ZN4UART10TXDMA_InitEh)
    UART::SendByte(unsigned char)            0x080010e9   Thumb Code   220  uart.o(i._ZN4UART8SendByteEh)
    UART::SendBytes(unsigned char*, unsigned short) 0x080011c9   Thumb Code   230  uart.o(i._ZN4UART9SendBytesEPht)
    UART::UART(unsigned char, unsigned, bool, bool, bool, unsigned short, unsigned short, unsigned short) 0x080012b5   Thumb Code   680  uart.o(i._ZN4UARTC1Ehjbbbttt)
    UART::UART__sub_object(unsigned char, unsigned, bool, bool, bool, unsigned short, unsigned short, unsigned short) 0x080012b5   Thumb Code     0  uart.o(i._ZN4UARTC1Ehjbbbttt)
    SysTime::CheckTimer(unsigned char)       0x08001571   Thumb Code    80  systime.o(i._ZN7SysTime10CheckTimerEh)
    SysTime::Initialize()                    0x080015c9   Thumb Code    40  systime.o(i._ZN7SysTime10InitializeEv)
    SysTime::CreateTimer(double)             0x080015f9   Thumb Code    76  systime.o(i._ZN7SysTime11CreateTimerEd)
    SysTime::IRQ()                           0x08001651   Thumb Code    20  systime.o(i._ZN7SysTime3IRQEv)
    SysTime::Now()                           0x08001671   Thumb Code   152  systime.o(i._ZN7SysTime3NowEv)
    UIDLink::Pack_Check()                    0x08001731   Thumb Code   542  uidlink.o(i._ZN7UIDLink10Pack_CheckEv)
    UIDLink::GetUnSigned8(unsigned char)     0x0800194f   Thumb Code    10  uidlink.o(i._ZN7UIDLink12GetUnSigned8Eh)
    UIDLink::FillUnSigned8(unsigned char, unsigned char) 0x08001959   Thumb Code     8  uidlink.o(i._ZN7UIDLink13FillUnSigned8Ehh)
    UIDLink::Pack_Send()                     0x08001961   Thumb Code   168  uidlink.o(i._ZN7UIDLink9Pack_SendEv)
    UIDLink::UIDLink(UART&, unsigned char(*)[3], unsigned char, unsigned char, unsigned char, unsigned char, unsigned char) 0x08001a09   Thumb Code    42  uidlink.o(i._ZN7UIDLinkC1ER4UARTPA3_hhhhhh)
    UIDLink::UIDLink__sub_object(UART&, unsigned char(*)[3], unsigned char, unsigned char, unsigned char, unsigned char, unsigned char) 0x08001a09   Thumb Code     0  uidlink.o(i._ZN7UIDLinkC1ER4UARTPA3_hhhhhh)
    operator new[] (unsigned)                0x08001a33   Thumb Code     8  array_new.o(i._Znaj)
    operator new(unsigned)                   0x08001a3d   Thumb Code    34  new.o(i._Znwj)
    main                                     0x08001ab1   Thumb Code   140  main.o(i.main)
    FIFOBuffer<unsigned char, (unsigned short)500>::RestOfSize() 0x08001b59   Thumb Code    16  uart.o(t._ZN10FIFOBufferIhLt500EE10RestOfSizeEv)
    FIFOBuffer<unsigned char, (unsigned short)500>::size() 0x08001b69   Thumb Code     8  uart.o(t._ZN10FIFOBufferIhLt500EE4sizeEv)
    FIFOBuffer<unsigned char, (unsigned short)500>::GetData(unsigned char&) 0x08001b71   Thumb Code    60  uart.o(t._ZN10FIFOBufferIhLt500EE7GetDataERh)
    FIFOBuffer<unsigned char, (unsigned short)500>::PutData(const unsigned char&) 0x08001bad   Thumb Code    66  uart.o(t._ZN10FIFOBufferIhLt500EE7PutDataERKh)
    FIFOBuffer<unsigned char, (unsigned short)500>::GetDatas(unsigned char*, unsigned short) 0x08001bef   Thumb Code    74  uart.o(t._ZN10FIFOBufferIhLt500EE8GetDatasEPht)
    FIFOBuffer<unsigned char, (unsigned short)500>::PutDatas(unsigned char*, unsigned short) 0x08001c39   Thumb Code    80  uart.o(t._ZN10FIFOBufferIhLt500EE8PutDatasEPht)
    FIFOBuffer<unsigned char, (unsigned short)500>::FIFOBuffer() 0x08001c89   Thumb Code    24  uart.o(t._ZN10FIFOBufferIhLt500EEC1Ev)
    FIFOBuffer<unsigned char, (unsigned short)500>::FIFOBuffer__sub_object() 0x08001c89   Thumb Code     0  uart.o(t._ZN10FIFOBufferIhLt500EEC1Ev)
    __aeabi_dadd                             0x08001ca1   Thumb Code     0  daddsub_clz.o(x$fpl$dadd)
    _dadd                                    0x08001ca1   Thumb Code   332  daddsub_clz.o(x$fpl$dadd)
    __fpl_dcmp_Inf                           0x08001df1   Thumb Code    24  dcmpi.o(x$fpl$dcmpinf)
    __aeabi_ddiv                             0x08001e09   Thumb Code     0  ddiv.o(x$fpl$ddiv)
    _ddiv                                    0x08001e09   Thumb Code   552  ddiv.o(x$fpl$ddiv)
    __aeabi_ui2d                             0x080020b9   Thumb Code     0  dflt_clz.o(x$fpl$dfltu)
    _dfltu                                   0x080020b9   Thumb Code    38  dflt_clz.o(x$fpl$dfltu)
    __aeabi_cdcmple                          0x080020e1   Thumb Code     0  dleqf.o(x$fpl$dleqf)
    _dcmple                                  0x080020e1   Thumb Code   120  dleqf.o(x$fpl$dleqf)
    __fpl_dcmple_InfNaN                      0x08002143   Thumb Code     0  dleqf.o(x$fpl$dleqf)
    __fpl_dnaninf                            0x08002159   Thumb Code   156  dnaninf.o(x$fpl$dnaninf)
    __fpl_dretinf                            0x080021f5   Thumb Code    12  dretinf.o(x$fpl$dretinf)
    __aeabi_cdrcmple                         0x08002201   Thumb Code     0  drleqf.o(x$fpl$drleqf)
    _drcmple                                 0x08002201   Thumb Code   108  drleqf.o(x$fpl$drleqf)
    __aeabi_dsub                             0x0800226d   Thumb Code     0  daddsub_clz.o(x$fpl$dsub)
    _dsub                                    0x0800226d   Thumb Code   464  daddsub_clz.o(x$fpl$dsub)
    __I$use$fp                               0x08002440   Number         0  usenofp.o(x$fpl$usenofp)
    GPIOSpeed::LOW                           0x08002548   Data           1  gpio.o(.constdata)
    GPIOSpeed::MID                           0x08002549   Data           1  gpio.o(.constdata)
    GPIOSpeed::HIGH                          0x0800254a   Data           1  gpio.o(.constdata)
    GPIOMode::IN_Analog                      0x0800254b   Data           1  gpio.o(.constdata)
    GPIOMode::IN_FLOATING                    0x0800254c   Data           1  gpio.o(.constdata)
    GPIOMode::IN_PD                          0x0800254d   Data           1  gpio.o(.constdata)
    GPIOMode::IN_PU                          0x0800254e   Data           1  gpio.o(.constdata)
    GPIOMode::OUT_OD                         0x0800254f   Data           1  gpio.o(.constdata)
    GPIOMode::OUT_PP                         0x08002550   Data           1  gpio.o(.constdata)
    GPIOMode::OUT_OD_AF                      0x08002551   Data           1  gpio.o(.constdata)
    GPIOMode::OUT_PP_AF                      0x08002552   Data           1  gpio.o(.constdata)
    Region$$Table$$Base                      0x08002554   Number         0  anon$$obj.o(Region$$Table)
    Region$$Table$$Limit                     0x08002574   Number         0  anon$$obj.o(Region$$Table)
    SHT$$INIT_ARRAY$$Base                    0x08002574   Number         0  main.o(.init_array)
    SHT$$INIT_ARRAY$$Limit                   0x08002578   Number         0  init_aeabi.o(.init_array)
    Protocol                                 0x20000002   Data          30  main.o(.data)
    SysTime::_oldTime                        0x20000020   Data           8  systime.o(.data)
    SysTime::_currentTime                    0x20000028   Data           8  systime.o(.data)
    SysTime::_interruptTime                  0x20000030   Data           8  systime.o(.data)
    SysTime::_deltaT                         0x20000038   Data           8  systime.o(.data)
    SysTime::_countTimer                     0x20000040   Data           4  systime.o(.data)
    SysTime::_IsReady                        0x20000044   Data           1  systime.o(.data)
    UART::pUART                              0x2000005c   Data          20  uart.o(.bss)
    com1                                     0x20000070   Data        1068  main.o(.bss)
    _UIDLink                                 0x2000049c   Data         628  main.o(.bss)
    SysTime::_lastTimer                      0x20000710   Data         320  systime.o(.bss)
    __libspace_start                         0x20000850   Data          96  libspace.o(.bss)
    __temporary_stack_top$libspace           0x200008b0   Data           0  libspace.o(.bss)



==============================================================================

Memory Map of the image

  Image Entry point : 0x08000131

  Load Region LR_IROM1 (Base: 0x08000000, Size: 0x000025d4, Max: 0x00040000, ABSOLUTE)

    Execution Region ER_IROM1 (Base: 0x08000000, Size: 0x00002578, Max: 0x00040000, ABSOLUTE)

    Base Addr    Size         Type   Attr      Idx    E Section Name        Object

    0x08000000   0x00000130   Data   RO         3492    RESET               startup_stm32f10x_hd.o
    0x08000130   0x00000008   Code   RO         3551  * !!!main             c_w.l(__main.o)
    0x08000138   0x00000034   Code   RO         4106    !!!scatter          c_w.l(__scatter.o)
    0x0800016c   0x0000001a   Code   RO         4108    !!handler_copy      c_w.l(__scatter_copy.o)
    0x08000186   0x00000002   PAD
    0x08000188   0x0000001c   Code   RO         4110    !!handler_zi        c_w.l(__scatter_zi.o)
    0x080001a4   0x00000002   Code   RO         3996    .ARM.Collect$$libinit$$00000000  c_w.l(libinit.o)
    0x080001a6   0x00000000   Code   RO         3729    .ARM.Collect$$libinit$$00000002  c_w.l(libinit2.o)
    0x080001a6   0x00000000   Code   RO         3731    .ARM.Collect$$libinit$$00000004  c_w.l(libinit2.o)
    0x080001a6   0x00000008   Code   RO         3732    .ARM.Collect$$libinit$$00000005  c_w.l(libinit2.o)
    0x080001ae   0x00000000   Code   RO         3734    .ARM.Collect$$libinit$$0000000A  c_w.l(libinit2.o)
    0x080001ae   0x00000000   Code   RO         3736    .ARM.Collect$$libinit$$0000000C  c_w.l(libinit2.o)
    0x080001ae   0x00000000   Code   RO         3738    .ARM.Collect$$libinit$$0000000E  c_w.l(libinit2.o)
    0x080001ae   0x00000000   Code   RO         3741    .ARM.Collect$$libinit$$00000011  c_w.l(libinit2.o)
    0x080001ae   0x00000000   Code   RO         3743    .ARM.Collect$$libinit$$00000013  c_w.l(libinit2.o)
    0x080001ae   0x00000000   Code   RO         3745    .ARM.Collect$$libinit$$00000015  c_w.l(libinit2.o)
    0x080001ae   0x00000000   Code   RO         3747    .ARM.Collect$$libinit$$00000017  c_w.l(libinit2.o)
    0x080001ae   0x00000000   Code   RO         3749    .ARM.Collect$$libinit$$00000019  c_w.l(libinit2.o)
    0x080001ae   0x00000000   Code   RO         3751    .ARM.Collect$$libinit$$0000001B  c_w.l(libinit2.o)
    0x080001ae   0x00000000   Code   RO         3753    .ARM.Collect$$libinit$$0000001D  c_w.l(libinit2.o)
    0x080001ae   0x00000000   Code   RO         3755    .ARM.Collect$$libinit$$0000001F  c_w.l(libinit2.o)
    0x080001ae   0x00000000   Code   RO         3757    .ARM.Collect$$libinit$$00000021  c_w.l(libinit2.o)
    0x080001ae   0x00000000   Code   RO         3759    .ARM.Collect$$libinit$$00000023  c_w.l(libinit2.o)
    0x080001ae   0x00000000   Code   RO         3761    .ARM.Collect$$libinit$$00000025  c_w.l(libinit2.o)
    0x080001ae   0x00000000   Code   RO         3765    .ARM.Collect$$libinit$$0000002C  c_w.l(libinit2.o)
    0x080001ae   0x00000000   Code   RO         3767    .ARM.Collect$$libinit$$0000002E  c_w.l(libinit2.o)
    0x080001ae   0x00000000   Code   RO         3769    .ARM.Collect$$libinit$$00000030  c_w.l(libinit2.o)
    0x080001ae   0x00000004   Code   RO         3770    .ARM.Collect$$libinit$$00000031  c_w.l(libinit2.o)
    0x080001b2   0x00000000   Code   RO         3771    .ARM.Collect$$libinit$$00000032  c_w.l(libinit2.o)
    0x080001b2   0x00000002   Code   RO         3772    .ARM.Collect$$libinit$$00000033  c_w.l(libinit2.o)
    0x080001b4   0x00000002   Code   RO         4072    .ARM.Collect$$libshutdown$$00000000  c_w.l(libshutdown.o)
    0x080001b6   0x00000000   Code   RO         4075    .ARM.Collect$$libshutdown$$00000003  c_w.l(libshutdown2.o)
    0x080001b6   0x00000000   Code   RO         4078    .ARM.Collect$$libshutdown$$00000006  c_w.l(libshutdown2.o)
    0x080001b6   0x00000000   Code   RO         4081    .ARM.Collect$$libshutdown$$00000009  c_w.l(libshutdown2.o)
    0x080001b6   0x00000000   Code   RO         4083    .ARM.Collect$$libshutdown$$0000000B  c_w.l(libshutdown2.o)
    0x080001b6   0x00000000   Code   RO         4086    .ARM.Collect$$libshutdown$$0000000E  c_w.l(libshutdown2.o)
    0x080001b6   0x00000002   Code   RO         4087    .ARM.Collect$$libshutdown$$0000000F  c_w.l(libshutdown2.o)
    0x080001b8   0x00000000   Code   RO         3725    .ARM.Collect$$rtentry$$00000000  c_w.l(__rtentry.o)
    0x080001b8   0x00000000   Code   RO         3819    .ARM.Collect$$rtentry$$00000002  c_w.l(__rtentry2.o)
    0x080001b8   0x00000006   Code   RO         3831    .ARM.Collect$$rtentry$$00000004  c_w.l(__rtentry4.o)
    0x080001be   0x00000000   Code   RO         3821    .ARM.Collect$$rtentry$$00000009  c_w.l(__rtentry2.o)
    0x080001be   0x00000004   Code   RO         3822    .ARM.Collect$$rtentry$$0000000A  c_w.l(__rtentry2.o)
    0x080001c2   0x00000000   Code   RO         3824    .ARM.Collect$$rtentry$$0000000C  c_w.l(__rtentry2.o)
    0x080001c2   0x00000008   Code   RO         3825    .ARM.Collect$$rtentry$$0000000D  c_w.l(__rtentry2.o)
    0x080001ca   0x00000002   Code   RO         4013    .ARM.Collect$$rtexit$$00000000  c_w.l(rtexit.o)
    0x080001cc   0x00000000   Code   RO         4044    .ARM.Collect$$rtexit$$00000002  c_w.l(rtexit2.o)
    0x080001cc   0x00000004   Code   RO         4045    .ARM.Collect$$rtexit$$00000003  c_w.l(rtexit2.o)
    0x080001d0   0x00000006   Code   RO         4046    .ARM.Collect$$rtexit$$00000004  c_w.l(rtexit2.o)
    0x080001d6   0x00000002   PAD
    0x080001d8   0x00000000   Code   RO         4017    .emb_text           c_w.l(maybetermalloc1.o)
    0x080001d8   0x00000040   Code   RO         3493    .text               startup_stm32f10x_hd.o
    0x08000218   0x00000064   Code   RO         3547    .text               c_w.l(rt_memcpy_w.o)
    0x0800027c   0x00000006   Code   RO         3549    .text               c_w.l(heapauxi.o)
    0x08000282   0x00000002   PAD
    0x08000284   0x00000024   Code   RO         3556    .text               c_w.l(init_aeabi.o)
    0x080002a8   0x00000008   Code   RO         3840    .text               c_w.l(rt_new_handler_addr_intlibspace.o)
    0x080002b0   0x0000005e   Code   RO         3844    .text               c_w.l(h1_alloc.o)
    0x0800030e   0x00000004   Code   RO         3908    .text               cpprt_w.l(arm_newhandler_noexceptions.o)
    0x08000312   0x0000001a   Code   RO         3928    .text               cpprt_w.l(arm_exceptions_terminate.o)
    0x0800032c   0x00000050   Code   RO         3931    .text               cpprt_w.l(arm_exceptions_globs.o)
    0x0800037c   0x00000008   Code   RO         3936    .text               c_w.l(libspace.o)
    0x08000384   0x0000004a   Code   RO         3941    .text               c_w.l(sys_stackheap_outer.o)
    0x080003ce   0x00000002   PAD
    0x080003d0   0x00000008   Code   RO         3948    .text               c_w.l(rt_heap_descriptor_intlibspace.o)
    0x080003d8   0x00000008   Code   RO         3953    .text               c_w.l(rt_eh_globals_addr_intlibspace.o)
    0x080003e0   0x00000004   Code   RO         3955    .text               c_w.l(hguard.o)
    0x080003e4   0x0000008a   Code   RO         3957    .text               c_w.l(init_alloc.o)
    0x0800046e   0x0000000e   Code   RO         3963    .text               c_w.l(h1_init.o)
    0x0800047c   0x0000004e   Code   RO         3965    .text               c_w.l(h1_free.o)
    0x080004ca   0x0000000c   Code   RO         3981    .text               c_w.l(exit.o)
    0x080004d6   0x00000010   Code   RO         3983    .text               c_w.l(abort.o)
    0x080004e6   0x0000003c   Code   RO         4006    .text               cpprt_w.l(arm_exceptions_mem.o)
    0x08000522   0x00000002   PAD
    0x08000524   0x0000000c   Code   RO         4011    .text               c_w.l(sys_exit.o)
    0x08000530   0x00000034   Code   RO         4019    .text               c_w.l(h1_extend.o)
    0x08000564   0x0000000e   Code   RO         4025    .text               c_w.l(defsig_abrt_outer.o)
    0x08000572   0x0000000e   Code   RO         4033    .text               c_w.l(defsig_rtmem_outer.o)
    0x08000580   0x00000002   Code   RO         4040    .text               c_w.l(use_no_semi.o)
    0x08000582   0x00000000   Code   RO         4042    .text               c_w.l(indicate_semi.o)
    0x08000582   0x0000000a   Code   RO         4054    .text               c_w.l(defsig_exit.o)
    0x0800058c   0x00000030   Code   RO         4056    .text               c_w.l(defsig_abrt_inner.o)
    0x080005bc   0x00000050   Code   RO         4060    .text               c_w.l(defsig_rtmem_inner.o)
    0x0800060c   0x00000032   Code   RO         4068    .text               c_w.l(defsig_general.o)
    0x0800063e   0x0000000e   Code   RO         4088    .text               c_w.l(sys_wrch.o)
    0x0800064c   0x00000018   Code   RO         1835    i.DMA_Cmd           stm32f10x_dma.o
    0x08000664   0x0000014c   Code   RO         1836    i.DMA_DeInit        stm32f10x_dma.o
    0x080007b0   0x00000012   Code   RO         1840    i.DMA_ITConfig      stm32f10x_dma.o
    0x080007c2   0x0000003c   Code   RO         1841    i.DMA_Init          stm32f10x_dma.o
    0x080007fe   0x00000116   Code   RO         1989    i.GPIO_Init         stm32f10x_gpio.o
    0x08000914   0x00000090   Code   RO         1991    i.GPIO_PinRemapConfig  stm32f10x_gpio.o
    0x080009a4   0x00000004   Code   RO         1997    i.GPIO_SetBits      stm32f10x_gpio.o
    0x080009a8   0x00000070   Code   RO         1294    i.NVIC_Init         misc.o
    0x08000a18   0x00000014   Code   RO         1295    i.NVIC_PriorityGroupConfig  misc.o
    0x08000a2c   0x00000020   Code   RO         2326    i.RCC_AHBPeriphClockCmd  stm32f10x_rcc.o
    0x08000a4c   0x00000020   Code   RO         2327    i.RCC_APB1PeriphClockCmd  stm32f10x_rcc.o
    0x08000a6c   0x00000020   Code   RO         2329    i.RCC_APB2PeriphClockCmd  stm32f10x_rcc.o
    0x08000a8c   0x000000d4   Code   RO         2337    i.RCC_GetClocksFreq  stm32f10x_rcc.o
    0x08000b60   0x00000008   Code   RO         3500    i.SetSysClock       system_stm32f10x.o
    0x08000b68   0x000000e0   Code   RO         3501    i.SetSysClockTo72   system_stm32f10x.o
    0x08000c48   0x00000008   Code   RO          847    i.SysTick_Handler   systime.o
    0x08000c50   0x00000060   Code   RO         3503    i.SystemInit        system_stm32f10x.o
    0x08000cb0   0x00000012   Code   RO         3253    i.USART_ClearFlag   stm32f10x_usart.o
    0x08000cc2   0x0000001e   Code   RO         3254    i.USART_ClearITPendingBit  stm32f10x_usart.o
    0x08000ce0   0x00000018   Code   RO         3257    i.USART_Cmd         stm32f10x_usart.o
    0x08000cf8   0x00000012   Code   RO         3258    i.USART_DMACmd      stm32f10x_usart.o
    0x08000d0a   0x0000001a   Code   RO         3260    i.USART_GetFlagStatus  stm32f10x_usart.o
    0x08000d24   0x0000004a   Code   RO         3263    i.USART_ITConfig    stm32f10x_usart.o
    0x08000d6e   0x00000002   PAD
    0x08000d70   0x000000d8   Code   RO         3264    i.USART_Init        stm32f10x_usart.o
    0x08000e48   0x00000008   Code   RO         3274    i.USART_SendData    stm32f10x_usart.o
    0x08000e50   0x00000050   Code   RO          787    i._Z8LED_Initv      main.o
    0x08000ea0   0x000000b4   Code   RO          271    i._ZN4GPIOC1EP12GPIO_TypeDeft16GPIOMode_TypeDef17GPIOSpeed_TypeDefb  gpio.o
    0x08000f54   0x000000c0   Code   RO            4    i._ZN4UART10RXDMA_InitEh  uart.o
    0x08001014   0x000000d4   Code   RO            5    i._ZN4UART10TXDMA_InitEh  uart.o
    0x080010e8   0x000000e0   Code   RO           15    i._ZN4UART8SendByteEh  uart.o
    0x080011c8   0x000000ec   Code   RO           17    i._ZN4UART9SendBytesEPht  uart.o
    0x080012b4   0x000002bc   Code   RO           18    i._ZN4UARTC1Ehjbbbttt  uart.o
    0x08001570   0x00000058   Code   RO          848    i._ZN7SysTime10CheckTimerEh  systime.o
    0x080015c8   0x00000030   Code   RO          849    i._ZN7SysTime10InitializeEv  systime.o
    0x080015f8   0x00000058   Code   RO          850    i._ZN7SysTime11CreateTimerEd  systime.o
    0x08001650   0x00000020   Code   RO          851    i._ZN7SysTime3IRQEv  systime.o
    0x08001670   0x000000c0   Code   RO          852    i._ZN7SysTime3NowEv  systime.o
    0x08001730   0x0000021e   Code   RO         1024    i._ZN7UIDLink10Pack_CheckEv  uidlink.o
    0x0800194e   0x0000000a   Code   RO         1031    i._ZN7UIDLink12GetUnSigned8Eh  uidlink.o
    0x08001958   0x00000008   Code   RO         1032    i._ZN7UIDLink13FillUnSigned8Ehh  uidlink.o
    0x08001960   0x000000a8   Code   RO         1040    i._ZN7UIDLink9Pack_SendEv  uidlink.o
    0x08001a08   0x0000002a   Code   RO         1041    i._ZN7UIDLinkC1ER4UARTPA3_hhhhhh  uidlink.o
    0x08001a32   0x00000008   Code   RO         3559    i._Znaj             cpprt_w.l(array_new.o)
    0x08001a3a   0x00000002   PAD
    0x08001a3c   0x00000028   Code   RO         3775    i._Znwj             cpprt_w.l(new.o)
    0x08001a64   0x0000004c   Code   RO          788    i.__sti___8_main_cpp_Protocol  main.o
    0x08001ab0   0x000000a8   Code   RO          789    i.main              main.o
    0x08001b58   0x00000010   Code   RO          183    t._ZN10FIFOBufferIhLt500EE10RestOfSizeEv  uart.o
    0x08001b68   0x00000008   Code   RO          171    t._ZN10FIFOBufferIhLt500EE4sizeEv  uart.o
    0x08001b70   0x0000003c   Code   RO          153    t._ZN10FIFOBufferIhLt500EE7GetDataERh  uart.o
    0x08001bac   0x00000042   Code   RO          147    t._ZN10FIFOBufferIhLt500EE7PutDataERKh  uart.o
    0x08001bee   0x0000004a   Code   RO          165    t._ZN10FIFOBufferIhLt500EE8GetDatasEPht  uart.o
    0x08001c38   0x00000050   Code   RO          159    t._ZN10FIFOBufferIhLt500EE8PutDatasEPht  uart.o
    0x08001c88   0x00000018   Code   RO          141    t._ZN10FIFOBufferIhLt500EEC1Ev  uart.o
    0x08001ca0   0x00000150   Code   RO         3671    x$fpl$dadd          fz_ws.l(daddsub_clz.o)
    0x08001df0   0x00000018   Code   RO         3805    x$fpl$dcmpinf       fz_ws.l(dcmpi.o)
    0x08001e08   0x000002b0   Code   RO         3678    x$fpl$ddiv          fz_ws.l(ddiv.o)
    0x080020b8   0x00000026   Code   RO         3685    x$fpl$dfltu         fz_ws.l(dflt_clz.o)
    0x080020de   0x00000002   PAD
    0x080020e0   0x00000078   Code   RO         3691    x$fpl$dleqf         fz_ws.l(dleqf.o)
    0x08002158   0x0000009c   Code   RO         3807    x$fpl$dnaninf       fz_ws.l(dnaninf.o)
    0x080021f4   0x0000000c   Code   RO         3809    x$fpl$dretinf       fz_ws.l(dretinf.o)
    0x08002200   0x0000006c   Code   RO         3695    x$fpl$drleqf        fz_ws.l(drleqf.o)
    0x0800226c   0x000001d4   Code   RO         3673    x$fpl$dsub          fz_ws.l(daddsub_clz.o)
    0x08002440   0x00000000   Code   RO         3817    x$fpl$usenofp       fz_ws.l(usenofp.o)
    0x08002440   0x00000108   Data   RO           45    .constdata          uart.o
    0x08002548   0x0000000b   Data   RO          277    .constdata          gpio.o
    0x08002553   0x00000001   PAD
    0x08002554   0x00000020   Data   RO         4104    Region$$Table       anon$$obj.o
    0x08002574   0x00000004   Data   RO          795    .init_array         main.o
    0x08002578   0x00000000   Data   RO         3554    .init_array         c_w.l(init_aeabi.o)


    Execution Region RW_IRAM1 (Base: 0x20000000, Size: 0x00001cb0, Max: 0x0000c000, ABSOLUTE)

    Base Addr    Size         Type   Attr      Idx    E Section Name        Object

    0x20000000   0x00000002   Data   RW           46    .data               uart.o
    0x20000002   0x0000001e   Data   RW          794    .data               main.o
    0x20000020   0x00000025   Data   RW          862    .data               systime.o
    0x20000045   0x00000014   Data   RW         2357    .data               stm32f10x_rcc.o
    0x20000059   0x00000003   PAD
    0x2000005c   0x00000014   Zero   RW           44    .bss                uart.o
    0x20000070   0x000006a0   Zero   RW          793    .bss                main.o
    0x20000710   0x00000140   Zero   RW          861    .bss                systime.o
    0x20000850   0x00000060   Zero   RW         3937    .bss                c_w.l(libspace.o)
    0x200008b0   0x00001000   Zero   RW         3491    HEAP                startup_stm32f10x_hd.o
    0x200018b0   0x00000400   Zero   RW         3490    STACK               startup_stm32f10x_hd.o


==============================================================================

Image component sizes


      Code (inc. data)   RO Data    RW Data    ZI Data      Debug   Object Name

       180         28         11          0          0       2276   gpio.o
         0          0          0          0          0     242860   led.o
       324         50          4         30       1696       5587   main.o
       132         22          0          0          0       1667   misc.o
        64         26        304          0       5120        788   startup_stm32f10x_hd.o
       434          8          0          0          0       4197   stm32f10x_dma.o
       426          6          0          0          0       3465   stm32f10x_gpio.o
       308         38          0         20          0       5178   stm32f10x_rcc.o
       414          6          0          0          0       6904   stm32f10x_usart.o
       328         28          0          0          0       1865   system_stm32f10x.o
       456         80          0         37        320       3646   systime.o
      1892         40        264          2         20     246060   uart.o
       770          0          0          0          0       6904   uidlink.o

    ----------------------------------------------------------------------
      5730        332        616         92       7156     531397   Object Totals
         0          0         32          0          0          0   (incl. Generated)
         2          0          1          3          0          0   (incl. Padding)

    ----------------------------------------------------------------------

      Code (inc. data)   RO Data    RW Data    ZI Data      Debug   Library Member Name

         8          0          0          0          0         68   __main.o
         0          0          0          0          0          0   __rtentry.o
        12          0          0          0          0          0   __rtentry2.o
         6          0          0          0          0          0   __rtentry4.o
        52          8          0          0          0          0   __scatter.o
        26          0          0          0          0          0   __scatter_copy.o
        28          0          0          0          0          0   __scatter_zi.o
        16          0          0          0          0         72   abort.o
        48         34          0          0          0         76   defsig_abrt_inner.o
        14          0          0          0          0         80   defsig_abrt_outer.o
        10          0          0          0          0         68   defsig_exit.o
        50          0          0          0          0         88   defsig_general.o
        80         58          0          0          0         76   defsig_rtmem_inner.o
        14          0          0          0          0         80   defsig_rtmem_outer.o
        12          0          0          0          0         72   exit.o
        94          0          0          0          0         80   h1_alloc.o
        52          0          0          0          0         68   h1_extend.o
        78          0          0          0          0         80   h1_free.o
        14          0          0          0          0         84   h1_init.o
         6          0          0          0          0        152   heapauxi.o
         4          0          0          0          0        136   hguard.o
         0          0          0          0          0          0   indicate_semi.o
        36         10          0          0          0         80   init_aeabi.o
       138          0          0          0          0        168   init_alloc.o
         2          0          0          0          0          0   libinit.o
        14          0          0          0          0          0   libinit2.o
         2          0          0          0          0          0   libshutdown.o
         2          0          0          0          0          0   libshutdown2.o
         8          4          0          0         96         68   libspace.o
         0          0          0          0          0          0   maybetermalloc1.o
         8          4          0          0          0         68   rt_eh_globals_addr_intlibspace.o
         8          4          0          0          0         68   rt_heap_descriptor_intlibspace.o
       100          0          0          0          0         80   rt_memcpy_w.o
         8          4          0          0          0         68   rt_new_handler_addr_intlibspace.o
         2          0          0          0          0          0   rtexit.o
        10          0          0          0          0          0   rtexit2.o
        12          4          0          0          0         68   sys_exit.o
        74          0          0          0          0         80   sys_stackheap_outer.o
        14          0          0          0          0         76   sys_wrch.o
         2          0          0          0          0         68   use_no_semi.o
        80         12          0          0          0        104   arm_exceptions_globs.o
        60          0          0          0          0        108   arm_exceptions_mem.o
        26          0          0          0          0         76   arm_exceptions_terminate.o
         4          0          0          0          0         68   arm_newhandler_noexceptions.o
         8          0          0          0          0         76   array_new.o
        40          6          0          0          0         76   new.o
       804         16          0          0          0        272   daddsub_clz.o
        24          0          0          0          0         68   dcmpi.o
       688        140          0          0          0        208   ddiv.o
        38          0          0          0          0         68   dflt_clz.o
       120          4          0          0          0         92   dleqf.o
       156          4          0          0          0         92   dnaninf.o
        12          0          0          0          0         68   dretinf.o
       108          0          0          0          0         80   drleqf.o
         0          0          0          0          0          0   usenofp.o

    ----------------------------------------------------------------------
      3246        312          0          0         96       3628   Library Totals
        14          0          0          0          0          0   (incl. Padding)

    ----------------------------------------------------------------------

      Code (inc. data)   RO Data    RW Data    ZI Data      Debug   Library Name

      1064        130          0          0         96       2172   c_w.l
       218         18          0          0          0        508   cpprt_w.l
      1950        164          0          0          0        948   fz_ws.l

    ----------------------------------------------------------------------
      3246        312          0          0         96       3628   Library Totals

    ----------------------------------------------------------------------

==============================================================================


      Code (inc. data)   RO Data    RW Data    ZI Data      Debug   

      8976        644        616         92       7252     530549   Grand Totals
      8976        644        616         92       7252     530549   ELF Image Totals
      8976        644        616         92          0          0   ROM Totals

==============================================================================

    Total RO  Size (Code + RO Data)                 9592 (   9.37kB)
    Total RW  Size (RW Data + ZI Data)              7344 (   7.17kB)
    Total ROM Size (Code + RO Data + RW Data)       9684 (   9.46kB)

==============================================================================

