<!doctype html public "-//w3c//dtd html 4.0 transitional//en">
<html><head>
<title>Static Call Graph - [.\Objects\FlightControl_V1.0]</title></head>
<body><HR>
<H1>Static Call Graph for image .\Objects\FlightControl_V1.0</H1><HR>
<BR><P>#&#060CALLGRAPH&#062# ARM Linker, 5050106: Last Updated: Mon May 30 11:02:38 2022
<BR><P>
<H3>Maximum Stack Usage =        328 bytes + Unknown(Functions without stacksize, Cycles, Untraceable Function Pointers)</H3><H3>
Call chain for Maximum Stack Depth:</H3>
__sti___8_main_cpp_Protocol &rArr; UART::UART(unsigned char, unsigned, bool, bool, bool, unsigned short, unsigned short, unsigned short) &rArr; UART::TXDMA_Init(unsigned char) &rArr; DMA_Init
<P>
<H3>
Functions with no stack information
</H3><UL>
 <LI><a href="#[79]">__user_initial_stackheap</a>
</UL>
</UL>
<P>
<H3>
Mutually Recursive functions
</H3> <LI><a href="#[12]">NMI_Handler</a>&nbsp;&nbsp;&nbsp;&rArr;&nbsp;&nbsp;&nbsp;<a href="#[12]">NMI_Handler</a><BR>
 <LI><a href="#[13]">HardFault_Handler</a>&nbsp;&nbsp;&nbsp;&rArr;&nbsp;&nbsp;&nbsp;<a href="#[13]">HardFault_Handler</a><BR>
 <LI><a href="#[14]">MemManage_Handler</a>&nbsp;&nbsp;&nbsp;&rArr;&nbsp;&nbsp;&nbsp;<a href="#[14]">MemManage_Handler</a><BR>
 <LI><a href="#[15]">BusFault_Handler</a>&nbsp;&nbsp;&nbsp;&rArr;&nbsp;&nbsp;&nbsp;<a href="#[15]">BusFault_Handler</a><BR>
 <LI><a href="#[16]">UsageFault_Handler</a>&nbsp;&nbsp;&nbsp;&rArr;&nbsp;&nbsp;&nbsp;<a href="#[16]">UsageFault_Handler</a><BR>
 <LI><a href="#[17]">SVC_Handler</a>&nbsp;&nbsp;&nbsp;&rArr;&nbsp;&nbsp;&nbsp;<a href="#[17]">SVC_Handler</a><BR>
 <LI><a href="#[18]">DebugMon_Handler</a>&nbsp;&nbsp;&nbsp;&rArr;&nbsp;&nbsp;&nbsp;<a href="#[18]">DebugMon_Handler</a><BR>
 <LI><a href="#[19]">PendSV_Handler</a>&nbsp;&nbsp;&nbsp;&rArr;&nbsp;&nbsp;&nbsp;<a href="#[19]">PendSV_Handler</a><BR>
 <LI><a href="#[2d]">ADC1_2_IRQHandler</a>&nbsp;&nbsp;&nbsp;&rArr;&nbsp;&nbsp;&nbsp;<a href="#[2d]">ADC1_2_IRQHandler</a><BR>
</UL>
<P>
<H3>
Function Pointers
</H3><UL>
 <LI><a href="#[2d]">ADC1_2_IRQHandler</a> from startup_stm32f10x_hd.o(.text) referenced from startup_stm32f10x_hd.o(RESET)
 <LI><a href="#[4a]">ADC3_IRQHandler</a> from startup_stm32f10x_hd.o(.text) referenced from startup_stm32f10x_hd.o(RESET)
 <LI><a href="#[15]">BusFault_Handler</a> from startup_stm32f10x_hd.o(.text) referenced from startup_stm32f10x_hd.o(RESET)
 <LI><a href="#[30]">CAN1_RX1_IRQHandler</a> from startup_stm32f10x_hd.o(.text) referenced from startup_stm32f10x_hd.o(RESET)
 <LI><a href="#[31]">CAN1_SCE_IRQHandler</a> from startup_stm32f10x_hd.o(.text) referenced from startup_stm32f10x_hd.o(RESET)
 <LI><a href="#[26]">DMA1_Channel1_IRQHandler</a> from startup_stm32f10x_hd.o(.text) referenced from startup_stm32f10x_hd.o(RESET)
 <LI><a href="#[27]">DMA1_Channel2_IRQHandler</a> from startup_stm32f10x_hd.o(.text) referenced from startup_stm32f10x_hd.o(RESET)
 <LI><a href="#[28]">DMA1_Channel3_IRQHandler</a> from startup_stm32f10x_hd.o(.text) referenced from startup_stm32f10x_hd.o(RESET)
 <LI><a href="#[29]">DMA1_Channel4_IRQHandler</a> from startup_stm32f10x_hd.o(.text) referenced from startup_stm32f10x_hd.o(RESET)
 <LI><a href="#[2a]">DMA1_Channel5_IRQHandler</a> from startup_stm32f10x_hd.o(.text) referenced from startup_stm32f10x_hd.o(RESET)
 <LI><a href="#[2b]">DMA1_Channel6_IRQHandler</a> from startup_stm32f10x_hd.o(.text) referenced from startup_stm32f10x_hd.o(RESET)
 <LI><a href="#[2c]">DMA1_Channel7_IRQHandler</a> from startup_stm32f10x_hd.o(.text) referenced from startup_stm32f10x_hd.o(RESET)
 <LI><a href="#[53]">DMA2_Channel1_IRQHandler</a> from startup_stm32f10x_hd.o(.text) referenced from startup_stm32f10x_hd.o(RESET)
 <LI><a href="#[54]">DMA2_Channel2_IRQHandler</a> from startup_stm32f10x_hd.o(.text) referenced from startup_stm32f10x_hd.o(RESET)
 <LI><a href="#[55]">DMA2_Channel3_IRQHandler</a> from startup_stm32f10x_hd.o(.text) referenced from startup_stm32f10x_hd.o(RESET)
 <LI><a href="#[56]">DMA2_Channel4_5_IRQHandler</a> from startup_stm32f10x_hd.o(.text) referenced from startup_stm32f10x_hd.o(RESET)
 <LI><a href="#[18]">DebugMon_Handler</a> from startup_stm32f10x_hd.o(.text) referenced from startup_stm32f10x_hd.o(RESET)
 <LI><a href="#[21]">EXTI0_IRQHandler</a> from startup_stm32f10x_hd.o(.text) referenced from startup_stm32f10x_hd.o(RESET)
 <LI><a href="#[43]">EXTI15_10_IRQHandler</a> from startup_stm32f10x_hd.o(.text) referenced from startup_stm32f10x_hd.o(RESET)
 <LI><a href="#[22]">EXTI1_IRQHandler</a> from startup_stm32f10x_hd.o(.text) referenced from startup_stm32f10x_hd.o(RESET)
 <LI><a href="#[23]">EXTI2_IRQHandler</a> from startup_stm32f10x_hd.o(.text) referenced from startup_stm32f10x_hd.o(RESET)
 <LI><a href="#[24]">EXTI3_IRQHandler</a> from startup_stm32f10x_hd.o(.text) referenced from startup_stm32f10x_hd.o(RESET)
 <LI><a href="#[25]">EXTI4_IRQHandler</a> from startup_stm32f10x_hd.o(.text) referenced from startup_stm32f10x_hd.o(RESET)
 <LI><a href="#[32]">EXTI9_5_IRQHandler</a> from startup_stm32f10x_hd.o(.text) referenced from startup_stm32f10x_hd.o(RESET)
 <LI><a href="#[1f]">FLASH_IRQHandler</a> from startup_stm32f10x_hd.o(.text) referenced from startup_stm32f10x_hd.o(RESET)
 <LI><a href="#[4b]">FSMC_IRQHandler</a> from startup_stm32f10x_hd.o(.text) referenced from startup_stm32f10x_hd.o(RESET)
 <LI><a href="#[13]">HardFault_Handler</a> from startup_stm32f10x_hd.o(.text) referenced from startup_stm32f10x_hd.o(RESET)
 <LI><a href="#[3b]">I2C1_ER_IRQHandler</a> from startup_stm32f10x_hd.o(.text) referenced from startup_stm32f10x_hd.o(RESET)
 <LI><a href="#[3a]">I2C1_EV_IRQHandler</a> from startup_stm32f10x_hd.o(.text) referenced from startup_stm32f10x_hd.o(RESET)
 <LI><a href="#[3d]">I2C2_ER_IRQHandler</a> from startup_stm32f10x_hd.o(.text) referenced from startup_stm32f10x_hd.o(RESET)
 <LI><a href="#[3c]">I2C2_EV_IRQHandler</a> from startup_stm32f10x_hd.o(.text) referenced from startup_stm32f10x_hd.o(RESET)
 <LI><a href="#[14]">MemManage_Handler</a> from startup_stm32f10x_hd.o(.text) referenced from startup_stm32f10x_hd.o(RESET)
 <LI><a href="#[12]">NMI_Handler</a> from startup_stm32f10x_hd.o(.text) referenced from startup_stm32f10x_hd.o(RESET)
 <LI><a href="#[1c]">PVD_IRQHandler</a> from startup_stm32f10x_hd.o(.text) referenced from startup_stm32f10x_hd.o(RESET)
 <LI><a href="#[19]">PendSV_Handler</a> from startup_stm32f10x_hd.o(.text) referenced from startup_stm32f10x_hd.o(RESET)
 <LI><a href="#[20]">RCC_IRQHandler</a> from startup_stm32f10x_hd.o(.text) referenced from startup_stm32f10x_hd.o(RESET)
 <LI><a href="#[44]">RTCAlarm_IRQHandler</a> from startup_stm32f10x_hd.o(.text) referenced from startup_stm32f10x_hd.o(RESET)
 <LI><a href="#[1e]">RTC_IRQHandler</a> from startup_stm32f10x_hd.o(.text) referenced from startup_stm32f10x_hd.o(RESET)
 <LI><a href="#[11]">Reset_Handler</a> from startup_stm32f10x_hd.o(.text) referenced from startup_stm32f10x_hd.o(RESET)
 <LI><a href="#[4c]">SDIO_IRQHandler</a> from startup_stm32f10x_hd.o(.text) referenced from startup_stm32f10x_hd.o(RESET)
 <LI><a href="#[3e]">SPI1_IRQHandler</a> from startup_stm32f10x_hd.o(.text) referenced from startup_stm32f10x_hd.o(RESET)
 <LI><a href="#[3f]">SPI2_IRQHandler</a> from startup_stm32f10x_hd.o(.text) referenced from startup_stm32f10x_hd.o(RESET)
 <LI><a href="#[4e]">SPI3_IRQHandler</a> from startup_stm32f10x_hd.o(.text) referenced from startup_stm32f10x_hd.o(RESET)
 <LI><a href="#[17]">SVC_Handler</a> from startup_stm32f10x_hd.o(.text) referenced from startup_stm32f10x_hd.o(RESET)
 <LI><a href="#[1a]">SysTick_Handler</a> from systime.o(i.SysTick_Handler) referenced from startup_stm32f10x_hd.o(RESET)
 <LI><a href="#[57]">SystemInit</a> from system_stm32f10x.o(i.SystemInit) referenced from startup_stm32f10x_hd.o(.text)
 <LI><a href="#[1d]">TAMPER_IRQHandler</a> from startup_stm32f10x_hd.o(.text) referenced from startup_stm32f10x_hd.o(RESET)
 <LI><a href="#[33]">TIM1_BRK_IRQHandler</a> from startup_stm32f10x_hd.o(.text) referenced from startup_stm32f10x_hd.o(RESET)
 <LI><a href="#[36]">TIM1_CC_IRQHandler</a> from startup_stm32f10x_hd.o(.text) referenced from startup_stm32f10x_hd.o(RESET)
 <LI><a href="#[35]">TIM1_TRG_COM_IRQHandler</a> from startup_stm32f10x_hd.o(.text) referenced from startup_stm32f10x_hd.o(RESET)
 <LI><a href="#[34]">TIM1_UP_IRQHandler</a> from startup_stm32f10x_hd.o(.text) referenced from startup_stm32f10x_hd.o(RESET)
 <LI><a href="#[37]">TIM2_IRQHandler</a> from startup_stm32f10x_hd.o(.text) referenced from startup_stm32f10x_hd.o(RESET)
 <LI><a href="#[38]">TIM3_IRQHandler</a> from startup_stm32f10x_hd.o(.text) referenced from startup_stm32f10x_hd.o(RESET)
 <LI><a href="#[39]">TIM4_IRQHandler</a> from startup_stm32f10x_hd.o(.text) referenced from startup_stm32f10x_hd.o(RESET)
 <LI><a href="#[4d]">TIM5_IRQHandler</a> from startup_stm32f10x_hd.o(.text) referenced from startup_stm32f10x_hd.o(RESET)
 <LI><a href="#[51]">TIM6_IRQHandler</a> from startup_stm32f10x_hd.o(.text) referenced from startup_stm32f10x_hd.o(RESET)
 <LI><a href="#[52]">TIM7_IRQHandler</a> from startup_stm32f10x_hd.o(.text) referenced from startup_stm32f10x_hd.o(RESET)
 <LI><a href="#[46]">TIM8_BRK_IRQHandler</a> from startup_stm32f10x_hd.o(.text) referenced from startup_stm32f10x_hd.o(RESET)
 <LI><a href="#[49]">TIM8_CC_IRQHandler</a> from startup_stm32f10x_hd.o(.text) referenced from startup_stm32f10x_hd.o(RESET)
 <LI><a href="#[48]">TIM8_TRG_COM_IRQHandler</a> from startup_stm32f10x_hd.o(.text) referenced from startup_stm32f10x_hd.o(RESET)
 <LI><a href="#[47]">TIM8_UP_IRQHandler</a> from startup_stm32f10x_hd.o(.text) referenced from startup_stm32f10x_hd.o(RESET)
 <LI><a href="#[4f]">UART4_IRQHandler</a> from startup_stm32f10x_hd.o(.text) referenced from startup_stm32f10x_hd.o(RESET)
 <LI><a href="#[50]">UART5_IRQHandler</a> from startup_stm32f10x_hd.o(.text) referenced from startup_stm32f10x_hd.o(RESET)
 <LI><a href="#[40]">USART1_IRQHandler</a> from startup_stm32f10x_hd.o(.text) referenced from startup_stm32f10x_hd.o(RESET)
 <LI><a href="#[41]">USART2_IRQHandler</a> from startup_stm32f10x_hd.o(.text) referenced from startup_stm32f10x_hd.o(RESET)
 <LI><a href="#[42]">USART3_IRQHandler</a> from startup_stm32f10x_hd.o(.text) referenced from startup_stm32f10x_hd.o(RESET)
 <LI><a href="#[45]">USBWakeUp_IRQHandler</a> from startup_stm32f10x_hd.o(.text) referenced from startup_stm32f10x_hd.o(RESET)
 <LI><a href="#[2e]">USB_HP_CAN1_TX_IRQHandler</a> from startup_stm32f10x_hd.o(.text) referenced from startup_stm32f10x_hd.o(RESET)
 <LI><a href="#[2f]">USB_LP_CAN1_RX0_IRQHandler</a> from startup_stm32f10x_hd.o(.text) referenced from startup_stm32f10x_hd.o(RESET)
 <LI><a href="#[16]">UsageFault_Handler</a> from startup_stm32f10x_hd.o(.text) referenced from startup_stm32f10x_hd.o(RESET)
 <LI><a href="#[1b]">WWDG_IRQHandler</a> from startup_stm32f10x_hd.o(.text) referenced from startup_stm32f10x_hd.o(RESET)
 <LI><a href="#[5a]">__default_new_handler()</a> from arm_newhandler_noexceptions.o(.text) referenced from new.o(i._Znwj)
 <LI><a href="#[59]">[local to arm_exceptions_c]::__default_terminate_handler()</a> from arm_exceptions_globs.o(.text) referenced from arm_exceptions_globs.o(.text)
 <LI><a href="#[5c]">__main</a> from __main.o(!!!main) referenced from startup_stm32f10x_hd.o(.text)
 <LI><a href="#[5b]">__sti___8_main_cpp_Protocol</a> from main.o(i.__sti___8_main_cpp_Protocol) referenced from main.o(.init_array)
</UL>
<P>
<H3>
Global Symbols
</H3>
<P><STRONG><a name="[5c]"></a>__main</STRONG> (Thumb, 8 bytes, Stack size 0 bytes, __main.o(!!!main))
<BR><BR>[Calls]<UL><LI><a href="#[5f]">&gt;&gt;</a>&nbsp;&nbsp;&nbsp;__rt_entry
<LI><a href="#[5e]">&gt;&gt;</a>&nbsp;&nbsp;&nbsp;__scatterload
</UL>

<P><STRONG><a name="[5e]"></a>__scatterload</STRONG> (Thumb, 0 bytes, Stack size unknown bytes, __scatter.o(!!!scatter))
<BR><BR>[Called By]<UL><LI><a href="#[5c]">&gt;&gt;</a>&nbsp;&nbsp;&nbsp;__main
</UL>

<P><STRONG><a name="[60]"></a>__scatterload_rt2</STRONG> (Thumb, 44 bytes, Stack size unknown bytes, __scatter.o(!!!scatter), UNUSED)
<BR><BR>[Calls]<UL><LI><a href="#[5f]">&gt;&gt;</a>&nbsp;&nbsp;&nbsp;__rt_entry
</UL>

<P><STRONG><a name="[ca]"></a>__scatterload_rt2_thumb_only</STRONG> (Thumb, 0 bytes, Stack size unknown bytes, __scatter.o(!!!scatter), UNUSED)

<P><STRONG><a name="[cb]"></a>__scatterload_null</STRONG> (Thumb, 0 bytes, Stack size unknown bytes, __scatter.o(!!!scatter), UNUSED)

<P><STRONG><a name="[61]"></a>__scatterload_copy</STRONG> (Thumb, 26 bytes, Stack size unknown bytes, __scatter_copy.o(!!handler_copy), UNUSED)
<BR><BR>[Calls]<UL><LI><a href="#[61]">&gt;&gt;</a>&nbsp;&nbsp;&nbsp;__scatterload_copy
</UL>
<BR>[Called By]<UL><LI><a href="#[61]">&gt;&gt;</a>&nbsp;&nbsp;&nbsp;__scatterload_copy
</UL>

<P><STRONG><a name="[cc]"></a>__scatterload_zeroinit</STRONG> (Thumb, 28 bytes, Stack size unknown bytes, __scatter_zi.o(!!handler_zi), UNUSED)

<P><STRONG><a name="[68]"></a>__rt_lib_init</STRONG> (Thumb, 0 bytes, Stack size unknown bytes, libinit.o(.ARM.Collect$$libinit$$00000000))
<BR><BR>[Called By]<UL><LI><a href="#[67]">&gt;&gt;</a>&nbsp;&nbsp;&nbsp;__rt_entry_li
</UL>

<P><STRONG><a name="[cd]"></a>__rt_lib_init_fp_1</STRONG> (Thumb, 0 bytes, Stack size unknown bytes, libinit2.o(.ARM.Collect$$libinit$$00000002))

<P><STRONG><a name="[62]"></a>__rt_lib_init_heap_2</STRONG> (Thumb, 0 bytes, Stack size unknown bytes, libinit2.o(.ARM.Collect$$libinit$$00000005))
<BR><BR>[Stack]<UL><LI>Max Depth = 64 + Unknown Stack Size
<LI>Call Chain = __rt_lib_init_heap_2 &rArr; _init_alloc &rArr; __rt_SIGRTMEM &rArr; __rt_SIGRTMEM_inner &rArr; __default_signal_display &rArr; _ttywrch
</UL>
<BR>[Calls]<UL><LI><a href="#[63]">&gt;&gt;</a>&nbsp;&nbsp;&nbsp;_init_alloc
</UL>

<P><STRONG><a name="[ce]"></a>__rt_lib_init_preinit_1</STRONG> (Thumb, 0 bytes, Stack size unknown bytes, libinit2.o(.ARM.Collect$$libinit$$00000004))

<P><STRONG><a name="[cf]"></a>__rt_lib_init_alloca_1</STRONG> (Thumb, 0 bytes, Stack size unknown bytes, libinit2.o(.ARM.Collect$$libinit$$0000002E))

<P><STRONG><a name="[d0]"></a>__rt_lib_init_argv_1</STRONG> (Thumb, 0 bytes, Stack size unknown bytes, libinit2.o(.ARM.Collect$$libinit$$0000002C))

<P><STRONG><a name="[d1]"></a>__rt_lib_init_atexit_1</STRONG> (Thumb, 0 bytes, Stack size unknown bytes, libinit2.o(.ARM.Collect$$libinit$$0000001B))

<P><STRONG><a name="[d2]"></a>__rt_lib_init_clock_1</STRONG> (Thumb, 0 bytes, Stack size unknown bytes, libinit2.o(.ARM.Collect$$libinit$$00000021))

<P><STRONG><a name="[64]"></a>__rt_lib_init_cpp_2</STRONG> (Thumb, 0 bytes, Stack size unknown bytes, libinit2.o(.ARM.Collect$$libinit$$00000031))
<BR><BR>[Stack]<UL><LI>Max Depth = 16 + Unknown Stack Size
<LI>Call Chain = __rt_lib_init_cpp_2 &rArr; __cpp_initialize__aeabi_
</UL>
<BR>[Calls]<UL><LI><a href="#[5d]">&gt;&gt;</a>&nbsp;&nbsp;&nbsp;__cpp_initialize__aeabi_
</UL>

<P><STRONG><a name="[d3]"></a>__rt_lib_init_exceptions_1</STRONG> (Thumb, 0 bytes, Stack size unknown bytes, libinit2.o(.ARM.Collect$$libinit$$00000030))

<P><STRONG><a name="[d4]"></a>__rt_lib_init_fp_trap_1</STRONG> (Thumb, 0 bytes, Stack size unknown bytes, libinit2.o(.ARM.Collect$$libinit$$0000001F))

<P><STRONG><a name="[d5]"></a>__rt_lib_init_getenv_1</STRONG> (Thumb, 0 bytes, Stack size unknown bytes, libinit2.o(.ARM.Collect$$libinit$$00000023))

<P><STRONG><a name="[d6]"></a>__rt_lib_init_heap_1</STRONG> (Thumb, 0 bytes, Stack size unknown bytes, libinit2.o(.ARM.Collect$$libinit$$0000000A))

<P><STRONG><a name="[d7]"></a>__rt_lib_init_lc_collate_1</STRONG> (Thumb, 0 bytes, Stack size unknown bytes, libinit2.o(.ARM.Collect$$libinit$$00000011))

<P><STRONG><a name="[d8]"></a>__rt_lib_init_lc_ctype_1</STRONG> (Thumb, 0 bytes, Stack size unknown bytes, libinit2.o(.ARM.Collect$$libinit$$00000013))

<P><STRONG><a name="[d9]"></a>__rt_lib_init_lc_monetary_1</STRONG> (Thumb, 0 bytes, Stack size unknown bytes, libinit2.o(.ARM.Collect$$libinit$$00000015))

<P><STRONG><a name="[da]"></a>__rt_lib_init_lc_numeric_1</STRONG> (Thumb, 0 bytes, Stack size unknown bytes, libinit2.o(.ARM.Collect$$libinit$$00000017))

<P><STRONG><a name="[db]"></a>__rt_lib_init_lc_time_1</STRONG> (Thumb, 0 bytes, Stack size unknown bytes, libinit2.o(.ARM.Collect$$libinit$$00000019))

<P><STRONG><a name="[dc]"></a>__rt_lib_init_rand_1</STRONG> (Thumb, 0 bytes, Stack size unknown bytes, libinit2.o(.ARM.Collect$$libinit$$0000000E))

<P><STRONG><a name="[dd]"></a>__rt_lib_init_signal_1</STRONG> (Thumb, 0 bytes, Stack size unknown bytes, libinit2.o(.ARM.Collect$$libinit$$0000001D))

<P><STRONG><a name="[de]"></a>__rt_lib_init_stdio_1</STRONG> (Thumb, 0 bytes, Stack size unknown bytes, libinit2.o(.ARM.Collect$$libinit$$00000025))

<P><STRONG><a name="[df]"></a>__rt_lib_init_user_alloc_1</STRONG> (Thumb, 0 bytes, Stack size unknown bytes, libinit2.o(.ARM.Collect$$libinit$$0000000C))

<P><STRONG><a name="[e0]"></a>__rt_lib_init_cpp_1</STRONG> (Thumb, 0 bytes, Stack size unknown bytes, libinit2.o(.ARM.Collect$$libinit$$00000032))

<P><STRONG><a name="[e1]"></a>__rt_lib_init_return</STRONG> (Thumb, 0 bytes, Stack size unknown bytes, libinit2.o(.ARM.Collect$$libinit$$00000033))

<P><STRONG><a name="[6d]"></a>__rt_lib_shutdown</STRONG> (Thumb, 0 bytes, Stack size unknown bytes, libshutdown.o(.ARM.Collect$$libshutdown$$00000000))
<BR><BR>[Called By]<UL><LI><a href="#[6c]">&gt;&gt;</a>&nbsp;&nbsp;&nbsp;__rt_exit_ls
<LI><a href="#[75]">&gt;&gt;</a>&nbsp;&nbsp;&nbsp;abort
</UL>

<P><STRONG><a name="[e2]"></a>__rt_lib_shutdown_fp_trap_1</STRONG> (Thumb, 0 bytes, Stack size unknown bytes, libshutdown2.o(.ARM.Collect$$libshutdown$$00000006))

<P><STRONG><a name="[e3]"></a>__rt_lib_shutdown_heap_1</STRONG> (Thumb, 0 bytes, Stack size unknown bytes, libshutdown2.o(.ARM.Collect$$libshutdown$$0000000E))

<P><STRONG><a name="[e4]"></a>__rt_lib_shutdown_return</STRONG> (Thumb, 0 bytes, Stack size unknown bytes, libshutdown2.o(.ARM.Collect$$libshutdown$$0000000F))

<P><STRONG><a name="[e5]"></a>__rt_lib_shutdown_signal_1</STRONG> (Thumb, 0 bytes, Stack size unknown bytes, libshutdown2.o(.ARM.Collect$$libshutdown$$00000009))

<P><STRONG><a name="[e6]"></a>__rt_lib_shutdown_stdio_1</STRONG> (Thumb, 0 bytes, Stack size unknown bytes, libshutdown2.o(.ARM.Collect$$libshutdown$$00000003))

<P><STRONG><a name="[e7]"></a>__rt_lib_shutdown_user_alloc_1</STRONG> (Thumb, 0 bytes, Stack size unknown bytes, libshutdown2.o(.ARM.Collect$$libshutdown$$0000000B))

<P><STRONG><a name="[5f]"></a>__rt_entry</STRONG> (Thumb, 0 bytes, Stack size unknown bytes, __rtentry.o(.ARM.Collect$$rtentry$$00000000))
<BR><BR>[Called By]<UL><LI><a href="#[5c]">&gt;&gt;</a>&nbsp;&nbsp;&nbsp;__main
<LI><a href="#[60]">&gt;&gt;</a>&nbsp;&nbsp;&nbsp;__scatterload_rt2
</UL>

<P><STRONG><a name="[e8]"></a>__rt_entry_presh_1</STRONG> (Thumb, 0 bytes, Stack size unknown bytes, __rtentry2.o(.ARM.Collect$$rtentry$$00000002))

<P><STRONG><a name="[65]"></a>__rt_entry_sh</STRONG> (Thumb, 0 bytes, Stack size unknown bytes, __rtentry4.o(.ARM.Collect$$rtentry$$00000004))
<BR><BR>[Stack]<UL><LI>Max Depth = 8 + Unknown Stack Size
<LI>Call Chain = __rt_entry_sh &rArr; __user_setup_stackheap
</UL>
<BR>[Calls]<UL><LI><a href="#[66]">&gt;&gt;</a>&nbsp;&nbsp;&nbsp;__user_setup_stackheap
</UL>

<P><STRONG><a name="[67]"></a>__rt_entry_li</STRONG> (Thumb, 0 bytes, Stack size unknown bytes, __rtentry2.o(.ARM.Collect$$rtentry$$0000000A))
<BR><BR>[Calls]<UL><LI><a href="#[68]">&gt;&gt;</a>&nbsp;&nbsp;&nbsp;__rt_lib_init
</UL>

<P><STRONG><a name="[e9]"></a>__rt_entry_postsh_1</STRONG> (Thumb, 0 bytes, Stack size unknown bytes, __rtentry2.o(.ARM.Collect$$rtentry$$00000009))

<P><STRONG><a name="[69]"></a>__rt_entry_main</STRONG> (Thumb, 0 bytes, Stack size unknown bytes, __rtentry2.o(.ARM.Collect$$rtentry$$0000000D))
<BR><BR>[Stack]<UL><LI>Max Depth = 96 + Unknown Stack Size
<LI>Call Chain = __rt_entry_main &rArr; main &rArr; SysTime::CheckTimer(unsigned char) &rArr; SysTime::Now() &rArr; __aeabi_cdcmple
</UL>
<BR>[Calls]<UL><LI><a href="#[6a]">&gt;&gt;</a>&nbsp;&nbsp;&nbsp;main
<LI><a href="#[6b]">&gt;&gt;</a>&nbsp;&nbsp;&nbsp;exit
</UL>

<P><STRONG><a name="[ea]"></a>__rt_entry_postli_1</STRONG> (Thumb, 0 bytes, Stack size unknown bytes, __rtentry2.o(.ARM.Collect$$rtentry$$0000000C))

<P><STRONG><a name="[7f]"></a>__rt_exit</STRONG> (Thumb, 0 bytes, Stack size unknown bytes, rtexit.o(.ARM.Collect$$rtexit$$00000000))
<BR><BR>[Called By]<UL><LI><a href="#[6b]">&gt;&gt;</a>&nbsp;&nbsp;&nbsp;exit
</UL>

<P><STRONG><a name="[6c]"></a>__rt_exit_ls</STRONG> (Thumb, 0 bytes, Stack size unknown bytes, rtexit2.o(.ARM.Collect$$rtexit$$00000003))
<BR><BR>[Calls]<UL><LI><a href="#[6d]">&gt;&gt;</a>&nbsp;&nbsp;&nbsp;__rt_lib_shutdown
</UL>

<P><STRONG><a name="[eb]"></a>__rt_exit_prels_1</STRONG> (Thumb, 0 bytes, Stack size unknown bytes, rtexit2.o(.ARM.Collect$$rtexit$$00000002))

<P><STRONG><a name="[6e]"></a>__rt_exit_exit</STRONG> (Thumb, 0 bytes, Stack size unknown bytes, rtexit2.o(.ARM.Collect$$rtexit$$00000004))
<BR><BR>[Calls]<UL><LI><a href="#[6f]">&gt;&gt;</a>&nbsp;&nbsp;&nbsp;_sys_exit
</UL>

<P><STRONG><a name="[11]"></a>Reset_Handler</STRONG> (Thumb, 8 bytes, Stack size 0 bytes, startup_stm32f10x_hd.o(.text))
<BR>[Address Reference Count : 1]<UL><LI> startup_stm32f10x_hd.o(RESET)
</UL>
<P><STRONG><a name="[ec]"></a>_maybe_terminate_alloc</STRONG> (Thumb, 0 bytes, Stack size 0 bytes, maybetermalloc1.o(.emb_text), UNUSED)

<P><STRONG><a name="[12]"></a>NMI_Handler</STRONG> (Thumb, 2 bytes, Stack size 0 bytes, startup_stm32f10x_hd.o(.text))
<BR><BR>[Calls]<UL><LI><a href="#[12]">&gt;&gt;</a>&nbsp;&nbsp;&nbsp;NMI_Handler
</UL>
<BR>[Called By]<UL><LI><a href="#[12]">&gt;&gt;</a>&nbsp;&nbsp;&nbsp;NMI_Handler
</UL>
<BR>[Address Reference Count : 1]<UL><LI> startup_stm32f10x_hd.o(RESET)
</UL>
<P><STRONG><a name="[13]"></a>HardFault_Handler</STRONG> (Thumb, 2 bytes, Stack size 0 bytes, startup_stm32f10x_hd.o(.text))
<BR><BR>[Calls]<UL><LI><a href="#[13]">&gt;&gt;</a>&nbsp;&nbsp;&nbsp;HardFault_Handler
</UL>
<BR>[Called By]<UL><LI><a href="#[13]">&gt;&gt;</a>&nbsp;&nbsp;&nbsp;HardFault_Handler
</UL>
<BR>[Address Reference Count : 1]<UL><LI> startup_stm32f10x_hd.o(RESET)
</UL>
<P><STRONG><a name="[14]"></a>MemManage_Handler</STRONG> (Thumb, 2 bytes, Stack size 0 bytes, startup_stm32f10x_hd.o(.text))
<BR><BR>[Calls]<UL><LI><a href="#[14]">&gt;&gt;</a>&nbsp;&nbsp;&nbsp;MemManage_Handler
</UL>
<BR>[Called By]<UL><LI><a href="#[14]">&gt;&gt;</a>&nbsp;&nbsp;&nbsp;MemManage_Handler
</UL>
<BR>[Address Reference Count : 1]<UL><LI> startup_stm32f10x_hd.o(RESET)
</UL>
<P><STRONG><a name="[15]"></a>BusFault_Handler</STRONG> (Thumb, 2 bytes, Stack size 0 bytes, startup_stm32f10x_hd.o(.text))
<BR><BR>[Calls]<UL><LI><a href="#[15]">&gt;&gt;</a>&nbsp;&nbsp;&nbsp;BusFault_Handler
</UL>
<BR>[Called By]<UL><LI><a href="#[15]">&gt;&gt;</a>&nbsp;&nbsp;&nbsp;BusFault_Handler
</UL>
<BR>[Address Reference Count : 1]<UL><LI> startup_stm32f10x_hd.o(RESET)
</UL>
<P><STRONG><a name="[16]"></a>UsageFault_Handler</STRONG> (Thumb, 2 bytes, Stack size 0 bytes, startup_stm32f10x_hd.o(.text))
<BR><BR>[Calls]<UL><LI><a href="#[16]">&gt;&gt;</a>&nbsp;&nbsp;&nbsp;UsageFault_Handler
</UL>
<BR>[Called By]<UL><LI><a href="#[16]">&gt;&gt;</a>&nbsp;&nbsp;&nbsp;UsageFault_Handler
</UL>
<BR>[Address Reference Count : 1]<UL><LI> startup_stm32f10x_hd.o(RESET)
</UL>
<P><STRONG><a name="[17]"></a>SVC_Handler</STRONG> (Thumb, 2 bytes, Stack size 0 bytes, startup_stm32f10x_hd.o(.text))
<BR><BR>[Calls]<UL><LI><a href="#[17]">&gt;&gt;</a>&nbsp;&nbsp;&nbsp;SVC_Handler
</UL>
<BR>[Called By]<UL><LI><a href="#[17]">&gt;&gt;</a>&nbsp;&nbsp;&nbsp;SVC_Handler
</UL>
<BR>[Address Reference Count : 1]<UL><LI> startup_stm32f10x_hd.o(RESET)
</UL>
<P><STRONG><a name="[18]"></a>DebugMon_Handler</STRONG> (Thumb, 2 bytes, Stack size 0 bytes, startup_stm32f10x_hd.o(.text))
<BR><BR>[Calls]<UL><LI><a href="#[18]">&gt;&gt;</a>&nbsp;&nbsp;&nbsp;DebugMon_Handler
</UL>
<BR>[Called By]<UL><LI><a href="#[18]">&gt;&gt;</a>&nbsp;&nbsp;&nbsp;DebugMon_Handler
</UL>
<BR>[Address Reference Count : 1]<UL><LI> startup_stm32f10x_hd.o(RESET)
</UL>
<P><STRONG><a name="[19]"></a>PendSV_Handler</STRONG> (Thumb, 2 bytes, Stack size 0 bytes, startup_stm32f10x_hd.o(.text))
<BR><BR>[Calls]<UL><LI><a href="#[19]">&gt;&gt;</a>&nbsp;&nbsp;&nbsp;PendSV_Handler
</UL>
<BR>[Called By]<UL><LI><a href="#[19]">&gt;&gt;</a>&nbsp;&nbsp;&nbsp;PendSV_Handler
</UL>
<BR>[Address Reference Count : 1]<UL><LI> startup_stm32f10x_hd.o(RESET)
</UL>
<P><STRONG><a name="[2d]"></a>ADC1_2_IRQHandler</STRONG> (Thumb, 0 bytes, Stack size 0 bytes, startup_stm32f10x_hd.o(.text))
<BR><BR>[Calls]<UL><LI><a href="#[2d]">&gt;&gt;</a>&nbsp;&nbsp;&nbsp;ADC1_2_IRQHandler
</UL>
<BR>[Called By]<UL><LI><a href="#[2d]">&gt;&gt;</a>&nbsp;&nbsp;&nbsp;ADC1_2_IRQHandler
</UL>
<BR>[Address Reference Count : 1]<UL><LI> startup_stm32f10x_hd.o(RESET)
</UL>
<P><STRONG><a name="[4a]"></a>ADC3_IRQHandler</STRONG> (Thumb, 0 bytes, Stack size 0 bytes, startup_stm32f10x_hd.o(.text))
<BR>[Address Reference Count : 1]<UL><LI> startup_stm32f10x_hd.o(RESET)
</UL>
<P><STRONG><a name="[30]"></a>CAN1_RX1_IRQHandler</STRONG> (Thumb, 0 bytes, Stack size 0 bytes, startup_stm32f10x_hd.o(.text))
<BR>[Address Reference Count : 1]<UL><LI> startup_stm32f10x_hd.o(RESET)
</UL>
<P><STRONG><a name="[31]"></a>CAN1_SCE_IRQHandler</STRONG> (Thumb, 0 bytes, Stack size 0 bytes, startup_stm32f10x_hd.o(.text))
<BR>[Address Reference Count : 1]<UL><LI> startup_stm32f10x_hd.o(RESET)
</UL>
<P><STRONG><a name="[26]"></a>DMA1_Channel1_IRQHandler</STRONG> (Thumb, 0 bytes, Stack size 0 bytes, startup_stm32f10x_hd.o(.text))
<BR>[Address Reference Count : 1]<UL><LI> startup_stm32f10x_hd.o(RESET)
</UL>
<P><STRONG><a name="[27]"></a>DMA1_Channel2_IRQHandler</STRONG> (Thumb, 0 bytes, Stack size 0 bytes, startup_stm32f10x_hd.o(.text))
<BR>[Address Reference Count : 1]<UL><LI> startup_stm32f10x_hd.o(RESET)
</UL>
<P><STRONG><a name="[28]"></a>DMA1_Channel3_IRQHandler</STRONG> (Thumb, 0 bytes, Stack size 0 bytes, startup_stm32f10x_hd.o(.text))
<BR>[Address Reference Count : 1]<UL><LI> startup_stm32f10x_hd.o(RESET)
</UL>
<P><STRONG><a name="[29]"></a>DMA1_Channel4_IRQHandler</STRONG> (Thumb, 0 bytes, Stack size 0 bytes, startup_stm32f10x_hd.o(.text))
<BR>[Address Reference Count : 1]<UL><LI> startup_stm32f10x_hd.o(RESET)
</UL>
<P><STRONG><a name="[2a]"></a>DMA1_Channel5_IRQHandler</STRONG> (Thumb, 0 bytes, Stack size 0 bytes, startup_stm32f10x_hd.o(.text))
<BR>[Address Reference Count : 1]<UL><LI> startup_stm32f10x_hd.o(RESET)
</UL>
<P><STRONG><a name="[2b]"></a>DMA1_Channel6_IRQHandler</STRONG> (Thumb, 0 bytes, Stack size 0 bytes, startup_stm32f10x_hd.o(.text))
<BR>[Address Reference Count : 1]<UL><LI> startup_stm32f10x_hd.o(RESET)
</UL>
<P><STRONG><a name="[2c]"></a>DMA1_Channel7_IRQHandler</STRONG> (Thumb, 0 bytes, Stack size 0 bytes, startup_stm32f10x_hd.o(.text))
<BR>[Address Reference Count : 1]<UL><LI> startup_stm32f10x_hd.o(RESET)
</UL>
<P><STRONG><a name="[53]"></a>DMA2_Channel1_IRQHandler</STRONG> (Thumb, 0 bytes, Stack size 0 bytes, startup_stm32f10x_hd.o(.text))
<BR>[Address Reference Count : 1]<UL><LI> startup_stm32f10x_hd.o(RESET)
</UL>
<P><STRONG><a name="[54]"></a>DMA2_Channel2_IRQHandler</STRONG> (Thumb, 0 bytes, Stack size 0 bytes, startup_stm32f10x_hd.o(.text))
<BR>[Address Reference Count : 1]<UL><LI> startup_stm32f10x_hd.o(RESET)
</UL>
<P><STRONG><a name="[55]"></a>DMA2_Channel3_IRQHandler</STRONG> (Thumb, 0 bytes, Stack size 0 bytes, startup_stm32f10x_hd.o(.text))
<BR>[Address Reference Count : 1]<UL><LI> startup_stm32f10x_hd.o(RESET)
</UL>
<P><STRONG><a name="[56]"></a>DMA2_Channel4_5_IRQHandler</STRONG> (Thumb, 0 bytes, Stack size 0 bytes, startup_stm32f10x_hd.o(.text))
<BR>[Address Reference Count : 1]<UL><LI> startup_stm32f10x_hd.o(RESET)
</UL>
<P><STRONG><a name="[21]"></a>EXTI0_IRQHandler</STRONG> (Thumb, 0 bytes, Stack size 0 bytes, startup_stm32f10x_hd.o(.text))
<BR>[Address Reference Count : 1]<UL><LI> startup_stm32f10x_hd.o(RESET)
</UL>
<P><STRONG><a name="[43]"></a>EXTI15_10_IRQHandler</STRONG> (Thumb, 0 bytes, Stack size 0 bytes, startup_stm32f10x_hd.o(.text))
<BR>[Address Reference Count : 1]<UL><LI> startup_stm32f10x_hd.o(RESET)
</UL>
<P><STRONG><a name="[22]"></a>EXTI1_IRQHandler</STRONG> (Thumb, 0 bytes, Stack size 0 bytes, startup_stm32f10x_hd.o(.text))
<BR>[Address Reference Count : 1]<UL><LI> startup_stm32f10x_hd.o(RESET)
</UL>
<P><STRONG><a name="[23]"></a>EXTI2_IRQHandler</STRONG> (Thumb, 0 bytes, Stack size 0 bytes, startup_stm32f10x_hd.o(.text))
<BR>[Address Reference Count : 1]<UL><LI> startup_stm32f10x_hd.o(RESET)
</UL>
<P><STRONG><a name="[24]"></a>EXTI3_IRQHandler</STRONG> (Thumb, 0 bytes, Stack size 0 bytes, startup_stm32f10x_hd.o(.text))
<BR>[Address Reference Count : 1]<UL><LI> startup_stm32f10x_hd.o(RESET)
</UL>
<P><STRONG><a name="[25]"></a>EXTI4_IRQHandler</STRONG> (Thumb, 0 bytes, Stack size 0 bytes, startup_stm32f10x_hd.o(.text))
<BR>[Address Reference Count : 1]<UL><LI> startup_stm32f10x_hd.o(RESET)
</UL>
<P><STRONG><a name="[32]"></a>EXTI9_5_IRQHandler</STRONG> (Thumb, 0 bytes, Stack size 0 bytes, startup_stm32f10x_hd.o(.text))
<BR>[Address Reference Count : 1]<UL><LI> startup_stm32f10x_hd.o(RESET)
</UL>
<P><STRONG><a name="[1f]"></a>FLASH_IRQHandler</STRONG> (Thumb, 0 bytes, Stack size 0 bytes, startup_stm32f10x_hd.o(.text))
<BR>[Address Reference Count : 1]<UL><LI> startup_stm32f10x_hd.o(RESET)
</UL>
<P><STRONG><a name="[4b]"></a>FSMC_IRQHandler</STRONG> (Thumb, 0 bytes, Stack size 0 bytes, startup_stm32f10x_hd.o(.text))
<BR>[Address Reference Count : 1]<UL><LI> startup_stm32f10x_hd.o(RESET)
</UL>
<P><STRONG><a name="[3b]"></a>I2C1_ER_IRQHandler</STRONG> (Thumb, 0 bytes, Stack size 0 bytes, startup_stm32f10x_hd.o(.text))
<BR>[Address Reference Count : 1]<UL><LI> startup_stm32f10x_hd.o(RESET)
</UL>
<P><STRONG><a name="[3a]"></a>I2C1_EV_IRQHandler</STRONG> (Thumb, 0 bytes, Stack size 0 bytes, startup_stm32f10x_hd.o(.text))
<BR>[Address Reference Count : 1]<UL><LI> startup_stm32f10x_hd.o(RESET)
</UL>
<P><STRONG><a name="[3d]"></a>I2C2_ER_IRQHandler</STRONG> (Thumb, 0 bytes, Stack size 0 bytes, startup_stm32f10x_hd.o(.text))
<BR>[Address Reference Count : 1]<UL><LI> startup_stm32f10x_hd.o(RESET)
</UL>
<P><STRONG><a name="[3c]"></a>I2C2_EV_IRQHandler</STRONG> (Thumb, 0 bytes, Stack size 0 bytes, startup_stm32f10x_hd.o(.text))
<BR>[Address Reference Count : 1]<UL><LI> startup_stm32f10x_hd.o(RESET)
</UL>
<P><STRONG><a name="[1c]"></a>PVD_IRQHandler</STRONG> (Thumb, 0 bytes, Stack size 0 bytes, startup_stm32f10x_hd.o(.text))
<BR>[Address Reference Count : 1]<UL><LI> startup_stm32f10x_hd.o(RESET)
</UL>
<P><STRONG><a name="[20]"></a>RCC_IRQHandler</STRONG> (Thumb, 0 bytes, Stack size 0 bytes, startup_stm32f10x_hd.o(.text))
<BR>[Address Reference Count : 1]<UL><LI> startup_stm32f10x_hd.o(RESET)
</UL>
<P><STRONG><a name="[44]"></a>RTCAlarm_IRQHandler</STRONG> (Thumb, 0 bytes, Stack size 0 bytes, startup_stm32f10x_hd.o(.text))
<BR>[Address Reference Count : 1]<UL><LI> startup_stm32f10x_hd.o(RESET)
</UL>
<P><STRONG><a name="[1e]"></a>RTC_IRQHandler</STRONG> (Thumb, 0 bytes, Stack size 0 bytes, startup_stm32f10x_hd.o(.text))
<BR>[Address Reference Count : 1]<UL><LI> startup_stm32f10x_hd.o(RESET)
</UL>
<P><STRONG><a name="[4c]"></a>SDIO_IRQHandler</STRONG> (Thumb, 0 bytes, Stack size 0 bytes, startup_stm32f10x_hd.o(.text))
<BR>[Address Reference Count : 1]<UL><LI> startup_stm32f10x_hd.o(RESET)
</UL>
<P><STRONG><a name="[3e]"></a>SPI1_IRQHandler</STRONG> (Thumb, 0 bytes, Stack size 0 bytes, startup_stm32f10x_hd.o(.text))
<BR>[Address Reference Count : 1]<UL><LI> startup_stm32f10x_hd.o(RESET)
</UL>
<P><STRONG><a name="[3f]"></a>SPI2_IRQHandler</STRONG> (Thumb, 0 bytes, Stack size 0 bytes, startup_stm32f10x_hd.o(.text))
<BR>[Address Reference Count : 1]<UL><LI> startup_stm32f10x_hd.o(RESET)
</UL>
<P><STRONG><a name="[4e]"></a>SPI3_IRQHandler</STRONG> (Thumb, 0 bytes, Stack size 0 bytes, startup_stm32f10x_hd.o(.text))
<BR>[Address Reference Count : 1]<UL><LI> startup_stm32f10x_hd.o(RESET)
</UL>
<P><STRONG><a name="[1d]"></a>TAMPER_IRQHandler</STRONG> (Thumb, 0 bytes, Stack size 0 bytes, startup_stm32f10x_hd.o(.text))
<BR>[Address Reference Count : 1]<UL><LI> startup_stm32f10x_hd.o(RESET)
</UL>
<P><STRONG><a name="[33]"></a>TIM1_BRK_IRQHandler</STRONG> (Thumb, 0 bytes, Stack size 0 bytes, startup_stm32f10x_hd.o(.text))
<BR>[Address Reference Count : 1]<UL><LI> startup_stm32f10x_hd.o(RESET)
</UL>
<P><STRONG><a name="[36]"></a>TIM1_CC_IRQHandler</STRONG> (Thumb, 0 bytes, Stack size 0 bytes, startup_stm32f10x_hd.o(.text))
<BR>[Address Reference Count : 1]<UL><LI> startup_stm32f10x_hd.o(RESET)
</UL>
<P><STRONG><a name="[35]"></a>TIM1_TRG_COM_IRQHandler</STRONG> (Thumb, 0 bytes, Stack size 0 bytes, startup_stm32f10x_hd.o(.text))
<BR>[Address Reference Count : 1]<UL><LI> startup_stm32f10x_hd.o(RESET)
</UL>
<P><STRONG><a name="[34]"></a>TIM1_UP_IRQHandler</STRONG> (Thumb, 0 bytes, Stack size 0 bytes, startup_stm32f10x_hd.o(.text))
<BR>[Address Reference Count : 1]<UL><LI> startup_stm32f10x_hd.o(RESET)
</UL>
<P><STRONG><a name="[37]"></a>TIM2_IRQHandler</STRONG> (Thumb, 0 bytes, Stack size 0 bytes, startup_stm32f10x_hd.o(.text))
<BR>[Address Reference Count : 1]<UL><LI> startup_stm32f10x_hd.o(RESET)
</UL>
<P><STRONG><a name="[38]"></a>TIM3_IRQHandler</STRONG> (Thumb, 0 bytes, Stack size 0 bytes, startup_stm32f10x_hd.o(.text))
<BR>[Address Reference Count : 1]<UL><LI> startup_stm32f10x_hd.o(RESET)
</UL>
<P><STRONG><a name="[39]"></a>TIM4_IRQHandler</STRONG> (Thumb, 0 bytes, Stack size 0 bytes, startup_stm32f10x_hd.o(.text))
<BR>[Address Reference Count : 1]<UL><LI> startup_stm32f10x_hd.o(RESET)
</UL>
<P><STRONG><a name="[4d]"></a>TIM5_IRQHandler</STRONG> (Thumb, 0 bytes, Stack size 0 bytes, startup_stm32f10x_hd.o(.text))
<BR>[Address Reference Count : 1]<UL><LI> startup_stm32f10x_hd.o(RESET)
</UL>
<P><STRONG><a name="[51]"></a>TIM6_IRQHandler</STRONG> (Thumb, 0 bytes, Stack size 0 bytes, startup_stm32f10x_hd.o(.text))
<BR>[Address Reference Count : 1]<UL><LI> startup_stm32f10x_hd.o(RESET)
</UL>
<P><STRONG><a name="[52]"></a>TIM7_IRQHandler</STRONG> (Thumb, 0 bytes, Stack size 0 bytes, startup_stm32f10x_hd.o(.text))
<BR>[Address Reference Count : 1]<UL><LI> startup_stm32f10x_hd.o(RESET)
</UL>
<P><STRONG><a name="[46]"></a>TIM8_BRK_IRQHandler</STRONG> (Thumb, 0 bytes, Stack size 0 bytes, startup_stm32f10x_hd.o(.text))
<BR>[Address Reference Count : 1]<UL><LI> startup_stm32f10x_hd.o(RESET)
</UL>
<P><STRONG><a name="[49]"></a>TIM8_CC_IRQHandler</STRONG> (Thumb, 0 bytes, Stack size 0 bytes, startup_stm32f10x_hd.o(.text))
<BR>[Address Reference Count : 1]<UL><LI> startup_stm32f10x_hd.o(RESET)
</UL>
<P><STRONG><a name="[48]"></a>TIM8_TRG_COM_IRQHandler</STRONG> (Thumb, 0 bytes, Stack size 0 bytes, startup_stm32f10x_hd.o(.text))
<BR>[Address Reference Count : 1]<UL><LI> startup_stm32f10x_hd.o(RESET)
</UL>
<P><STRONG><a name="[47]"></a>TIM8_UP_IRQHandler</STRONG> (Thumb, 0 bytes, Stack size 0 bytes, startup_stm32f10x_hd.o(.text))
<BR>[Address Reference Count : 1]<UL><LI> startup_stm32f10x_hd.o(RESET)
</UL>
<P><STRONG><a name="[4f]"></a>UART4_IRQHandler</STRONG> (Thumb, 0 bytes, Stack size 0 bytes, startup_stm32f10x_hd.o(.text))
<BR>[Address Reference Count : 1]<UL><LI> startup_stm32f10x_hd.o(RESET)
</UL>
<P><STRONG><a name="[50]"></a>UART5_IRQHandler</STRONG> (Thumb, 0 bytes, Stack size 0 bytes, startup_stm32f10x_hd.o(.text))
<BR>[Address Reference Count : 1]<UL><LI> startup_stm32f10x_hd.o(RESET)
</UL>
<P><STRONG><a name="[40]"></a>USART1_IRQHandler</STRONG> (Thumb, 0 bytes, Stack size 0 bytes, startup_stm32f10x_hd.o(.text))
<BR>[Address Reference Count : 1]<UL><LI> startup_stm32f10x_hd.o(RESET)
</UL>
<P><STRONG><a name="[41]"></a>USART2_IRQHandler</STRONG> (Thumb, 0 bytes, Stack size 0 bytes, startup_stm32f10x_hd.o(.text))
<BR>[Address Reference Count : 1]<UL><LI> startup_stm32f10x_hd.o(RESET)
</UL>
<P><STRONG><a name="[42]"></a>USART3_IRQHandler</STRONG> (Thumb, 0 bytes, Stack size 0 bytes, startup_stm32f10x_hd.o(.text))
<BR>[Address Reference Count : 1]<UL><LI> startup_stm32f10x_hd.o(RESET)
</UL>
<P><STRONG><a name="[45]"></a>USBWakeUp_IRQHandler</STRONG> (Thumb, 0 bytes, Stack size 0 bytes, startup_stm32f10x_hd.o(.text))
<BR>[Address Reference Count : 1]<UL><LI> startup_stm32f10x_hd.o(RESET)
</UL>
<P><STRONG><a name="[2e]"></a>USB_HP_CAN1_TX_IRQHandler</STRONG> (Thumb, 0 bytes, Stack size 0 bytes, startup_stm32f10x_hd.o(.text))
<BR>[Address Reference Count : 1]<UL><LI> startup_stm32f10x_hd.o(RESET)
</UL>
<P><STRONG><a name="[2f]"></a>USB_LP_CAN1_RX0_IRQHandler</STRONG> (Thumb, 0 bytes, Stack size 0 bytes, startup_stm32f10x_hd.o(.text))
<BR>[Address Reference Count : 1]<UL><LI> startup_stm32f10x_hd.o(RESET)
</UL>
<P><STRONG><a name="[1b]"></a>WWDG_IRQHandler</STRONG> (Thumb, 0 bytes, Stack size 0 bytes, startup_stm32f10x_hd.o(.text))
<BR>[Address Reference Count : 1]<UL><LI> startup_stm32f10x_hd.o(RESET)
</UL>
<P><STRONG><a name="[79]"></a>__user_initial_stackheap</STRONG> (Thumb, 0 bytes, Stack size unknown bytes, startup_stm32f10x_hd.o(.text))
<BR><BR>[Called By]<UL><LI><a href="#[66]">&gt;&gt;</a>&nbsp;&nbsp;&nbsp;__user_setup_stackheap
</UL>

<P><STRONG><a name="[a6]"></a>__aeabi_memcpy4</STRONG> (Thumb, 0 bytes, Stack size 8 bytes, rt_memcpy_w.o(.text))
<BR><BR>[Stack]<UL><LI>Max Depth = 8<LI>Call Chain = __aeabi_memcpy4
</UL>
<BR>[Called By]<UL><LI><a href="#[a4]">&gt;&gt;</a>&nbsp;&nbsp;&nbsp;UART::UART(unsigned char, unsigned, bool, bool, bool, unsigned short, unsigned short, unsigned short)
</UL>

<P><STRONG><a name="[ed]"></a>__aeabi_memcpy8</STRONG> (Thumb, 0 bytes, Stack size 8 bytes, rt_memcpy_w.o(.text), UNUSED)

<P><STRONG><a name="[ee]"></a>__rt_memcpy_w</STRONG> (Thumb, 100 bytes, Stack size 8 bytes, rt_memcpy_w.o(.text), UNUSED)

<P><STRONG><a name="[ef]"></a>_memcpy_lastbytes_aligned</STRONG> (Thumb, 0 bytes, Stack size unknown bytes, rt_memcpy_w.o(.text), UNUSED)

<P><STRONG><a name="[f0]"></a>__use_two_region_memory</STRONG> (Thumb, 2 bytes, Stack size 0 bytes, heapauxi.o(.text), UNUSED)

<P><STRONG><a name="[9]"></a>__rt_heap_escrow</STRONG> (Thumb, 2 bytes, Stack size 0 bytes, heapauxi.o(.text), UNUSED)

<P><STRONG><a name="[8]"></a>__rt_heap_expand</STRONG> (Thumb, 2 bytes, Stack size 0 bytes, heapauxi.o(.text), UNUSED)

<P><STRONG><a name="[5d]"></a>__cpp_initialize__aeabi_</STRONG> (Thumb, 26 bytes, Stack size 16 bytes, init_aeabi.o(.text))
<BR><BR>[Stack]<UL><LI>Max Depth = 16<LI>Call Chain = __cpp_initialize__aeabi_
</UL>
<BR>[Called By]<UL><LI><a href="#[64]">&gt;&gt;</a>&nbsp;&nbsp;&nbsp;__rt_lib_init_cpp_2
</UL>

<P><STRONG><a name="[bb]"></a>__rt_new_handler_addr</STRONG> (Thumb, 8 bytes, Stack size 0 bytes, rt_new_handler_addr_intlibspace.o(.text))
<BR><BR>[Called By]<UL><LI><a href="#[ba]">&gt;&gt;</a>&nbsp;&nbsp;&nbsp;operator new(unsigned)
</UL>

<P><STRONG><a name="[70]"></a>malloc</STRONG> (Thumb, 94 bytes, Stack size 16 bytes, h1_alloc.o(.text))
<BR><BR>[Stack]<UL><LI>Max Depth = 48<LI>Call Chain = malloc &rArr; __Heap_Full &rArr; __Heap_ProvideMemory &rArr; free
</UL>
<BR>[Calls]<UL><LI><a href="#[72]">&gt;&gt;</a>&nbsp;&nbsp;&nbsp;__Heap_Full
<LI><a href="#[71]">&gt;&gt;</a>&nbsp;&nbsp;&nbsp;__rt_heap_descriptor
</UL>
<BR>[Called By]<UL><LI><a href="#[ba]">&gt;&gt;</a>&nbsp;&nbsp;&nbsp;operator new(unsigned)
<LI><a href="#[77]">&gt;&gt;</a>&nbsp;&nbsp;&nbsp;__ARM_exceptions_buffer_init
<LI><a href="#[74]">&gt;&gt;</a>&nbsp;&nbsp;&nbsp;__cxa_get_globals
</UL>

<P><STRONG><a name="[5a]"></a>__default_new_handler()</STRONG> (Thumb, 4 bytes, Stack size 0 bytes, arm_newhandler_noexceptions.o(.text))
<BR>[Address Reference Count : 1]<UL><LI> new.o(i._Znwj)
</UL>
<P><STRONG><a name="[73]"></a>std::terminate()</STRONG> (Thumb, 26 bytes, Stack size 8 bytes, arm_exceptions_terminate.o(.text), UNUSED)
<BR><BR>[Calls]<UL><LI><a href="#[75]">&gt;&gt;</a>&nbsp;&nbsp;&nbsp;abort
<LI><a href="#[74]">&gt;&gt;</a>&nbsp;&nbsp;&nbsp;__cxa_get_globals
</UL>

<P><STRONG><a name="[74]"></a>__cxa_get_globals</STRONG> (Thumb, 62 bytes, Stack size 16 bytes, arm_exceptions_globs.o(.text), UNUSED)
<BR><BR>[Calls]<UL><LI><a href="#[70]">&gt;&gt;</a>&nbsp;&nbsp;&nbsp;malloc
<LI><a href="#[77]">&gt;&gt;</a>&nbsp;&nbsp;&nbsp;__ARM_exceptions_buffer_init
<LI><a href="#[75]">&gt;&gt;</a>&nbsp;&nbsp;&nbsp;abort
<LI><a href="#[76]">&gt;&gt;</a>&nbsp;&nbsp;&nbsp;__rt_eh_globals_addr
</UL>
<BR>[Called By]<UL><LI><a href="#[73]">&gt;&gt;</a>&nbsp;&nbsp;&nbsp;std::terminate()
</UL>

<P><STRONG><a name="[f1]"></a>__user_libspace</STRONG> (Thumb, 8 bytes, Stack size 0 bytes, libspace.o(.text), UNUSED)

<P><STRONG><a name="[78]"></a>__user_perproc_libspace</STRONG> (Thumb, 0 bytes, Stack size 0 bytes, libspace.o(.text))
<BR><BR>[Called By]<UL><LI><a href="#[66]">&gt;&gt;</a>&nbsp;&nbsp;&nbsp;__user_setup_stackheap
</UL>

<P><STRONG><a name="[f2]"></a>__user_perthread_libspace</STRONG> (Thumb, 0 bytes, Stack size 0 bytes, libspace.o(.text), UNUSED)

<P><STRONG><a name="[66]"></a>__user_setup_stackheap</STRONG> (Thumb, 74 bytes, Stack size 8 bytes, sys_stackheap_outer.o(.text))
<BR><BR>[Stack]<UL><LI>Max Depth = 8 + Unknown Stack Size
<LI>Call Chain = __user_setup_stackheap
</UL>
<BR>[Calls]<UL><LI><a href="#[79]">&gt;&gt;</a>&nbsp;&nbsp;&nbsp;__user_initial_stackheap
<LI><a href="#[78]">&gt;&gt;</a>&nbsp;&nbsp;&nbsp;__user_perproc_libspace
</UL>
<BR>[Called By]<UL><LI><a href="#[65]">&gt;&gt;</a>&nbsp;&nbsp;&nbsp;__rt_entry_sh
</UL>

<P><STRONG><a name="[71]"></a>__rt_heap_descriptor</STRONG> (Thumb, 8 bytes, Stack size 0 bytes, rt_heap_descriptor_intlibspace.o(.text))
<BR><BR>[Called By]<UL><LI><a href="#[70]">&gt;&gt;</a>&nbsp;&nbsp;&nbsp;malloc
<LI><a href="#[7e]">&gt;&gt;</a>&nbsp;&nbsp;&nbsp;free
<LI><a href="#[63]">&gt;&gt;</a>&nbsp;&nbsp;&nbsp;_init_alloc
</UL>

<P><STRONG><a name="[76]"></a>__rt_eh_globals_addr</STRONG> (Thumb, 8 bytes, Stack size 0 bytes, rt_eh_globals_addr_intlibspace.o(.text), UNUSED)
<BR><BR>[Called By]<UL><LI><a href="#[74]">&gt;&gt;</a>&nbsp;&nbsp;&nbsp;__cxa_get_globals
</UL>

<P><STRONG><a name="[f3]"></a>__use_no_heap</STRONG> (Thumb, 2 bytes, Stack size 0 bytes, hguard.o(.text), UNUSED)

<P><STRONG><a name="[f4]"></a>__heap$guard</STRONG> (Thumb, 2 bytes, Stack size 0 bytes, hguard.o(.text), UNUSED)

<P><STRONG><a name="[10]"></a>_terminate_user_alloc</STRONG> (Thumb, 2 bytes, Stack size 0 bytes, init_alloc.o(.text), UNUSED)

<P><STRONG><a name="[4]"></a>_init_user_alloc</STRONG> (Thumb, 2 bytes, Stack size 0 bytes, init_alloc.o(.text), UNUSED)

<P><STRONG><a name="[72]"></a>__Heap_Full</STRONG> (Thumb, 34 bytes, Stack size 16 bytes, init_alloc.o(.text))
<BR><BR>[Stack]<UL><LI>Max Depth = 32<LI>Call Chain = __Heap_Full &rArr; __Heap_ProvideMemory &rArr; free
</UL>
<BR>[Calls]<UL><LI><a href="#[7a]">&gt;&gt;</a>&nbsp;&nbsp;&nbsp;__Heap_ProvideMemory
</UL>
<BR>[Called By]<UL><LI><a href="#[70]">&gt;&gt;</a>&nbsp;&nbsp;&nbsp;malloc
</UL>

<P><STRONG><a name="[7b]"></a>__Heap_Broken</STRONG> (Thumb, 6 bytes, Stack size 0 bytes, init_alloc.o(.text), UNUSED)
<BR><BR>[Calls]<UL><LI><a href="#[7c]">&gt;&gt;</a>&nbsp;&nbsp;&nbsp;__rt_SIGRTMEM
</UL>

<P><STRONG><a name="[63]"></a>_init_alloc</STRONG> (Thumb, 94 bytes, Stack size 24 bytes, init_alloc.o(.text))
<BR><BR>[Stack]<UL><LI>Max Depth = 64<LI>Call Chain = _init_alloc &rArr; __rt_SIGRTMEM &rArr; __rt_SIGRTMEM_inner &rArr; __default_signal_display &rArr; _ttywrch
</UL>
<BR>[Calls]<UL><LI><a href="#[7c]">&gt;&gt;</a>&nbsp;&nbsp;&nbsp;__rt_SIGRTMEM
<LI><a href="#[7a]">&gt;&gt;</a>&nbsp;&nbsp;&nbsp;__Heap_ProvideMemory
<LI><a href="#[7d]">&gt;&gt;</a>&nbsp;&nbsp;&nbsp;__Heap_Initialize
<LI><a href="#[71]">&gt;&gt;</a>&nbsp;&nbsp;&nbsp;__rt_heap_descriptor
</UL>
<BR>[Called By]<UL><LI><a href="#[62]">&gt;&gt;</a>&nbsp;&nbsp;&nbsp;__rt_lib_init_heap_2
</UL>

<P><STRONG><a name="[7d]"></a>__Heap_Initialize</STRONG> (Thumb, 10 bytes, Stack size 0 bytes, h1_init.o(.text))
<BR><BR>[Called By]<UL><LI><a href="#[63]">&gt;&gt;</a>&nbsp;&nbsp;&nbsp;_init_alloc
</UL>

<P><STRONG><a name="[a]"></a>__Heap_DescSize</STRONG> (Thumb, 4 bytes, Stack size 0 bytes, h1_init.o(.text), UNUSED)

<P><STRONG><a name="[7e]"></a>free</STRONG> (Thumb, 78 bytes, Stack size 16 bytes, h1_free.o(.text))
<BR><BR>[Stack]<UL><LI>Max Depth = 16<LI>Call Chain = free
</UL>
<BR>[Calls]<UL><LI><a href="#[71]">&gt;&gt;</a>&nbsp;&nbsp;&nbsp;__rt_heap_descriptor
</UL>
<BR>[Called By]<UL><LI><a href="#[7a]">&gt;&gt;</a>&nbsp;&nbsp;&nbsp;__Heap_ProvideMemory
</UL>

<P><STRONG><a name="[6b]"></a>exit</STRONG> (Thumb, 12 bytes, Stack size 0 bytes, exit.o(.text))
<BR><BR>[Calls]<UL><LI><a href="#[7f]">&gt;&gt;</a>&nbsp;&nbsp;&nbsp;__rt_exit
</UL>
<BR>[Called By]<UL><LI><a href="#[69]">&gt;&gt;</a>&nbsp;&nbsp;&nbsp;__rt_entry_main
</UL>

<P><STRONG><a name="[75]"></a>abort</STRONG> (Thumb, 16 bytes, Stack size 0 bytes, abort.o(.text))
<BR><BR>[Stack]<UL><LI>Max Depth = 40 + Unknown Stack Size
<LI>Call Chain = abort &rArr; __rt_SIGABRT &rArr; __rt_SIGABRT_inner &rArr; __default_signal_display &rArr; _ttywrch
</UL>
<BR>[Calls]<UL><LI><a href="#[6d]">&gt;&gt;</a>&nbsp;&nbsp;&nbsp;__rt_lib_shutdown
<LI><a href="#[80]">&gt;&gt;</a>&nbsp;&nbsp;&nbsp;__rt_SIGABRT
<LI><a href="#[6f]">&gt;&gt;</a>&nbsp;&nbsp;&nbsp;_sys_exit
</UL>
<BR>[Called By]<UL><LI><a href="#[74]">&gt;&gt;</a>&nbsp;&nbsp;&nbsp;__cxa_get_globals
<LI><a href="#[59]">&gt;&gt;</a>&nbsp;&nbsp;&nbsp;[local to arm_exceptions_c]::__default_terminate_handler()
<LI><a href="#[73]">&gt;&gt;</a>&nbsp;&nbsp;&nbsp;std::terminate()
</UL>

<P><STRONG><a name="[77]"></a>__ARM_exceptions_buffer_init</STRONG> (Thumb, 18 bytes, Stack size 8 bytes, arm_exceptions_mem.o(.text), UNUSED)
<BR><BR>[Calls]<UL><LI><a href="#[70]">&gt;&gt;</a>&nbsp;&nbsp;&nbsp;malloc
</UL>
<BR>[Called By]<UL><LI><a href="#[74]">&gt;&gt;</a>&nbsp;&nbsp;&nbsp;__cxa_get_globals
</UL>

<P><STRONG><a name="[f5]"></a>__ARM_exceptions_buffer_allocate</STRONG> (Thumb, 22 bytes, Stack size 0 bytes, arm_exceptions_mem.o(.text), UNUSED)

<P><STRONG><a name="[f6]"></a>__ARM_exceptions_buffer_free</STRONG> (Thumb, 20 bytes, Stack size 0 bytes, arm_exceptions_mem.o(.text), UNUSED)

<P><STRONG><a name="[6f]"></a>_sys_exit</STRONG> (Thumb, 8 bytes, Stack size 0 bytes, sys_exit.o(.text))
<BR><BR>[Called By]<UL><LI><a href="#[82]">&gt;&gt;</a>&nbsp;&nbsp;&nbsp;__sig_exit
<LI><a href="#[6e]">&gt;&gt;</a>&nbsp;&nbsp;&nbsp;__rt_exit_exit
<LI><a href="#[75]">&gt;&gt;</a>&nbsp;&nbsp;&nbsp;abort
</UL>

<P><STRONG><a name="[7a]"></a>__Heap_ProvideMemory</STRONG> (Thumb, 52 bytes, Stack size 0 bytes, h1_extend.o(.text))
<BR><BR>[Stack]<UL><LI>Max Depth = 16<LI>Call Chain = __Heap_ProvideMemory &rArr; free
</UL>
<BR>[Calls]<UL><LI><a href="#[7e]">&gt;&gt;</a>&nbsp;&nbsp;&nbsp;free
</UL>
<BR>[Called By]<UL><LI><a href="#[63]">&gt;&gt;</a>&nbsp;&nbsp;&nbsp;_init_alloc
<LI><a href="#[72]">&gt;&gt;</a>&nbsp;&nbsp;&nbsp;__Heap_Full
</UL>

<P><STRONG><a name="[80]"></a>__rt_SIGABRT</STRONG> (Thumb, 14 bytes, Stack size 8 bytes, defsig_abrt_outer.o(.text))
<BR><BR>[Stack]<UL><LI>Max Depth = 40<LI>Call Chain = __rt_SIGABRT &rArr; __rt_SIGABRT_inner &rArr; __default_signal_display &rArr; _ttywrch
</UL>
<BR>[Calls]<UL><LI><a href="#[81]">&gt;&gt;</a>&nbsp;&nbsp;&nbsp;__rt_SIGABRT_inner
<LI><a href="#[82]">&gt;&gt;</a>&nbsp;&nbsp;&nbsp;__sig_exit
</UL>
<BR>[Called By]<UL><LI><a href="#[75]">&gt;&gt;</a>&nbsp;&nbsp;&nbsp;abort
</UL>

<P><STRONG><a name="[7c]"></a>__rt_SIGRTMEM</STRONG> (Thumb, 14 bytes, Stack size 8 bytes, defsig_rtmem_outer.o(.text))
<BR><BR>[Stack]<UL><LI>Max Depth = 40<LI>Call Chain = __rt_SIGRTMEM &rArr; __rt_SIGRTMEM_inner &rArr; __default_signal_display &rArr; _ttywrch
</UL>
<BR>[Calls]<UL><LI><a href="#[83]">&gt;&gt;</a>&nbsp;&nbsp;&nbsp;__rt_SIGRTMEM_inner
<LI><a href="#[82]">&gt;&gt;</a>&nbsp;&nbsp;&nbsp;__sig_exit
</UL>
<BR>[Called By]<UL><LI><a href="#[63]">&gt;&gt;</a>&nbsp;&nbsp;&nbsp;_init_alloc
<LI><a href="#[7b]">&gt;&gt;</a>&nbsp;&nbsp;&nbsp;__Heap_Broken
</UL>

<P><STRONG><a name="[f7]"></a>__I$use$semihosting</STRONG> (Thumb, 0 bytes, Stack size 0 bytes, use_no_semi.o(.text), UNUSED)

<P><STRONG><a name="[f8]"></a>__use_no_semihosting_swi</STRONG> (Thumb, 2 bytes, Stack size 0 bytes, use_no_semi.o(.text), UNUSED)

<P><STRONG><a name="[f9]"></a>__semihosting_library_function</STRONG> (Thumb, 0 bytes, Stack size 0 bytes, indicate_semi.o(.text), UNUSED)

<P><STRONG><a name="[82]"></a>__sig_exit</STRONG> (Thumb, 10 bytes, Stack size 0 bytes, defsig_exit.o(.text))
<BR><BR>[Calls]<UL><LI><a href="#[6f]">&gt;&gt;</a>&nbsp;&nbsp;&nbsp;_sys_exit
</UL>
<BR>[Called By]<UL><LI><a href="#[7c]">&gt;&gt;</a>&nbsp;&nbsp;&nbsp;__rt_SIGRTMEM
<LI><a href="#[80]">&gt;&gt;</a>&nbsp;&nbsp;&nbsp;__rt_SIGABRT
</UL>

<P><STRONG><a name="[81]"></a>__rt_SIGABRT_inner</STRONG> (Thumb, 14 bytes, Stack size 8 bytes, defsig_abrt_inner.o(.text))
<BR><BR>[Stack]<UL><LI>Max Depth = 32<LI>Call Chain = __rt_SIGABRT_inner &rArr; __default_signal_display &rArr; _ttywrch
</UL>
<BR>[Calls]<UL><LI><a href="#[84]">&gt;&gt;</a>&nbsp;&nbsp;&nbsp;__default_signal_display
</UL>
<BR>[Called By]<UL><LI><a href="#[80]">&gt;&gt;</a>&nbsp;&nbsp;&nbsp;__rt_SIGABRT
</UL>

<P><STRONG><a name="[83]"></a>__rt_SIGRTMEM_inner</STRONG> (Thumb, 22 bytes, Stack size 8 bytes, defsig_rtmem_inner.o(.text))
<BR><BR>[Stack]<UL><LI>Max Depth = 32<LI>Call Chain = __rt_SIGRTMEM_inner &rArr; __default_signal_display &rArr; _ttywrch
</UL>
<BR>[Calls]<UL><LI><a href="#[84]">&gt;&gt;</a>&nbsp;&nbsp;&nbsp;__default_signal_display
</UL>
<BR>[Called By]<UL><LI><a href="#[7c]">&gt;&gt;</a>&nbsp;&nbsp;&nbsp;__rt_SIGRTMEM
</UL>

<P><STRONG><a name="[84]"></a>__default_signal_display</STRONG> (Thumb, 50 bytes, Stack size 16 bytes, defsig_general.o(.text))
<BR><BR>[Stack]<UL><LI>Max Depth = 24<LI>Call Chain = __default_signal_display &rArr; _ttywrch
</UL>
<BR>[Calls]<UL><LI><a href="#[85]">&gt;&gt;</a>&nbsp;&nbsp;&nbsp;_ttywrch
</UL>
<BR>[Called By]<UL><LI><a href="#[83]">&gt;&gt;</a>&nbsp;&nbsp;&nbsp;__rt_SIGRTMEM_inner
<LI><a href="#[81]">&gt;&gt;</a>&nbsp;&nbsp;&nbsp;__rt_SIGABRT_inner
</UL>

<P><STRONG><a name="[85]"></a>_ttywrch</STRONG> (Thumb, 14 bytes, Stack size 8 bytes, sys_wrch.o(.text))
<BR><BR>[Stack]<UL><LI>Max Depth = 8<LI>Call Chain = _ttywrch
</UL>
<BR>[Called By]<UL><LI><a href="#[84]">&gt;&gt;</a>&nbsp;&nbsp;&nbsp;__default_signal_display
</UL>

<P><STRONG><a name="[95]"></a>DMA_Cmd</STRONG> (Thumb, 24 bytes, Stack size 0 bytes, stm32f10x_dma.o(i.DMA_Cmd))
<BR><BR>[Called By]<UL><LI><a href="#[a2]">&gt;&gt;</a>&nbsp;&nbsp;&nbsp;UART::SendBytes(unsigned char*, unsigned short)
<LI><a href="#[98]">&gt;&gt;</a>&nbsp;&nbsp;&nbsp;UART::SendByte(unsigned char)
<LI><a href="#[96]">&gt;&gt;</a>&nbsp;&nbsp;&nbsp;UART::TXDMA_Init(unsigned char)
<LI><a href="#[90]">&gt;&gt;</a>&nbsp;&nbsp;&nbsp;UART::RXDMA_Init(unsigned char)
</UL>

<P><STRONG><a name="[92]"></a>DMA_DeInit</STRONG> (Thumb, 324 bytes, Stack size 0 bytes, stm32f10x_dma.o(i.DMA_DeInit))
<BR><BR>[Called By]<UL><LI><a href="#[96]">&gt;&gt;</a>&nbsp;&nbsp;&nbsp;UART::TXDMA_Init(unsigned char)
<LI><a href="#[90]">&gt;&gt;</a>&nbsp;&nbsp;&nbsp;UART::RXDMA_Init(unsigned char)
</UL>

<P><STRONG><a name="[97]"></a>DMA_ITConfig</STRONG> (Thumb, 18 bytes, Stack size 0 bytes, stm32f10x_dma.o(i.DMA_ITConfig))
<BR><BR>[Called By]<UL><LI><a href="#[96]">&gt;&gt;</a>&nbsp;&nbsp;&nbsp;UART::TXDMA_Init(unsigned char)
</UL>

<P><STRONG><a name="[93]"></a>DMA_Init</STRONG> (Thumb, 60 bytes, Stack size 8 bytes, stm32f10x_dma.o(i.DMA_Init))
<BR><BR>[Stack]<UL><LI>Max Depth = 8<LI>Call Chain = DMA_Init
</UL>
<BR>[Called By]<UL><LI><a href="#[96]">&gt;&gt;</a>&nbsp;&nbsp;&nbsp;UART::TXDMA_Init(unsigned char)
<LI><a href="#[90]">&gt;&gt;</a>&nbsp;&nbsp;&nbsp;UART::RXDMA_Init(unsigned char)
</UL>

<P><STRONG><a name="[8d]"></a>GPIO_Init</STRONG> (Thumb, 278 bytes, Stack size 24 bytes, stm32f10x_gpio.o(i.GPIO_Init))
<BR><BR>[Stack]<UL><LI>Max Depth = 24<LI>Call Chain = GPIO_Init
</UL>
<BR>[Called By]<UL><LI><a href="#[8f]">&gt;&gt;</a>&nbsp;&nbsp;&nbsp;GPIO::GPIO(GPIO_TypeDef*, unsigned short, GPIOMode_TypeDef, GPIOSpeed_TypeDef, bool)
<LI><a href="#[8b]">&gt;&gt;</a>&nbsp;&nbsp;&nbsp;LED_Init()
</UL>

<P><STRONG><a name="[a7]"></a>GPIO_PinRemapConfig</STRONG> (Thumb, 138 bytes, Stack size 20 bytes, stm32f10x_gpio.o(i.GPIO_PinRemapConfig))
<BR><BR>[Stack]<UL><LI>Max Depth = 20<LI>Call Chain = GPIO_PinRemapConfig
</UL>
<BR>[Called By]<UL><LI><a href="#[a4]">&gt;&gt;</a>&nbsp;&nbsp;&nbsp;UART::UART(unsigned char, unsigned, bool, bool, bool, unsigned short, unsigned short, unsigned short)
</UL>

<P><STRONG><a name="[8e]"></a>GPIO_SetBits</STRONG> (Thumb, 4 bytes, Stack size 0 bytes, stm32f10x_gpio.o(i.GPIO_SetBits))
<BR><BR>[Called By]<UL><LI><a href="#[8b]">&gt;&gt;</a>&nbsp;&nbsp;&nbsp;LED_Init()
</UL>

<P><STRONG><a name="[a9]"></a>NVIC_Init</STRONG> (Thumb, 100 bytes, Stack size 16 bytes, misc.o(i.NVIC_Init))
<BR><BR>[Stack]<UL><LI>Max Depth = 16<LI>Call Chain = NVIC_Init
</UL>
<BR>[Called By]<UL><LI><a href="#[a4]">&gt;&gt;</a>&nbsp;&nbsp;&nbsp;UART::UART(unsigned char, unsigned, bool, bool, bool, unsigned short, unsigned short, unsigned short)
</UL>

<P><STRONG><a name="[a8]"></a>NVIC_PriorityGroupConfig</STRONG> (Thumb, 10 bytes, Stack size 0 bytes, misc.o(i.NVIC_PriorityGroupConfig))
<BR><BR>[Called By]<UL><LI><a href="#[a4]">&gt;&gt;</a>&nbsp;&nbsp;&nbsp;UART::UART(unsigned char, unsigned, bool, bool, bool, unsigned short, unsigned short, unsigned short)
</UL>

<P><STRONG><a name="[91]"></a>RCC_AHBPeriphClockCmd</STRONG> (Thumb, 26 bytes, Stack size 0 bytes, stm32f10x_rcc.o(i.RCC_AHBPeriphClockCmd))
<BR><BR>[Called By]<UL><LI><a href="#[96]">&gt;&gt;</a>&nbsp;&nbsp;&nbsp;UART::TXDMA_Init(unsigned char)
<LI><a href="#[90]">&gt;&gt;</a>&nbsp;&nbsp;&nbsp;UART::RXDMA_Init(unsigned char)
</UL>

<P><STRONG><a name="[aa]"></a>RCC_APB1PeriphClockCmd</STRONG> (Thumb, 26 bytes, Stack size 0 bytes, stm32f10x_rcc.o(i.RCC_APB1PeriphClockCmd))
<BR><BR>[Called By]<UL><LI><a href="#[a4]">&gt;&gt;</a>&nbsp;&nbsp;&nbsp;UART::UART(unsigned char, unsigned, bool, bool, bool, unsigned short, unsigned short, unsigned short)
</UL>

<P><STRONG><a name="[8c]"></a>RCC_APB2PeriphClockCmd</STRONG> (Thumb, 26 bytes, Stack size 0 bytes, stm32f10x_rcc.o(i.RCC_APB2PeriphClockCmd))
<BR><BR>[Called By]<UL><LI><a href="#[8f]">&gt;&gt;</a>&nbsp;&nbsp;&nbsp;GPIO::GPIO(GPIO_TypeDef*, unsigned short, GPIOMode_TypeDef, GPIOSpeed_TypeDef, bool)
<LI><a href="#[a4]">&gt;&gt;</a>&nbsp;&nbsp;&nbsp;UART::UART(unsigned char, unsigned, bool, bool, bool, unsigned short, unsigned short, unsigned short)
<LI><a href="#[8b]">&gt;&gt;</a>&nbsp;&nbsp;&nbsp;LED_Init()
</UL>

<P><STRONG><a name="[8a]"></a>RCC_GetClocksFreq</STRONG> (Thumb, 192 bytes, Stack size 12 bytes, stm32f10x_rcc.o(i.RCC_GetClocksFreq))
<BR><BR>[Stack]<UL><LI>Max Depth = 12<LI>Call Chain = RCC_GetClocksFreq
</UL>
<BR>[Called By]<UL><LI><a href="#[89]">&gt;&gt;</a>&nbsp;&nbsp;&nbsp;USART_Init
</UL>

<P><STRONG><a name="[1a]"></a>SysTick_Handler</STRONG> (Thumb, 8 bytes, Stack size 8 bytes, systime.o(i.SysTick_Handler))
<BR><BR>[Stack]<UL><LI>Max Depth = 32<LI>Call Chain = SysTick_Handler &rArr; SysTime::IRQ() &rArr; __aeabi_dadd
</UL>
<BR>[Calls]<UL><LI><a href="#[88]">&gt;&gt;</a>&nbsp;&nbsp;&nbsp;SysTime::IRQ()
</UL>
<BR>[Address Reference Count : 1]<UL><LI> startup_stm32f10x_hd.o(RESET)
</UL>
<P><STRONG><a name="[57]"></a>SystemInit</STRONG> (Thumb, 78 bytes, Stack size 8 bytes, system_stm32f10x.o(i.SystemInit))
<BR><BR>[Stack]<UL><LI>Max Depth = 28<LI>Call Chain = SystemInit &rArr; SetSysClock &rArr; SetSysClockTo72
</UL>
<BR>[Calls]<UL><LI><a href="#[86]">&gt;&gt;</a>&nbsp;&nbsp;&nbsp;SetSysClock
</UL>
<BR>[Address Reference Count : 1]<UL><LI> startup_stm32f10x_hd.o(.text)
</UL>
<P><STRONG><a name="[ac]"></a>USART_ClearFlag</STRONG> (Thumb, 18 bytes, Stack size 0 bytes, stm32f10x_usart.o(i.USART_ClearFlag))
<BR><BR>[Called By]<UL><LI><a href="#[a4]">&gt;&gt;</a>&nbsp;&nbsp;&nbsp;UART::UART(unsigned char, unsigned, bool, bool, bool, unsigned short, unsigned short, unsigned short)
</UL>

<P><STRONG><a name="[9d]"></a>USART_ClearITPendingBit</STRONG> (Thumb, 30 bytes, Stack size 8 bytes, stm32f10x_usart.o(i.USART_ClearITPendingBit))
<BR><BR>[Stack]<UL><LI>Max Depth = 8<LI>Call Chain = USART_ClearITPendingBit
</UL>
<BR>[Called By]<UL><LI><a href="#[a2]">&gt;&gt;</a>&nbsp;&nbsp;&nbsp;UART::SendBytes(unsigned char*, unsigned short)
<LI><a href="#[98]">&gt;&gt;</a>&nbsp;&nbsp;&nbsp;UART::SendByte(unsigned char)
</UL>

<P><STRONG><a name="[ab]"></a>USART_Cmd</STRONG> (Thumb, 24 bytes, Stack size 0 bytes, stm32f10x_usart.o(i.USART_Cmd))
<BR><BR>[Called By]<UL><LI><a href="#[a4]">&gt;&gt;</a>&nbsp;&nbsp;&nbsp;UART::UART(unsigned char, unsigned, bool, bool, bool, unsigned short, unsigned short, unsigned short)
</UL>

<P><STRONG><a name="[94]"></a>USART_DMACmd</STRONG> (Thumb, 18 bytes, Stack size 0 bytes, stm32f10x_usart.o(i.USART_DMACmd))
<BR><BR>[Called By]<UL><LI><a href="#[96]">&gt;&gt;</a>&nbsp;&nbsp;&nbsp;UART::TXDMA_Init(unsigned char)
<LI><a href="#[90]">&gt;&gt;</a>&nbsp;&nbsp;&nbsp;UART::RXDMA_Init(unsigned char)
</UL>

<P><STRONG><a name="[9f]"></a>USART_GetFlagStatus</STRONG> (Thumb, 26 bytes, Stack size 0 bytes, stm32f10x_usart.o(i.USART_GetFlagStatus))
<BR><BR>[Called By]<UL><LI><a href="#[a2]">&gt;&gt;</a>&nbsp;&nbsp;&nbsp;UART::SendBytes(unsigned char*, unsigned short)
<LI><a href="#[98]">&gt;&gt;</a>&nbsp;&nbsp;&nbsp;UART::SendByte(unsigned char)
</UL>

<P><STRONG><a name="[9e]"></a>USART_ITConfig</STRONG> (Thumb, 74 bytes, Stack size 20 bytes, stm32f10x_usart.o(i.USART_ITConfig))
<BR><BR>[Stack]<UL><LI>Max Depth = 20<LI>Call Chain = USART_ITConfig
</UL>
<BR>[Called By]<UL><LI><a href="#[a4]">&gt;&gt;</a>&nbsp;&nbsp;&nbsp;UART::UART(unsigned char, unsigned, bool, bool, bool, unsigned short, unsigned short, unsigned short)
<LI><a href="#[a2]">&gt;&gt;</a>&nbsp;&nbsp;&nbsp;UART::SendBytes(unsigned char*, unsigned short)
<LI><a href="#[98]">&gt;&gt;</a>&nbsp;&nbsp;&nbsp;UART::SendByte(unsigned char)
</UL>

<P><STRONG><a name="[89]"></a>USART_Init</STRONG> (Thumb, 210 bytes, Stack size 56 bytes, stm32f10x_usart.o(i.USART_Init))
<BR><BR>[Stack]<UL><LI>Max Depth = 68<LI>Call Chain = USART_Init &rArr; RCC_GetClocksFreq
</UL>
<BR>[Calls]<UL><LI><a href="#[8a]">&gt;&gt;</a>&nbsp;&nbsp;&nbsp;RCC_GetClocksFreq
</UL>
<BR>[Called By]<UL><LI><a href="#[a4]">&gt;&gt;</a>&nbsp;&nbsp;&nbsp;UART::UART(unsigned char, unsigned, bool, bool, bool, unsigned short, unsigned short, unsigned short)
</UL>

<P><STRONG><a name="[a1]"></a>USART_SendData</STRONG> (Thumb, 8 bytes, Stack size 0 bytes, stm32f10x_usart.o(i.USART_SendData))
<BR><BR>[Called By]<UL><LI><a href="#[a2]">&gt;&gt;</a>&nbsp;&nbsp;&nbsp;UART::SendBytes(unsigned char*, unsigned short)
<LI><a href="#[98]">&gt;&gt;</a>&nbsp;&nbsp;&nbsp;UART::SendByte(unsigned char)
</UL>

<P><STRONG><a name="[8b]"></a>LED_Init()</STRONG> (Thumb, 72 bytes, Stack size 8 bytes, main.o(i._Z8LED_Initv))
<BR><BR>[Stack]<UL><LI>Max Depth = 32<LI>Call Chain = LED_Init() &rArr; GPIO_Init
</UL>
<BR>[Calls]<UL><LI><a href="#[8e]">&gt;&gt;</a>&nbsp;&nbsp;&nbsp;GPIO_SetBits
<LI><a href="#[8d]">&gt;&gt;</a>&nbsp;&nbsp;&nbsp;GPIO_Init
<LI><a href="#[8c]">&gt;&gt;</a>&nbsp;&nbsp;&nbsp;RCC_APB2PeriphClockCmd
</UL>
<BR>[Called By]<UL><LI><a href="#[6a]">&gt;&gt;</a>&nbsp;&nbsp;&nbsp;main
</UL>

<P><STRONG><a name="[8f]"></a>GPIO::GPIO(GPIO_TypeDef*, unsigned short, GPIOMode_TypeDef, GPIOSpeed_TypeDef, bool)</STRONG> (Thumb, 152 bytes, Stack size 40 bytes, gpio.o(i._ZN4GPIOC1EP12GPIO_TypeDeft16GPIOMode_TypeDef17GPIOSpeed_TypeDefb))
<BR><BR>[Stack]<UL><LI>Max Depth = 64<LI>Call Chain = GPIO::GPIO(GPIO_TypeDef*, unsigned short, GPIOMode_TypeDef, GPIOSpeed_TypeDef, bool) &rArr; GPIO_Init
</UL>
<BR>[Calls]<UL><LI><a href="#[8d]">&gt;&gt;</a>&nbsp;&nbsp;&nbsp;GPIO_Init
<LI><a href="#[8c]">&gt;&gt;</a>&nbsp;&nbsp;&nbsp;RCC_APB2PeriphClockCmd
</UL>
<BR>[Called By]<UL><LI><a href="#[a4]">&gt;&gt;</a>&nbsp;&nbsp;&nbsp;UART::UART(unsigned char, unsigned, bool, bool, bool, unsigned short, unsigned short, unsigned short)
</UL>

<P><STRONG><a name="[fa]"></a>GPIO::GPIO__sub_object(GPIO_TypeDef*, unsigned short, GPIOMode_TypeDef, GPIOSpeed_TypeDef, bool)</STRONG> (Thumb, 0 bytes, Stack size 40 bytes, gpio.o(i._ZN4GPIOC1EP12GPIO_TypeDeft16GPIOMode_TypeDef17GPIOSpeed_TypeDefb), UNUSED)

<P><STRONG><a name="[90]"></a>UART::RXDMA_Init(unsigned char)</STRONG> (Thumb, 186 bytes, Stack size 104 bytes, uart.o(i._ZN4UART10RXDMA_InitEh))
<BR><BR>[Stack]<UL><LI>Max Depth = 112<LI>Call Chain = UART::RXDMA_Init(unsigned char) &rArr; DMA_Init
</UL>
<BR>[Calls]<UL><LI><a href="#[94]">&gt;&gt;</a>&nbsp;&nbsp;&nbsp;USART_DMACmd
<LI><a href="#[91]">&gt;&gt;</a>&nbsp;&nbsp;&nbsp;RCC_AHBPeriphClockCmd
<LI><a href="#[93]">&gt;&gt;</a>&nbsp;&nbsp;&nbsp;DMA_Init
<LI><a href="#[92]">&gt;&gt;</a>&nbsp;&nbsp;&nbsp;DMA_DeInit
<LI><a href="#[95]">&gt;&gt;</a>&nbsp;&nbsp;&nbsp;DMA_Cmd
</UL>
<BR>[Called By]<UL><LI><a href="#[a4]">&gt;&gt;</a>&nbsp;&nbsp;&nbsp;UART::UART(unsigned char, unsigned, bool, bool, bool, unsigned short, unsigned short, unsigned short)
</UL>

<P><STRONG><a name="[96]"></a>UART::TXDMA_Init(unsigned char)</STRONG> (Thumb, 208 bytes, Stack size 104 bytes, uart.o(i._ZN4UART10TXDMA_InitEh))
<BR><BR>[Stack]<UL><LI>Max Depth = 112<LI>Call Chain = UART::TXDMA_Init(unsigned char) &rArr; DMA_Init
</UL>
<BR>[Calls]<UL><LI><a href="#[94]">&gt;&gt;</a>&nbsp;&nbsp;&nbsp;USART_DMACmd
<LI><a href="#[91]">&gt;&gt;</a>&nbsp;&nbsp;&nbsp;RCC_AHBPeriphClockCmd
<LI><a href="#[93]">&gt;&gt;</a>&nbsp;&nbsp;&nbsp;DMA_Init
<LI><a href="#[97]">&gt;&gt;</a>&nbsp;&nbsp;&nbsp;DMA_ITConfig
<LI><a href="#[92]">&gt;&gt;</a>&nbsp;&nbsp;&nbsp;DMA_DeInit
<LI><a href="#[95]">&gt;&gt;</a>&nbsp;&nbsp;&nbsp;DMA_Cmd
</UL>
<BR>[Called By]<UL><LI><a href="#[a4]">&gt;&gt;</a>&nbsp;&nbsp;&nbsp;UART::UART(unsigned char, unsigned, bool, bool, bool, unsigned short, unsigned short, unsigned short)
</UL>

<P><STRONG><a name="[98]"></a>UART::SendByte(unsigned char)</STRONG> (Thumb, 220 bytes, Stack size 24 bytes, uart.o(i._ZN4UART8SendByteEh))
<BR><BR>[Stack]<UL><LI>Max Depth = 44<LI>Call Chain = UART::SendByte(unsigned char) &rArr; USART_ITConfig
</UL>
<BR>[Calls]<UL><LI><a href="#[a1]">&gt;&gt;</a>&nbsp;&nbsp;&nbsp;USART_SendData
<LI><a href="#[9e]">&gt;&gt;</a>&nbsp;&nbsp;&nbsp;USART_ITConfig
<LI><a href="#[9f]">&gt;&gt;</a>&nbsp;&nbsp;&nbsp;USART_GetFlagStatus
<LI><a href="#[9d]">&gt;&gt;</a>&nbsp;&nbsp;&nbsp;USART_ClearITPendingBit
<LI><a href="#[95]">&gt;&gt;</a>&nbsp;&nbsp;&nbsp;DMA_Cmd
<LI><a href="#[9c]">&gt;&gt;</a>&nbsp;&nbsp;&nbsp;FIFOBuffer&lang;unsigned char, (unsigned short)500&rang;::GetDatas(unsigned char*, unsigned short)
<LI><a href="#[9a]">&gt;&gt;</a>&nbsp;&nbsp;&nbsp;FIFOBuffer&lang;unsigned char, (unsigned short)500&rang;::PutData(const unsigned char&)
<LI><a href="#[a0]">&gt;&gt;</a>&nbsp;&nbsp;&nbsp;FIFOBuffer&lang;unsigned char, (unsigned short)500&rang;::GetData(unsigned char&)
<LI><a href="#[9b]">&gt;&gt;</a>&nbsp;&nbsp;&nbsp;FIFOBuffer&lang;unsigned char, (unsigned short)500&rang;::size()
<LI><a href="#[99]">&gt;&gt;</a>&nbsp;&nbsp;&nbsp;FIFOBuffer&lang;unsigned char, (unsigned short)500&rang;::RestOfSize()
</UL>
<BR>[Called By]<UL><LI><a href="#[b9]">&gt;&gt;</a>&nbsp;&nbsp;&nbsp;UIDLink::Pack_Send()
</UL>

<P><STRONG><a name="[a2]"></a>UART::SendBytes(unsigned char*, unsigned short)</STRONG> (Thumb, 230 bytes, Stack size 24 bytes, uart.o(i._ZN4UART9SendBytesEPht))
<BR><BR>[Stack]<UL><LI>Max Depth = 44<LI>Call Chain = UART::SendBytes(unsigned char*, unsigned short) &rArr; USART_ITConfig
</UL>
<BR>[Calls]<UL><LI><a href="#[a1]">&gt;&gt;</a>&nbsp;&nbsp;&nbsp;USART_SendData
<LI><a href="#[9e]">&gt;&gt;</a>&nbsp;&nbsp;&nbsp;USART_ITConfig
<LI><a href="#[9f]">&gt;&gt;</a>&nbsp;&nbsp;&nbsp;USART_GetFlagStatus
<LI><a href="#[9d]">&gt;&gt;</a>&nbsp;&nbsp;&nbsp;USART_ClearITPendingBit
<LI><a href="#[95]">&gt;&gt;</a>&nbsp;&nbsp;&nbsp;DMA_Cmd
<LI><a href="#[a3]">&gt;&gt;</a>&nbsp;&nbsp;&nbsp;FIFOBuffer&lang;unsigned char, (unsigned short)500&rang;::PutDatas(unsigned char*, unsigned short)
<LI><a href="#[9c]">&gt;&gt;</a>&nbsp;&nbsp;&nbsp;FIFOBuffer&lang;unsigned char, (unsigned short)500&rang;::GetDatas(unsigned char*, unsigned short)
<LI><a href="#[a0]">&gt;&gt;</a>&nbsp;&nbsp;&nbsp;FIFOBuffer&lang;unsigned char, (unsigned short)500&rang;::GetData(unsigned char&)
<LI><a href="#[9b]">&gt;&gt;</a>&nbsp;&nbsp;&nbsp;FIFOBuffer&lang;unsigned char, (unsigned short)500&rang;::size()
<LI><a href="#[99]">&gt;&gt;</a>&nbsp;&nbsp;&nbsp;FIFOBuffer&lang;unsigned char, (unsigned short)500&rang;::RestOfSize()
</UL>
<BR>[Called By]<UL><LI><a href="#[b9]">&gt;&gt;</a>&nbsp;&nbsp;&nbsp;UIDLink::Pack_Send()
</UL>

<P><STRONG><a name="[a4]"></a>UART::UART(unsigned char, unsigned, bool, bool, bool, unsigned short, unsigned short, unsigned short)</STRONG> (Thumb, 680 bytes, Stack size 192 bytes, uart.o(i._ZN4UARTC1Ehjbbbttt))
<BR><BR>[Stack]<UL><LI>Max Depth = 304<LI>Call Chain = UART::UART(unsigned char, unsigned, bool, bool, bool, unsigned short, unsigned short, unsigned short) &rArr; UART::TXDMA_Init(unsigned char) &rArr; DMA_Init
</UL>
<BR>[Calls]<UL><LI><a href="#[8f]">&gt;&gt;</a>&nbsp;&nbsp;&nbsp;GPIO::GPIO(GPIO_TypeDef*, unsigned short, GPIOMode_TypeDef, GPIOSpeed_TypeDef, bool)
<LI><a href="#[89]">&gt;&gt;</a>&nbsp;&nbsp;&nbsp;USART_Init
<LI><a href="#[9e]">&gt;&gt;</a>&nbsp;&nbsp;&nbsp;USART_ITConfig
<LI><a href="#[ab]">&gt;&gt;</a>&nbsp;&nbsp;&nbsp;USART_Cmd
<LI><a href="#[ac]">&gt;&gt;</a>&nbsp;&nbsp;&nbsp;USART_ClearFlag
<LI><a href="#[8c]">&gt;&gt;</a>&nbsp;&nbsp;&nbsp;RCC_APB2PeriphClockCmd
<LI><a href="#[aa]">&gt;&gt;</a>&nbsp;&nbsp;&nbsp;RCC_APB1PeriphClockCmd
<LI><a href="#[a8]">&gt;&gt;</a>&nbsp;&nbsp;&nbsp;NVIC_PriorityGroupConfig
<LI><a href="#[a9]">&gt;&gt;</a>&nbsp;&nbsp;&nbsp;NVIC_Init
<LI><a href="#[a7]">&gt;&gt;</a>&nbsp;&nbsp;&nbsp;GPIO_PinRemapConfig
<LI><a href="#[a5]">&gt;&gt;</a>&nbsp;&nbsp;&nbsp;FIFOBuffer&lang;unsigned char, (unsigned short)500&rang;::FIFOBuffer()
<LI><a href="#[96]">&gt;&gt;</a>&nbsp;&nbsp;&nbsp;UART::TXDMA_Init(unsigned char)
<LI><a href="#[90]">&gt;&gt;</a>&nbsp;&nbsp;&nbsp;UART::RXDMA_Init(unsigned char)
<LI><a href="#[ad]">&gt;&gt;</a>&nbsp;&nbsp;&nbsp;operator new[] (unsigned)
<LI><a href="#[a6]">&gt;&gt;</a>&nbsp;&nbsp;&nbsp;__aeabi_memcpy4
</UL>
<BR>[Called By]<UL><LI><a href="#[5b]">&gt;&gt;</a>&nbsp;&nbsp;&nbsp;__sti___8_main_cpp_Protocol
</UL>

<P><STRONG><a name="[fb]"></a>UART::UART__sub_object(unsigned char, unsigned, bool, bool, bool, unsigned short, unsigned short, unsigned short)</STRONG> (Thumb, 0 bytes, Stack size 192 bytes, uart.o(i._ZN4UARTC1Ehjbbbttt), UNUSED)

<P><STRONG><a name="[ae]"></a>SysTime::CheckTimer(unsigned char)</STRONG> (Thumb, 80 bytes, Stack size 32 bytes, systime.o(i._ZN7SysTime10CheckTimerEh))
<BR><BR>[Stack]<UL><LI>Max Depth = 96<LI>Call Chain = SysTime::CheckTimer(unsigned char) &rArr; SysTime::Now() &rArr; __aeabi_cdcmple
</UL>
<BR>[Calls]<UL><LI><a href="#[af]">&gt;&gt;</a>&nbsp;&nbsp;&nbsp;SysTime::Now()
<LI><a href="#[b1]">&gt;&gt;</a>&nbsp;&nbsp;&nbsp;__aeabi_cdrcmple
<LI><a href="#[b0]">&gt;&gt;</a>&nbsp;&nbsp;&nbsp;__aeabi_dsub
</UL>
<BR>[Called By]<UL><LI><a href="#[6a]">&gt;&gt;</a>&nbsp;&nbsp;&nbsp;main
</UL>

<P><STRONG><a name="[b3]"></a>SysTime::Initialize()</STRONG> (Thumb, 40 bytes, Stack size 0 bytes, systime.o(i._ZN7SysTime10InitializeEv))
<BR><BR>[Called By]<UL><LI><a href="#[b2]">&gt;&gt;</a>&nbsp;&nbsp;&nbsp;SysTime::CreateTimer(double)
<LI><a href="#[6a]">&gt;&gt;</a>&nbsp;&nbsp;&nbsp;main
</UL>

<P><STRONG><a name="[b2]"></a>SysTime::CreateTimer(double)</STRONG> (Thumb, 76 bytes, Stack size 16 bytes, systime.o(i._ZN7SysTime11CreateTimerEd))
<BR><BR>[Stack]<UL><LI>Max Depth = 80<LI>Call Chain = SysTime::CreateTimer(double) &rArr; SysTime::Now() &rArr; __aeabi_cdcmple
</UL>
<BR>[Calls]<UL><LI><a href="#[af]">&gt;&gt;</a>&nbsp;&nbsp;&nbsp;SysTime::Now()
<LI><a href="#[b3]">&gt;&gt;</a>&nbsp;&nbsp;&nbsp;SysTime::Initialize()
</UL>
<BR>[Called By]<UL><LI><a href="#[6a]">&gt;&gt;</a>&nbsp;&nbsp;&nbsp;main
</UL>

<P><STRONG><a name="[88]"></a>SysTime::IRQ()</STRONG> (Thumb, 20 bytes, Stack size 8 bytes, systime.o(i._ZN7SysTime3IRQEv))
<BR><BR>[Stack]<UL><LI>Max Depth = 24<LI>Call Chain = SysTime::IRQ() &rArr; __aeabi_dadd
</UL>
<BR>[Calls]<UL><LI><a href="#[b4]">&gt;&gt;</a>&nbsp;&nbsp;&nbsp;__aeabi_dadd
</UL>
<BR>[Called By]<UL><LI><a href="#[1a]">&gt;&gt;</a>&nbsp;&nbsp;&nbsp;SysTick_Handler
</UL>

<P><STRONG><a name="[af]"></a>SysTime::Now()</STRONG> (Thumb, 152 bytes, Stack size 32 bytes, systime.o(i._ZN7SysTime3NowEv))
<BR><BR>[Stack]<UL><LI>Max Depth = 64<LI>Call Chain = SysTime::Now() &rArr; __aeabi_cdcmple
</UL>
<BR>[Calls]<UL><LI><a href="#[b1]">&gt;&gt;</a>&nbsp;&nbsp;&nbsp;__aeabi_cdrcmple
<LI><a href="#[b7]">&gt;&gt;</a>&nbsp;&nbsp;&nbsp;__aeabi_cdcmple
<LI><a href="#[b5]">&gt;&gt;</a>&nbsp;&nbsp;&nbsp;__aeabi_ui2d
<LI><a href="#[b6]">&gt;&gt;</a>&nbsp;&nbsp;&nbsp;__aeabi_ddiv
<LI><a href="#[b0]">&gt;&gt;</a>&nbsp;&nbsp;&nbsp;__aeabi_dsub
<LI><a href="#[b4]">&gt;&gt;</a>&nbsp;&nbsp;&nbsp;__aeabi_dadd
</UL>
<BR>[Called By]<UL><LI><a href="#[b2]">&gt;&gt;</a>&nbsp;&nbsp;&nbsp;SysTime::CreateTimer(double)
<LI><a href="#[ae]">&gt;&gt;</a>&nbsp;&nbsp;&nbsp;SysTime::CheckTimer(unsigned char)
</UL>

<P><STRONG><a name="[b8]"></a>UIDLink::Pack_Check()</STRONG> (Thumb, 542 bytes, Stack size 32 bytes, uidlink.o(i._ZN7UIDLink10Pack_CheckEv))
<BR><BR>[Stack]<UL><LI>Max Depth = 44<LI>Call Chain = UIDLink::Pack_Check() &rArr; FIFOBuffer&lang;unsigned char, (unsigned short)500&rang;::GetDatas(unsigned char*, unsigned short)
</UL>
<BR>[Calls]<UL><LI><a href="#[9c]">&gt;&gt;</a>&nbsp;&nbsp;&nbsp;FIFOBuffer&lang;unsigned char, (unsigned short)500&rang;::GetDatas(unsigned char*, unsigned short)
<LI><a href="#[a0]">&gt;&gt;</a>&nbsp;&nbsp;&nbsp;FIFOBuffer&lang;unsigned char, (unsigned short)500&rang;::GetData(unsigned char&)
</UL>
<BR>[Called By]<UL><LI><a href="#[6a]">&gt;&gt;</a>&nbsp;&nbsp;&nbsp;main
</UL>

<P><STRONG><a name="[bd]"></a>UIDLink::GetUnSigned8(unsigned char)</STRONG> (Thumb, 10 bytes, Stack size 0 bytes, uidlink.o(i._ZN7UIDLink12GetUnSigned8Eh))
<BR><BR>[Called By]<UL><LI><a href="#[6a]">&gt;&gt;</a>&nbsp;&nbsp;&nbsp;main
</UL>

<P><STRONG><a name="[be]"></a>UIDLink::FillUnSigned8(unsigned char, unsigned char)</STRONG> (Thumb, 8 bytes, Stack size 0 bytes, uidlink.o(i._ZN7UIDLink13FillUnSigned8Ehh))
<BR><BR>[Called By]<UL><LI><a href="#[6a]">&gt;&gt;</a>&nbsp;&nbsp;&nbsp;main
</UL>

<P><STRONG><a name="[b9]"></a>UIDLink::Pack_Send()</STRONG> (Thumb, 168 bytes, Stack size 16 bytes, uidlink.o(i._ZN7UIDLink9Pack_SendEv))
<BR><BR>[Stack]<UL><LI>Max Depth = 60<LI>Call Chain = UIDLink::Pack_Send() &rArr; UART::SendBytes(unsigned char*, unsigned short) &rArr; USART_ITConfig
</UL>
<BR>[Calls]<UL><LI><a href="#[a2]">&gt;&gt;</a>&nbsp;&nbsp;&nbsp;UART::SendBytes(unsigned char*, unsigned short)
<LI><a href="#[98]">&gt;&gt;</a>&nbsp;&nbsp;&nbsp;UART::SendByte(unsigned char)
</UL>
<BR>[Called By]<UL><LI><a href="#[6a]">&gt;&gt;</a>&nbsp;&nbsp;&nbsp;main
</UL>

<P><STRONG><a name="[bc]"></a>UIDLink::UIDLink(UART&, unsigned char(*)[3], unsigned char, unsigned char, unsigned char, unsigned char, unsigned char)</STRONG> (Thumb, 42 bytes, Stack size 20 bytes, uidlink.o(i._ZN7UIDLinkC1ER4UARTPA3_hhhhhh))
<BR><BR>[Stack]<UL><LI>Max Depth = 20<LI>Call Chain = UIDLink::UIDLink(UART&, unsigned char(*)[3], unsigned char, unsigned char, unsigned char, unsigned char, unsigned char)
</UL>
<BR>[Called By]<UL><LI><a href="#[5b]">&gt;&gt;</a>&nbsp;&nbsp;&nbsp;__sti___8_main_cpp_Protocol
</UL>

<P><STRONG><a name="[fc]"></a>UIDLink::UIDLink__sub_object(UART&, unsigned char(*)[3], unsigned char, unsigned char, unsigned char, unsigned char, unsigned char)</STRONG> (Thumb, 0 bytes, Stack size 20 bytes, uidlink.o(i._ZN7UIDLinkC1ER4UARTPA3_hhhhhh), UNUSED)

<P><STRONG><a name="[ad]"></a>operator new[] (unsigned)</STRONG> (Thumb, 8 bytes, Stack size 8 bytes, array_new.o(i._Znaj))
<BR><BR>[Stack]<UL><LI>Max Depth = 64<LI>Call Chain = operator new[] (unsigned) &rArr; operator new(unsigned) &rArr; malloc &rArr; __Heap_Full &rArr; __Heap_ProvideMemory &rArr; free
</UL>
<BR>[Calls]<UL><LI><a href="#[ba]">&gt;&gt;</a>&nbsp;&nbsp;&nbsp;operator new(unsigned)
</UL>
<BR>[Called By]<UL><LI><a href="#[a4]">&gt;&gt;</a>&nbsp;&nbsp;&nbsp;UART::UART(unsigned char, unsigned, bool, bool, bool, unsigned short, unsigned short, unsigned short)
</UL>

<P><STRONG><a name="[ba]"></a>operator new(unsigned)</STRONG> (Thumb, 34 bytes, Stack size 8 bytes, new.o(i._Znwj))
<BR><BR>[Stack]<UL><LI>Max Depth = 56<LI>Call Chain = operator new(unsigned) &rArr; malloc &rArr; __Heap_Full &rArr; __Heap_ProvideMemory &rArr; free
</UL>
<BR>[Calls]<UL><LI><a href="#[70]">&gt;&gt;</a>&nbsp;&nbsp;&nbsp;malloc
<LI><a href="#[bb]">&gt;&gt;</a>&nbsp;&nbsp;&nbsp;__rt_new_handler_addr
</UL>
<BR>[Called By]<UL><LI><a href="#[ad]">&gt;&gt;</a>&nbsp;&nbsp;&nbsp;operator new[] (unsigned)
</UL>

<P><STRONG><a name="[6a]"></a>main</STRONG> (Thumb, 140 bytes, Stack size 0 bytes, main.o(i.main))
<BR><BR>[Stack]<UL><LI>Max Depth = 96<LI>Call Chain = main &rArr; SysTime::CheckTimer(unsigned char) &rArr; SysTime::Now() &rArr; __aeabi_cdcmple
</UL>
<BR>[Calls]<UL><LI><a href="#[b9]">&gt;&gt;</a>&nbsp;&nbsp;&nbsp;UIDLink::Pack_Send()
<LI><a href="#[be]">&gt;&gt;</a>&nbsp;&nbsp;&nbsp;UIDLink::FillUnSigned8(unsigned char, unsigned char)
<LI><a href="#[bd]">&gt;&gt;</a>&nbsp;&nbsp;&nbsp;UIDLink::GetUnSigned8(unsigned char)
<LI><a href="#[b8]">&gt;&gt;</a>&nbsp;&nbsp;&nbsp;UIDLink::Pack_Check()
<LI><a href="#[b2]">&gt;&gt;</a>&nbsp;&nbsp;&nbsp;SysTime::CreateTimer(double)
<LI><a href="#[b3]">&gt;&gt;</a>&nbsp;&nbsp;&nbsp;SysTime::Initialize()
<LI><a href="#[ae]">&gt;&gt;</a>&nbsp;&nbsp;&nbsp;SysTime::CheckTimer(unsigned char)
<LI><a href="#[8b]">&gt;&gt;</a>&nbsp;&nbsp;&nbsp;LED_Init()
</UL>
<BR>[Called By]<UL><LI><a href="#[69]">&gt;&gt;</a>&nbsp;&nbsp;&nbsp;__rt_entry_main
</UL>

<P><STRONG><a name="[99]"></a>FIFOBuffer&lang;unsigned char, (unsigned short)500&rang;::RestOfSize()</STRONG> (Thumb, 16 bytes, Stack size 0 bytes, uart.o(t._ZN10FIFOBufferIhLt500EE10RestOfSizeEv))
<BR><BR>[Called By]<UL><LI><a href="#[a2]">&gt;&gt;</a>&nbsp;&nbsp;&nbsp;UART::SendBytes(unsigned char*, unsigned short)
<LI><a href="#[98]">&gt;&gt;</a>&nbsp;&nbsp;&nbsp;UART::SendByte(unsigned char)
</UL>

<P><STRONG><a name="[9b]"></a>FIFOBuffer&lang;unsigned char, (unsigned short)500&rang;::size()</STRONG> (Thumb, 8 bytes, Stack size 0 bytes, uart.o(t._ZN10FIFOBufferIhLt500EE4sizeEv))
<BR><BR>[Called By]<UL><LI><a href="#[a2]">&gt;&gt;</a>&nbsp;&nbsp;&nbsp;UART::SendBytes(unsigned char*, unsigned short)
<LI><a href="#[98]">&gt;&gt;</a>&nbsp;&nbsp;&nbsp;UART::SendByte(unsigned char)
</UL>

<P><STRONG><a name="[a0]"></a>FIFOBuffer&lang;unsigned char, (unsigned short)500&rang;::GetData(unsigned char&)</STRONG> (Thumb, 60 bytes, Stack size 0 bytes, uart.o(t._ZN10FIFOBufferIhLt500EE7GetDataERh))
<BR><BR>[Called By]<UL><LI><a href="#[a2]">&gt;&gt;</a>&nbsp;&nbsp;&nbsp;UART::SendBytes(unsigned char*, unsigned short)
<LI><a href="#[98]">&gt;&gt;</a>&nbsp;&nbsp;&nbsp;UART::SendByte(unsigned char)
<LI><a href="#[b8]">&gt;&gt;</a>&nbsp;&nbsp;&nbsp;UIDLink::Pack_Check()
</UL>

<P><STRONG><a name="[9a]"></a>FIFOBuffer&lang;unsigned char, (unsigned short)500&rang;::PutData(const unsigned char&)</STRONG> (Thumb, 66 bytes, Stack size 8 bytes, uart.o(t._ZN10FIFOBufferIhLt500EE7PutDataERKh))
<BR><BR>[Stack]<UL><LI>Max Depth = 8<LI>Call Chain = FIFOBuffer&lang;unsigned char, (unsigned short)500&rang;::PutData(const unsigned char&)
</UL>
<BR>[Called By]<UL><LI><a href="#[98]">&gt;&gt;</a>&nbsp;&nbsp;&nbsp;UART::SendByte(unsigned char)
</UL>

<P><STRONG><a name="[9c]"></a>FIFOBuffer&lang;unsigned char, (unsigned short)500&rang;::GetDatas(unsigned char*, unsigned short)</STRONG> (Thumb, 74 bytes, Stack size 12 bytes, uart.o(t._ZN10FIFOBufferIhLt500EE8GetDatasEPht))
<BR><BR>[Stack]<UL><LI>Max Depth = 12<LI>Call Chain = FIFOBuffer&lang;unsigned char, (unsigned short)500&rang;::GetDatas(unsigned char*, unsigned short)
</UL>
<BR>[Called By]<UL><LI><a href="#[a2]">&gt;&gt;</a>&nbsp;&nbsp;&nbsp;UART::SendBytes(unsigned char*, unsigned short)
<LI><a href="#[98]">&gt;&gt;</a>&nbsp;&nbsp;&nbsp;UART::SendByte(unsigned char)
<LI><a href="#[b8]">&gt;&gt;</a>&nbsp;&nbsp;&nbsp;UIDLink::Pack_Check()
</UL>

<P><STRONG><a name="[a3]"></a>FIFOBuffer&lang;unsigned char, (unsigned short)500&rang;::PutDatas(unsigned char*, unsigned short)</STRONG> (Thumb, 80 bytes, Stack size 16 bytes, uart.o(t._ZN10FIFOBufferIhLt500EE8PutDatasEPht))
<BR><BR>[Stack]<UL><LI>Max Depth = 16<LI>Call Chain = FIFOBuffer&lang;unsigned char, (unsigned short)500&rang;::PutDatas(unsigned char*, unsigned short)
</UL>
<BR>[Called By]<UL><LI><a href="#[a2]">&gt;&gt;</a>&nbsp;&nbsp;&nbsp;UART::SendBytes(unsigned char*, unsigned short)
</UL>

<P><STRONG><a name="[a5]"></a>FIFOBuffer&lang;unsigned char, (unsigned short)500&rang;::FIFOBuffer()</STRONG> (Thumb, 24 bytes, Stack size 0 bytes, uart.o(t._ZN10FIFOBufferIhLt500EEC1Ev))
<BR><BR>[Called By]<UL><LI><a href="#[a4]">&gt;&gt;</a>&nbsp;&nbsp;&nbsp;UART::UART(unsigned char, unsigned, bool, bool, bool, unsigned short, unsigned short, unsigned short)
</UL>

<P><STRONG><a name="[fd]"></a>FIFOBuffer&lang;unsigned char, (unsigned short)500&rang;::FIFOBuffer__sub_object()</STRONG> (Thumb, 0 bytes, Stack size 0 bytes, uart.o(t._ZN10FIFOBufferIhLt500EEC1Ev), UNUSED)

<P><STRONG><a name="[b4]"></a>__aeabi_dadd</STRONG> (Thumb, 0 bytes, Stack size 16 bytes, daddsub_clz.o(x$fpl$dadd))
<BR><BR>[Stack]<UL><LI>Max Depth = 16<LI>Call Chain = __aeabi_dadd
</UL>
<BR>[Called By]<UL><LI><a href="#[af]">&gt;&gt;</a>&nbsp;&nbsp;&nbsp;SysTime::Now()
<LI><a href="#[88]">&gt;&gt;</a>&nbsp;&nbsp;&nbsp;SysTime::IRQ()
</UL>

<P><STRONG><a name="[bf]"></a>_dadd</STRONG> (Thumb, 332 bytes, Stack size 16 bytes, daddsub_clz.o(x$fpl$dadd), UNUSED)
<BR><BR>[Calls]<UL><LI><a href="#[c1]">&gt;&gt;</a>&nbsp;&nbsp;&nbsp;__fpl_dretinf
<LI><a href="#[c2]">&gt;&gt;</a>&nbsp;&nbsp;&nbsp;__fpl_dnaninf
<LI><a href="#[c0]">&gt;&gt;</a>&nbsp;&nbsp;&nbsp;_dsub1
</UL>

<P><STRONG><a name="[c5]"></a>__fpl_dcmp_Inf</STRONG> (Thumb, 24 bytes, Stack size 0 bytes, dcmpi.o(x$fpl$dcmpinf), UNUSED)
<BR><BR>[Called By]<UL><LI><a href="#[c4]">&gt;&gt;</a>&nbsp;&nbsp;&nbsp;_dcmple
</UL>

<P><STRONG><a name="[b6]"></a>__aeabi_ddiv</STRONG> (Thumb, 0 bytes, Stack size 32 bytes, ddiv.o(x$fpl$ddiv))
<BR><BR>[Stack]<UL><LI>Max Depth = 32<LI>Call Chain = __aeabi_ddiv
</UL>
<BR>[Called By]<UL><LI><a href="#[af]">&gt;&gt;</a>&nbsp;&nbsp;&nbsp;SysTime::Now()
</UL>

<P><STRONG><a name="[c3]"></a>_ddiv</STRONG> (Thumb, 552 bytes, Stack size 32 bytes, ddiv.o(x$fpl$ddiv), UNUSED)
<BR><BR>[Calls]<UL><LI><a href="#[c1]">&gt;&gt;</a>&nbsp;&nbsp;&nbsp;__fpl_dretinf
<LI><a href="#[c2]">&gt;&gt;</a>&nbsp;&nbsp;&nbsp;__fpl_dnaninf
</UL>

<P><STRONG><a name="[b5]"></a>__aeabi_ui2d</STRONG> (Thumb, 0 bytes, Stack size 0 bytes, dflt_clz.o(x$fpl$dfltu))
<BR><BR>[Called By]<UL><LI><a href="#[af]">&gt;&gt;</a>&nbsp;&nbsp;&nbsp;SysTime::Now()
</UL>

<P><STRONG><a name="[fe]"></a>_dfltu</STRONG> (Thumb, 38 bytes, Stack size 0 bytes, dflt_clz.o(x$fpl$dfltu), UNUSED)

<P><STRONG><a name="[b7]"></a>__aeabi_cdcmple</STRONG> (Thumb, 0 bytes, Stack size 32 bytes, dleqf.o(x$fpl$dleqf))
<BR><BR>[Stack]<UL><LI>Max Depth = 32<LI>Call Chain = __aeabi_cdcmple
</UL>
<BR>[Called By]<UL><LI><a href="#[af]">&gt;&gt;</a>&nbsp;&nbsp;&nbsp;SysTime::Now()
</UL>

<P><STRONG><a name="[c4]"></a>_dcmple</STRONG> (Thumb, 120 bytes, Stack size 32 bytes, dleqf.o(x$fpl$dleqf), UNUSED)
<BR><BR>[Calls]<UL><LI><a href="#[c2]">&gt;&gt;</a>&nbsp;&nbsp;&nbsp;__fpl_dnaninf
<LI><a href="#[c5]">&gt;&gt;</a>&nbsp;&nbsp;&nbsp;__fpl_dcmp_Inf
</UL>

<P><STRONG><a name="[c7]"></a>__fpl_dcmple_InfNaN</STRONG> (Thumb, 0 bytes, Stack size unknown bytes, dleqf.o(x$fpl$dleqf), UNUSED)
<BR><BR>[Called By]<UL><LI><a href="#[c6]">&gt;&gt;</a>&nbsp;&nbsp;&nbsp;_drcmple
</UL>

<P><STRONG><a name="[c2]"></a>__fpl_dnaninf</STRONG> (Thumb, 156 bytes, Stack size 16 bytes, dnaninf.o(x$fpl$dnaninf), UNUSED)
<BR><BR>[Called By]<UL><LI><a href="#[c4]">&gt;&gt;</a>&nbsp;&nbsp;&nbsp;_dcmple
<LI><a href="#[c3]">&gt;&gt;</a>&nbsp;&nbsp;&nbsp;_ddiv
<LI><a href="#[c8]">&gt;&gt;</a>&nbsp;&nbsp;&nbsp;_dsub
<LI><a href="#[bf]">&gt;&gt;</a>&nbsp;&nbsp;&nbsp;_dadd
</UL>

<P><STRONG><a name="[c1]"></a>__fpl_dretinf</STRONG> (Thumb, 12 bytes, Stack size 0 bytes, dretinf.o(x$fpl$dretinf), UNUSED)
<BR><BR>[Called By]<UL><LI><a href="#[c3]">&gt;&gt;</a>&nbsp;&nbsp;&nbsp;_ddiv
<LI><a href="#[bf]">&gt;&gt;</a>&nbsp;&nbsp;&nbsp;_dadd
</UL>

<P><STRONG><a name="[b1]"></a>__aeabi_cdrcmple</STRONG> (Thumb, 0 bytes, Stack size 16 bytes, drleqf.o(x$fpl$drleqf))
<BR><BR>[Stack]<UL><LI>Max Depth = 16<LI>Call Chain = __aeabi_cdrcmple
</UL>
<BR>[Called By]<UL><LI><a href="#[af]">&gt;&gt;</a>&nbsp;&nbsp;&nbsp;SysTime::Now()
<LI><a href="#[ae]">&gt;&gt;</a>&nbsp;&nbsp;&nbsp;SysTime::CheckTimer(unsigned char)
</UL>

<P><STRONG><a name="[c6]"></a>_drcmple</STRONG> (Thumb, 108 bytes, Stack size 16 bytes, drleqf.o(x$fpl$drleqf), UNUSED)
<BR><BR>[Calls]<UL><LI><a href="#[c7]">&gt;&gt;</a>&nbsp;&nbsp;&nbsp;__fpl_dcmple_InfNaN
</UL>

<P><STRONG><a name="[b0]"></a>__aeabi_dsub</STRONG> (Thumb, 0 bytes, Stack size 32 bytes, daddsub_clz.o(x$fpl$dsub))
<BR><BR>[Stack]<UL><LI>Max Depth = 32<LI>Call Chain = __aeabi_dsub
</UL>
<BR>[Called By]<UL><LI><a href="#[af]">&gt;&gt;</a>&nbsp;&nbsp;&nbsp;SysTime::Now()
<LI><a href="#[ae]">&gt;&gt;</a>&nbsp;&nbsp;&nbsp;SysTime::CheckTimer(unsigned char)
</UL>

<P><STRONG><a name="[c8]"></a>_dsub</STRONG> (Thumb, 464 bytes, Stack size 32 bytes, daddsub_clz.o(x$fpl$dsub), UNUSED)
<BR><BR>[Calls]<UL><LI><a href="#[c2]">&gt;&gt;</a>&nbsp;&nbsp;&nbsp;__fpl_dnaninf
<LI><a href="#[c9]">&gt;&gt;</a>&nbsp;&nbsp;&nbsp;_dadd1
</UL>
<P>
<H3>
Local Symbols
</H3>
<P><STRONG><a name="[5b]"></a>__sti___8_main_cpp_Protocol</STRONG> (Thumb, 62 bytes, Stack size 24 bytes, main.o(i.__sti___8_main_cpp_Protocol))
<BR><BR>[Stack]<UL><LI>Max Depth = 328<LI>Call Chain = __sti___8_main_cpp_Protocol &rArr; UART::UART(unsigned char, unsigned, bool, bool, bool, unsigned short, unsigned short, unsigned short) &rArr; UART::TXDMA_Init(unsigned char) &rArr; DMA_Init
</UL>
<BR>[Calls]<UL><LI><a href="#[a4]">&gt;&gt;</a>&nbsp;&nbsp;&nbsp;UART::UART(unsigned char, unsigned, bool, bool, bool, unsigned short, unsigned short, unsigned short)
<LI><a href="#[bc]">&gt;&gt;</a>&nbsp;&nbsp;&nbsp;UIDLink::UIDLink(UART&, unsigned char(*)[3], unsigned char, unsigned char, unsigned char, unsigned char, unsigned char)
</UL>
<BR>[Address Reference Count : 1]<UL><LI> main.o(.init_array)
</UL>
<P><STRONG><a name="[86]"></a>SetSysClock</STRONG> (Thumb, 8 bytes, Stack size 8 bytes, system_stm32f10x.o(i.SetSysClock))
<BR><BR>[Stack]<UL><LI>Max Depth = 20<LI>Call Chain = SetSysClock &rArr; SetSysClockTo72
</UL>
<BR>[Calls]<UL><LI><a href="#[87]">&gt;&gt;</a>&nbsp;&nbsp;&nbsp;SetSysClockTo72
</UL>
<BR>[Called By]<UL><LI><a href="#[57]">&gt;&gt;</a>&nbsp;&nbsp;&nbsp;SystemInit
</UL>

<P><STRONG><a name="[87]"></a>SetSysClockTo72</STRONG> (Thumb, 214 bytes, Stack size 12 bytes, system_stm32f10x.o(i.SetSysClockTo72))
<BR><BR>[Stack]<UL><LI>Max Depth = 12<LI>Call Chain = SetSysClockTo72
</UL>
<BR>[Called By]<UL><LI><a href="#[86]">&gt;&gt;</a>&nbsp;&nbsp;&nbsp;SetSysClock
</UL>

<P><STRONG><a name="[c9]"></a>_dadd1</STRONG> (Thumb, 0 bytes, Stack size unknown bytes, daddsub_clz.o(x$fpl$dadd), UNUSED)
<BR><BR>[Called By]<UL><LI><a href="#[c8]">&gt;&gt;</a>&nbsp;&nbsp;&nbsp;_dsub
</UL>

<P><STRONG><a name="[c0]"></a>_dsub1</STRONG> (Thumb, 0 bytes, Stack size unknown bytes, daddsub_clz.o(x$fpl$dsub), UNUSED)
<BR><BR>[Called By]<UL><LI><a href="#[bf]">&gt;&gt;</a>&nbsp;&nbsp;&nbsp;_dadd
</UL>

<P><STRONG><a name="[59]"></a>[local to arm_exceptions_c]::__default_terminate_handler()</STRONG> (Thumb, 6 bytes, Stack size 8 bytes, arm_exceptions_globs.o(.text))
<BR><BR>[Stack]<UL><LI>Max Depth = 48 + Unknown Stack Size
<LI>Call Chain = [local to arm_exceptions_c]::__default_terminate_handler() &rArr; abort &rArr; __rt_SIGABRT &rArr; __rt_SIGABRT_inner &rArr; __default_signal_display &rArr; _ttywrch
</UL>
<BR>[Calls]<UL><LI><a href="#[75]">&gt;&gt;</a>&nbsp;&nbsp;&nbsp;abort
</UL>
<BR>[Address Reference Count : 1]<UL><LI> arm_exceptions_globs.o(.text)
</UL><P>
<H3>
Undefined Global Symbols
</H3><HR></body></html>
