Component: ARM Compiler 5.05 update 1 (build 106) Tool: armlink [4d0efa]

==============================================================================

Section Cross References

    uart.o(i._ZN4UART10RXDMA_InitEh) refers to stm32f10x_rcc.o(i.RCC_AHBPeriphClockCmd) for RCC_AHBPeriphClockCmd
    uart.o(i._ZN4UART10RXDMA_InitEh) refers to stm32f10x_dma.o(i.DMA_DeInit) for DMA_DeInit
    uart.o(i._ZN4UART10RXDMA_InitEh) refers to stm32f10x_dma.o(i.DMA_Init) for DMA_Init
    uart.o(i._ZN4UART10RXDMA_InitEh) refers to stm32f10x_usart.o(i.USART_DMACmd) for USART_DMACmd
    uart.o(i._ZN4UART10RXDMA_InitEh) refers to stm32f10x_dma.o(i.DMA_Cmd) for DMA_Cmd
    uart.o(i._ZN4UART10RXDMA_InitEh) refers to uart.o(.constdata) for .constdata
    uart.o(i._ZN4UART10TXDMA_InitEh) refers to stm32f10x_rcc.o(i.RCC_AHBPeriphClockCmd) for RCC_AHBPeriphClockCmd
    uart.o(i._ZN4UART10TXDMA_InitEh) refers to stm32f10x_dma.o(i.DMA_DeInit) for DMA_DeInit
    uart.o(i._ZN4UART10TXDMA_InitEh) refers to stm32f10x_dma.o(i.DMA_Init) for DMA_Init
    uart.o(i._ZN4UART10TXDMA_InitEh) refers to stm32f10x_dma.o(i.DMA_ITConfig) for DMA_ITConfig
    uart.o(i._ZN4UART10TXDMA_InitEh) refers to stm32f10x_usart.o(i.USART_DMACmd) for USART_DMACmd
    uart.o(i._ZN4UART10TXDMA_InitEh) refers to stm32f10x_dma.o(i.DMA_Cmd) for DMA_Cmd
    uart.o(i._ZN4UART10TXDMA_InitEh) refers to uart.o(.constdata) for .constdata
    uart.o(i._ZN4UART13FlushRxBufferEv) refers to uart.o(t._ZN10FIFOBufferIhLt500EE5flushEv) for FIFOBuffer<unsigned char, (unsigned short)500>::flush()
    uart.o(i._ZN4UART13FlushTxBufferEv) refers to uart.o(t._ZN10FIFOBufferIhLt500EE5flushEv) for FIFOBuffer<unsigned char, (unsigned short)500>::flush()
    uart.o(i._ZN4UART13Rxbuffer_SizeEv) refers to uart.o(t._ZN10FIFOBufferIhLt500EE4sizeEv) for FIFOBuffer<unsigned char, (unsigned short)500>::size()
    uart.o(i._ZN4UART13Txbuffer_SizeEv) refers to uart.o(t._ZN10FIFOBufferIhLt500EE4sizeEv) for FIFOBuffer<unsigned char, (unsigned short)500>::size()
    uart.o(i._ZN4UART3IRQEv) refers to stm32f10x_usart.o(i.USART_GetFlagStatus) for USART_GetFlagStatus
    uart.o(i._ZN4UART3IRQEv) refers to stm32f10x_usart.o(i.USART_ReceiveData) for USART_ReceiveData
    uart.o(i._ZN4UART3IRQEv) refers to stm32f10x_usart.o(i.USART_GetITStatus) for USART_GetITStatus
    uart.o(i._ZN4UART3IRQEv) refers to stm32f10x_usart.o(i.USART_ClearITPendingBit) for USART_ClearITPendingBit
    uart.o(i._ZN4UART3IRQEv) refers to uart.o(t._ZN10FIFOBufferIhLt500EE7PutDataERKh) for FIFOBuffer<unsigned char, (unsigned short)500>::PutData(const unsigned char&)
    uart.o(i._ZN4UART3IRQEv) refers to stm32f10x_dma.o(i.DMA_ClearITPendingBit) for DMA_ClearITPendingBit
    uart.o(i._ZN4UART3IRQEv) refers to stm32f10x_dma.o(i.DMA_ClearFlag) for DMA_ClearFlag
    uart.o(i._ZN4UART3IRQEv) refers to stm32f10x_dma.o(i.DMA_Cmd) for DMA_Cmd
    uart.o(i._ZN4UART3IRQEv) refers to stm32f10x_dma.o(i.DMA_GetCurrDataCounter) for DMA_GetCurrDataCounter
    uart.o(i._ZN4UART3IRQEv) refers to uart.o(t._ZN10FIFOBufferIhLt500EE8PutDatasEPht) for FIFOBuffer<unsigned char, (unsigned short)500>::PutDatas(unsigned char*, unsigned short)
    uart.o(i._ZN4UART3IRQEv) refers to stm32f10x_dma.o(i.DMA_SetCurrDataCounter) for DMA_SetCurrDataCounter
    uart.o(i._ZN4UART3IRQEv) refers to uart.o(t._ZN10FIFOBufferIhLt500EE4sizeEv) for FIFOBuffer<unsigned char, (unsigned short)500>::size()
    uart.o(i._ZN4UART3IRQEv) refers to uart.o(t._ZN10FIFOBufferIhLt500EE7GetDataERh) for FIFOBuffer<unsigned char, (unsigned short)500>::GetData(unsigned char&)
    uart.o(i._ZN4UART3IRQEv) refers to stm32f10x_usart.o(i.USART_ITConfig) for USART_ITConfig
    uart.o(i._ZN4UART7GetByteERh) refers to uart.o(t._ZN10FIFOBufferIhLt500EE7GetDataERh) for FIFOBuffer<unsigned char, (unsigned short)500>::GetData(unsigned char&)
    uart.o(i._ZN4UART8GetBytesEPht) refers to uart.o(t._ZN10FIFOBufferIhLt500EE8GetDatasEPht) for FIFOBuffer<unsigned char, (unsigned short)500>::GetDatas(unsigned char*, unsigned short)
    uart.o(i._ZN4UART8SendByteEh) refers to uart.o(t._ZN10FIFOBufferIhLt500EE10RestOfSizeEv) for FIFOBuffer<unsigned char, (unsigned short)500>::RestOfSize()
    uart.o(i._ZN4UART8SendByteEh) refers to uart.o(t._ZN10FIFOBufferIhLt500EE7PutDataERKh) for FIFOBuffer<unsigned char, (unsigned short)500>::PutData(const unsigned char&)
    uart.o(i._ZN4UART8SendByteEh) refers to uart.o(t._ZN10FIFOBufferIhLt500EE4sizeEv) for FIFOBuffer<unsigned char, (unsigned short)500>::size()
    uart.o(i._ZN4UART8SendByteEh) refers to uart.o(t._ZN10FIFOBufferIhLt500EE8GetDatasEPht) for FIFOBuffer<unsigned char, (unsigned short)500>::GetDatas(unsigned char*, unsigned short)
    uart.o(i._ZN4UART8SendByteEh) refers to stm32f10x_dma.o(i.DMA_Cmd) for DMA_Cmd
    uart.o(i._ZN4UART8SendByteEh) refers to stm32f10x_usart.o(i.USART_ClearITPendingBit) for USART_ClearITPendingBit
    uart.o(i._ZN4UART8SendByteEh) refers to stm32f10x_usart.o(i.USART_ITConfig) for USART_ITConfig
[...]
    .text                                    0x08000330   Section        8  rt_new_handler_addr_intlibspace.o(.text)
    .text                                    0x08000338   Section        0  h1_alloc.o(.text)
    .text                                    0x08000396   Section        0  arm_newhandler_noexceptions.o(.text)
    .text                                    0x0800039c   Section        8  libspace.o(.text)
    .text                                    0x080003a4   Section        8  rt_heap_descriptor_intlibspace.o(.text)
    .text                                    0x080003ac   Section        0  hguard.o(.text)
    .text                                    0x080003b0   Section        0  init_alloc.o(.text)
    .text                                    0x0800043a   Section        0  h1_init.o(.text)
    .text                                    0x08000448   Section        0  h1_free.o(.text)
    .text                                    0x08000496   Section        0  defsig_exit.o(.text)
    .text                                    0x080004a0   Section        0  arm_exceptions_terminate.o(.text)
    .text                                    0x080004bc   Section        0  arm_exceptions_globs.o(.text)
    [local to arm_exceptions_c]::__default_terminate_handler() 0x080004bd   Thumb Code     6  arm_exceptions_globs.o(.text)
    .text                                    0x0800050c   Section        0  sys_exit.o(.text)
    .text                                    0x08000518   Section       74  sys_stackheap_outer.o(.text)
    .text                                    0x08000564   Section        8  rt_eh_globals_addr_intlibspace.o(.text)
    .text                                    0x0800056c   Section        0  h1_extend.o(.text)
    .text                                    0x080005a0   Section        0  exit.o(.text)
    .text                                    0x080005ac   Section        0  abort.o(.text)
    .text                                    0x080005bc   Section        0  defsig_general.o(.text)
    .text                                    0x080005ee   Section        0  defsig_rtmem_outer.o(.text)
    .text                                    0x080005fc   Section        0  arm_exceptions_mem.o(.text)
    .text                                    0x08000638   Section        0  sys_wrch.o(.text)
    .text                                    0x08000646   Section        2  use_no_semi.o(.text)
    .text                                    0x08000648   Section        0  indicate_semi.o(.text)
    .text                                    0x08000648   Section        0  defsig_abrt_outer.o(.text)
    .text                                    0x08000658   Section        0  defsig_rtmem_inner.o(.text)
    .text                                    0x080006a8   Section        0  defsig_abrt_inner.o(.text)
    i.DMA1_Channel1_IRQHandler               0x080006d8   Section        0  interrupt.o(i.DMA1_Channel1_IRQHandler)
    i.DMA1_Channel2_IRQHandler               0x080006dc   Section        0  interrupt.o(i.DMA1_Channel2_IRQHandler)
    i.DMA1_Channel3_IRQHandler               0x080006f4   Section        0  interrupt.o(i.DMA1_Channel3_IRQHandler)
    i.DMA1_Channel4_IRQHandler               0x080006f8   Section        0  interrupt.o(i.DMA1_Channel4_IRQHandler)
    i.DMA1_Channel5_IRQHandler               0x08000710   Section        0  interrupt.o(i.DMA1_Channel5_IRQHandler)
    i.DMA1_Channel6_IRQHandler               0x08000712   Section        0  interrupt.o(i.DMA1_Channel6_IRQHandler)
    i.DMA1_Channel7_IRQHandler               0x08000714   Section        0  interrupt.o(i.DMA1_Channel7_IRQHandler)
    i.DMA2_Channel1_IRQHandler               0x0800072c   Section        0  interrupt.o(i.DMA2_Channel1_IRQHandler)
    i.DMA2_Channel2_IRQHandler               0x0800072e   Section        0  interrupt.o(i.DMA2_Channel2_IRQHandler)
    i.DMA2_Channel3_IRQHandler               0x08000730   Section        0  interrupt.o(i.DMA2_Channel3_IRQHandler)
    i.DMA2_Channel4_5_IRQHandler             0x08000734   Section        0  interrupt.o(i.DMA2_Channel4_5_IRQHandler)
    i.DMA_ClearFlag                          0x0800074c   Section        0  stm32f10x_dma.o(i.DMA_ClearFlag)
    i.DMA_ClearITPendingBit                  0x08000768   Section        0  stm32f10x_dma.o(i.DMA_ClearITPendingBit)
    i.DMA_Cmd                                0x08000784   Section        0  stm32f10x_dma.o(i.DMA_Cmd)
    i.DMA_DeInit                             0x0800079c   Section        0  stm32f10x_dma.o(i.DMA_DeInit)
    i.DMA_GetCurrDataCounter                 0x080008e8   Section        0  stm32f10x_dma.o(i.DMA_GetCurrDataCounter)
    i.DMA_GetFlagStatus                      0x080008f0   Section        0  stm32f10x_dma.o(i.DMA_GetFlagStatus)
    i.DMA_ITConfig                           0x0800091c   Section        0  stm32f10x_dma.o(i.DMA_ITConfig)
    i.DMA_Init                               0x0800092e   Section        0  stm32f10x_dma.o(i.DMA_Init)
    i.DMA_SetCurrDataCounter                 0x0800096a   Section        0  stm32f10x_dma.o(i.DMA_SetCurrDataCounter)
    i.EXTI0_IRQHandler                       0x08000970   Section        0  interrupt.o(i.EXTI0_IRQHandler)
    i.EXTI15_10_IRQHandler                   0x08000988   Section        0  interrupt.o(i.EXTI15_10_IRQHandler)
    i.EXTI1_IRQHandler                       0x08000a20   Section        0  interrupt.o(i.EXTI1_IRQHandler)
    i.EXTI2_IRQHandler                       0x08000a38   Section        0  interrupt.o(i.EXTI2_IRQHandler)
    i.EXTI3_IRQHandler                       0x08000a50   Section        0  interrupt.o(i.EXTI3_IRQHandler)
    i.EXTI4_IRQHandler                       0x08000a68   Section        0  interrupt.o(i.EXTI4_IRQHandler)
    i.EXTI9_5_IRQHandler                     0x08000a80   Section        0  interrupt.o(i.EXTI9_5_IRQHandler)
    i.EXTI_ClearITPendingBit                 0x08000afc   Section        0  stm32f10x_exti.o(i.EXTI_ClearITPendingBit)
    i.EXTI_GetITStatus                       0x08000b08   Section        0  stm32f10x_exti.o(i.EXTI_GetITStatus)
    i.GPIO_Init                              0x08000b30   Section        0  stm32f10x_gpio.o(i.GPIO_Init)
    i.GPIO_PinRemapConfig                    0x08000c48   Section        0  stm32f10x_gpio.o(i.GPIO_PinRemapConfig)
    i.GPIO_ReadInputDataBit                  0x08000cd8   Section        0  stm32f10x_gpio.o(i.GPIO_ReadInputDataBit)
    i.GPIO_SetBits                           0x08000cea   Section        0  stm32f10x_gpio.o(i.GPIO_SetBits)
    i.I2C1_ER_IRQHandler                     0x08000cf0   Section        0  interrupt.o(i.I2C1_ER_IRQHandler)
    i.I2C1_EV_IRQHandler                     0x08000d08   Section        0  interrupt.o(i.I2C1_EV_IRQHandler)
    i.I2C2_ER_IRQHandler                     0x08000d20   Section        0  interrupt.o(i.I2C2_ER_IRQHandler)
    i.I2C2_EV_IRQHandler                     0x08000d38   Section        0  interrupt.o(i.I2C2_EV_IRQHandler)
    i.I2C_AcknowledgeConfig                  0x08000d50   Section        0  stm32f10x_i2c.o(i.I2C_AcknowledgeConfig)
    i.I2C_GenerateSTART                      0x08000d68   Section        0  stm32f10x_i2c.o(i.I2C_GenerateSTART)
    i.I2C_GenerateSTOP                       0x08000d80   Section        0  stm32f10x_i2c.o(i.I2C_GenerateSTOP)
    i.I2C_GetLastEvent                       0x08000d98   Section        0  stm32f10x_i2c.o(i.I2C_GetLastEvent)
    i.I2C_ReceiveData                        0x08000db2   Section        0  stm32f10x_i2c.o(i.I2C_ReceiveData)
    i.I2C_Send7bitAddress                    0x08000dba   Section        0  stm32f10x_i2c.o(i.I2C_Send7bitAddress)
    i.I2C_SendData                           0x08000dcc   Section        0  stm32f10x_i2c.o(i.I2C_SendData)
    i.NVIC_Init                              0x08000dd0   Section        0  misc.o(i.NVIC_Init)
    i.NVIC_PriorityGroupConfig               0x08000e40   Section        0  misc.o(i.NVIC_PriorityGroupConfig)
    i.RCC_AHBPeriphClockCmd                  0x08000e54   Section        0  stm32f10x_rcc.o(i.RCC_AHBPeriphClockCmd)
    i.RCC_APB1PeriphClockCmd                 0x08000e74   Section        0  stm32f10x_rcc.o(i.RCC_APB1PeriphClockCmd)
    i.RCC_APB2PeriphClockCmd                 0x08000e94   Section        0  stm32f10x_rcc.o(i.RCC_APB2PeriphClockCmd)
    i.RCC_GetClocksFreq                      0x08000eb4   Section        0  stm32f10x_rcc.o(i.RCC_GetClocksFreq)
    i.SetSysClock                            0x08000f88   Section        0  system_stm32f10x.o(i.SetSysClock)
    SetSysClock                              0x08000f89   Thumb Code     8  system_stm32f10x.o(i.SetSysClock)
    i.SetSysClockTo72                        0x08000f90   Section        0  system_stm32f10x.o(i.SetSysClockTo72)
    SetSysClockTo72                          0x08000f91   Thumb Code   214  system_stm32f10x.o(i.SetSysClockTo72)
    i.SysTick_Handler                        0x08001070   Section        0  systime.o(i.SysTick_Handler)
    i.SystemInit                             0x08001078   Section        0  system_stm32f10x.o(i.SystemInit)
    i.TIM1_CC_IRQHandler                     0x080010d8   Section        0  interrupt.o(i.TIM1_CC_IRQHandler)
    i.TIM1_UP_IRQHandler                     0x080010f0   Section        0  interrupt.o(i.TIM1_UP_IRQHandler)
    i.TIM2_IRQHandler                        0x08001108   Section        0  interrupt.o(i.TIM2_IRQHandler)
    i.TIM3_IRQHandler                        0x08001120   Section        0  interrupt.o(i.TIM3_IRQHandler)
    i.TIM4_IRQHandler                        0x08001138   Section        0  interrupt.o(i.TIM4_IRQHandler)
    i.TIM5_IRQHandler                        0x08001150   Section        0  interrupt.o(i.TIM5_IRQHandler)
    i.TIM6_IRQHandler                        0x08001168   Section        0  interrupt.o(i.TIM6_IRQHandler)
    i.TIM7_IRQHandler                        0x08001180   Section        0  interrupt.o(i.TIM7_IRQHandler)
    i.TIM8_CC_IRQHandler                     0x08001198   Section        0  interrupt.o(i.TIM8_CC_IRQHandler)
    i.TIM8_UP_IRQHandler                     0x080011b0   Section        0  interrupt.o(i.TIM8_UP_IRQHandler)
    i.TIM_ClearITPendingBit                  0x080011c8   Section        0  stm32f10x_tim.o(i.TIM_ClearITPendingBit)
    i.TIM_GetCapture1                        0x080011ce   Section        0  stm32f10x_tim.o(i.TIM_GetCapture1)
    i.TIM_GetCapture2                        0x080011d4   Section        0  stm32f10x_tim.o(i.TIM_GetCapture2)
    i.TIM_GetCapture3                        0x080011da   Section        0  stm32f10x_tim.o(i.TIM_GetCapture3)
    i.TIM_GetCapture4                        0x080011e0   Section        0  stm32f10x_tim.o(i.TIM_GetCapture4)
    i.TIM_GetCounter                         0x080011e8   Section        0  stm32f10x_tim.o(i.TIM_GetCounter)
    i.TIM_GetITStatus                        0x080011ee   Section        0  stm32f10x_tim.o(i.TIM_GetITStatus)
    i.TIM_OC1PolarityConfig                  0x08001210   Section        0  stm32f10x_tim.o(i.TIM_OC1PolarityConfig)
    i.TIM_OC2PolarityConfig                  0x08001222   Section        0  stm32f10x_tim.o(i.TIM_OC2PolarityConfig)
    i.TIM_OC3PolarityConfig                  0x0800123c   Section        0  stm32f10x_tim.o(i.TIM_OC3PolarityConfig)
    i.TIM_OC4PolarityConfig                  0x08001256   Section        0  stm32f10x_tim.o(i.TIM_OC4PolarityConfig)
    i.UART4_IRQHandler                       0x08001270   Section        0  interrupt.o(i.UART4_IRQHandler)
    i.UART5_IRQHandler                       0x08001288   Section        0  interrupt.o(i.UART5_IRQHandler)
    i.USART1_IRQHandler                      0x080012a0   Section        0  interrupt.o(i.USART1_IRQHandler)
    i.USART2_IRQHandler                      0x080012b8   Section        0  interrupt.o(i.USART2_IRQHandler)
    i.USART3_IRQHandler                      0x080012d0   Section        0  interrupt.o(i.USART3_IRQHandler)
    i.USART_ClearFlag                        0x080012e8   Section        0  stm32f10x_usart.o(i.USART_ClearFlag)
    i.USART_ClearITPendingBit                0x080012fa   Section        0  stm32f10x_usart.o(i.USART_ClearITPendingBit)
    i.USART_Cmd                              0x08001318   Section        0  stm32f10x_usart.o(i.USART_Cmd)
    i.USART_DMACmd                           0x08001330   Section        0  stm32f10x_usart.o(i.USART_DMACmd)
    i.USART_GetFlagStatus                    0x08001342   Section        0  stm32f10x_usart.o(i.USART_GetFlagStatus)
    i.USART_GetITStatus                      0x0800135c   Section        0  stm32f10x_usart.o(i.USART_GetITStatus)
    i.USART_ITConfig                         0x080013b0   Section        0  stm32f10x_usart.o(i.USART_ITConfig)
    i.USART_Init                             0x080013fc   Section        0  stm32f10x_usart.o(i.USART_Init)
    i.USART_ReceiveData                      0x080014d4   Section        0  stm32f10x_usart.o(i.USART_ReceiveData)
    i.USART_SendData                         0x080014de   Section        0  stm32f10x_usart.o(i.USART_SendData)
    i._Z8LED_Initv                           0x080014e8   Section        0  main.o(i._Z8LED_Initv)
    i._ZN3I2C12StartNextCMDEv                0x08001538   Section        0  i2c.o(i._ZN3I2C12StartNextCMDEv)
    i._ZN3I2C8ERRORIRQEv                     0x08001594   Section        0  i2c.o(i._ZN3I2C8ERRORIRQEv)
    i._ZN3I2C8EventIRQEv                     0x080015b4   Section        0  i2c.o(i._ZN3I2C8EventIRQEv)
    i._ZN4EXIT3IRQEv                         0x08001774   Section        0  exit.o(i._ZN4EXIT3IRQEv)
    i._ZN4GPIO3GetEv                         0x0800179a   Section        0  gpio.o(i._ZN4GPIO3GetEv)
    i._ZN4GPIOC1EP12GPIO_TypeDeft16GPIOMode_TypeDef17GPIOSpeed_TypeDefb 0x080017a8   Section        0  gpio.o(i._ZN4GPIOC1EP12GPIO_TypeDeft16GPIOMode_TypeDef17GPIOSpeed_TypeDefb)
    i._ZN4UART10RXDMA_InitEh                 0x0800185c   Section        0  uart.o(i._ZN4UART10RXDMA_InitEh)
    i._ZN4UART10TXDMA_InitEh                 0x0800191c   Section        0  uart.o(i._ZN4UART10TXDMA_InitEh)
    i._ZN4UART3IRQEv                         0x080019f0   Section        0  uart.o(i._ZN4UART3IRQEv)
    i._ZN4UART8SendByteEh                    0x08001b10   Section        0  uart.o(i._ZN4UART8SendByteEh)
    i._ZN4UART9IRQ_TxDMAEv                   0x08001bf0   Section        0  uart.o(i._ZN4UART9IRQ_TxDMAEv)
    i._ZN4UART9SendBytesEPht                 0x08001c80   Section        0  uart.o(i._ZN4UART9SendBytesEPht)
    i._ZN4UARTC1Ehjbbbttt                    0x08001d6c   Section        0  uart.o(i._ZN4UARTC1Ehjbbbttt)
    i._ZN5Timer10EncoderIRQEv                0x08002028   Section        0  timer.o(i._ZN5Timer10EncoderIRQEv)
    i._ZN5Timer15InputCaptureIRQEv           0x08002078   Section        0  timer.o(i._ZN5Timer15InputCaptureIRQEv)
    i._ZN5Timer3IRQEv                        0x08002248   Section        0  timer.o(i._ZN5Timer3IRQEv)
    i._ZN6Sensor7UpdatedEv                   0x080022d0   Section        0  i2c.o(i._ZN6Sensor7UpdatedEv)
    i._ZN7SysTime10CheckTimerEh              0x080022fc   Section        0  systime.o(i._ZN7SysTime10CheckTimerEh)
    i._ZN7SysTime10InitializeEv              0x08002354   Section        0  systime.o(i._ZN7SysTime10InitializeEv)
    i._ZN7SysTime11CreateTimerEd             0x08002384   Section        0  systime.o(i._ZN7SysTime11CreateTimerEd)
    i._ZN7SysTime3IRQEv                      0x080023dc   Section        0  systime.o(i._ZN7SysTime3IRQEv)
    i._ZN7SysTime3NowEv                      0x080023fc   Section        0  systime.o(i._ZN7SysTime3NowEv)
    i._ZN7UIDLink10Pack_CheckEv              0x080024bc   Section        0  uidlink.o(i._ZN7UIDLink10Pack_CheckEv)
    i._ZN7UIDLink11GetSigned16Ehb            0x080026da   Section        0  uidlink.o(i._ZN7UIDLink11GetSigned16Ehb)
    i._ZN7UIDLink12GetUnSigned8Eh            0x080026f0   Section        0  uidlink.o(i._ZN7UIDLink12GetUnSigned8Eh)
    i._ZN7UIDLink9Pack_SendEv                0x080026fa   Section        0  uidlink.o(i._ZN7UIDLink9Pack_SendEv)
    i._ZN7UIDLinkC1ER4UARTPA3_hhhhhh         0x080027a2   Section        0  uidlink.o(i._ZN7UIDLinkC1ER4UARTPA3_hhhhhh)
    i._ZN9Serialize10ToSigned16EPhb          0x080027cc   Section        0  serialize.o(i._ZN9Serialize10ToSigned16EPhb)
    i._Znaj                                  0x080027fc   Section        0  array_new.o(i._Znaj)
    i._Znwj                                  0x08002804   Section        0  new.o(i._Znwj)
    i.__sti___8_main_cpp_Protocol            0x0800282c   Section        0  main.o(i.__sti___8_main_cpp_Protocol)
    __sti___8_main_cpp_Protocol              0x0800282d   Thumb Code    62  main.o(i.__sti___8_main_cpp_Protocol)
    i.main                                   0x08002878   Section        0  main.o(i.main)
    t._ZN10FIFOBufferI11I2C_CommandLt20EE7GetDataERS0_ 0x08002c00   Section        0  i2c.o(t._ZN10FIFOBufferI11I2C_CommandLt20EE7GetDataERS0_)
    t._ZN10FIFOBufferIhLt500EE10RestOfSizeEv 0x08002c4c   Section        0  uart.o(t._ZN10FIFOBufferIhLt500EE10RestOfSizeEv)
    t._ZN10FIFOBufferIhLt500EE4sizeEv        0x08002c5c   Section        0  uart.o(t._ZN10FIFOBufferIhLt500EE4sizeEv)
    t._ZN10FIFOBufferIhLt500EE7GetDataERh    0x08002c64   Section        0  uart.o(t._ZN10FIFOBufferIhLt500EE7GetDataERh)
    t._ZN10FIFOBufferIhLt500EE7PutDataERKh   0x08002ca0   Section        0  uart.o(t._ZN10FIFOBufferIhLt500EE7PutDataERKh)
    t._ZN10FIFOBufferIhLt500EE8GetDatasEPht  0x08002ce2   Section        0  uart.o(t._ZN10FIFOBufferIhLt500EE8GetDatasEPht)
    t._ZN10FIFOBufferIhLt500EE8PutDatasEPht  0x08002d2c   Section        0  uart.o(t._ZN10FIFOBufferIhLt500EE8PutDatasEPht)
    t._ZN10FIFOBufferIhLt500EEC1Ev           0x08002d7c   Section        0  uart.o(t._ZN10FIFOBufferIhLt500EEC1Ev)
    x$fpl$dadd                               0x08002d94   Section      336  daddsub_clz.o(x$fpl$dadd)
    _dadd1                                   0x08002da5   Thumb Code     0  daddsub_clz.o(x$fpl$dadd)
    x$fpl$dcmpinf                            0x08002ee4   Section       24  dcmpi.o(x$fpl$dcmpinf)
    x$fpl$ddiv                               0x08002efc   Section      688  ddiv.o(x$fpl$ddiv)
    ddiv_entry                               0x08002f03   Thumb Code     0  ddiv.o(x$fpl$ddiv)
    x$fpl$dfltu                              0x080031ac   Section       38  dflt_clz.o(x$fpl$dfltu)
    x$fpl$dleqf                              0x080031d4   Section      120  dleqf.o(x$fpl$dleqf)
    x$fpl$dnaninf                            0x0800324c   Section      156  dnaninf.o(x$fpl$dnaninf)
    x$fpl$dretinf                            0x080032e8   Section       12  dretinf.o(x$fpl$dretinf)
    x$fpl$drleqf                             0x080032f4   Section      108  drleqf.o(x$fpl$drleqf)
    x$fpl$dsub                               0x08003360   Section      468  daddsub_clz.o(x$fpl$dsub)
    _dsub1                                   0x08003371   Thumb Code     0  daddsub_clz.o(x$fpl$dsub)
    x$fpl$fdiv                               0x08003534   Section      388  fdiv.o(x$fpl$fdiv)
    _fdiv1                                   0x08003535   Thumb Code     0  fdiv.o(x$fpl$fdiv)
    x$fpl$fflt                               0x080036b8   Section       48  fflt_clz.o(x$fpl$fflt)
    x$fpl$fnaninf                            0x080036e8   Section      140  fnaninf.o(x$fpl$fnaninf)
    x$fpl$fretinf                            0x08003774   Section       10  fretinf.o(x$fpl$fretinf)
    x$fpl$usenofp                            0x0800377e   Section        0  usenofp.o(x$fpl$usenofp)
    .constdata                               0x08003780   Section      264  uart.o(.constdata)
    .constdata                               0x08003888   Section       11  gpio.o(.constdata)
    .init_array                              0x080038b4   Section        4  main.o(.init_array)
    .init_array                              0x080038b8   Section        0  init_aeabi.o(.init_array)
    .data                                    0x20000000   Section        2  uart.o(.data)
    data                                     0x20000000   Data           1  uart.o(.data)
    data                                     0x20000001   Data           1  uart.o(.data)
    .data                                    0x20000002   Section       14  timer.o(.data)
    isRising                                 0x20000002   Data           4  timer.o(.data)
    cntRising                                0x20000006   Data           8  timer.o(.data)
    ccr                                      0x2000000e   Data           2  timer.o(.data)
    .data                                    0x20000010   Section        9  i2c.o(.data)
    ResetCount                               0x20000018   Data           1  i2c.o(.data)
    .data                                    0x20000019   Section       30  main.o(.data)
    .data                                    0x20000038   Section       37  systime.o(.data)
    .data                                    0x20000060   Section        8  serialize.o(.data)
    .data                                    0x20000068   Section       20  stm32f10x_rcc.o(.data)
    APBAHBPrescTable                         0x20000068   Data          16  stm32f10x_rcc.o(.data)
    ADCPrescTable                            0x20000078   Data           4  stm32f10x_rcc.o(.data)
    .bss                                     0x2000007c   Section       20  uart.o(.bss)
    .bss                                     0x20000090   Section       32  timer.o(.bss)
    .bss                                     0x200000b0   Section       64  exit.o(.bss)
    .bss                                     0x200000f0   Section     1840  main.o(.bss)
    .bss                                     0x20000820   Section      320  systime.o(.bss)
    .bss                                     0x20000960   Section       96  libspace.o(.bss)
    HEAP                                     0x200009c0   Section     4096  startup_stm32f10x_hd.o(HEAP)
    Heap_Mem                                 0x200009c0   Data        4096  startup_stm32f10x_hd.o(HEAP)
    STACK                                    0x200019c0   Section     1024  startup_stm32f10x_hd.o(STACK)
    Stack_Mem                                0x200019c0   Data        1024  startup_stm32f10x_hd.o(STACK)
    __initial_sp                             0x20001dc0   Data           0  startup_stm32f10x_hd.o(STACK)

    Global Symbols

    Symbol Name                              Value     Ov Type        Size  Object(Section)

    BuildAttributes$$THM_ISAv4$P$D$K$B$S$PE$A:L22UL41UL21$X:L11$S22US41US21$IEEE1$IW$USESV6$~STKCKD$USESV7$~SHL$OTIME$ROPI$IEEEX$EBA8$UX$STANDARDLIB$REQ8$PRES8$EABIv2 0x00000000   Number         0  anon$$obj.o ABSOLUTE
    __ARM_use_no_argv                        0x00000000   Number         0  main.o ABSOLUTE
    SHT$$ARM_EXIDX$$Base                      - Undefined Reference
    SHT$$ARM_EXIDX$$Limit                     - Undefined Reference
    __ARM::default_unexpected_handler()       - Undefined Weak Reference
    __ARM_exceptions_buffer_required          - Undefined Weak Reference
    __ARM_exceptions_init                     - Undefined Weak Reference
    __aeabi_unwind_cpp_pr1                    - Undefined Weak Reference
    __aeabi_unwind_cpp_pr2                    - Undefined Weak Reference
    __alloca_initialize                       - Undefined Weak Reference
    __arm_preinit_                            - Undefined Weak Reference
    __cxa_begin_cleanup                       - Undefined Weak Reference
    __cxa_finalize                            - Undefined Weak Reference
    __cxa_type_match                          - Undefined Weak Reference
    __rt_locale                               - Undefined Weak Reference
    __sigvec_lookup                           - Undefined Weak Reference
    __user_heap_extent                        - Undefined Weak Reference
    _atexit_init                              - Undefined Weak Reference
    _call_atexit_fns                          - Undefined Weak Reference
    _clock_init                               - Undefined Weak Reference
    _fp_trap_init                             - Undefined Weak Reference
    _fp_trap_shutdown                         - Undefined Weak Reference
    _get_lc_collate                           - Undefined Weak Reference
    _get_lc_ctype                             - Undefined Weak Reference
    _get_lc_monetary                          - Undefined Weak Reference
    _get_lc_numeric                           - Undefined Weak Reference
    _get_lc_time                              - Undefined Weak Reference
    _getenv_init                              - Undefined Weak Reference
    _handle_redirection                       - Undefined Weak Reference
    _initio                                   - Undefined Weak Reference
    _mutex_acquire                            - Undefined Weak Reference
    _mutex_free                               - Undefined Weak Reference
    _mutex_release                            - Undefined Weak Reference
    _rand_init                                - Undefined Weak Reference
    _signal_finish                            - Undefined Weak Reference
    _signal_init                              - Undefined Weak Reference
    _terminateio                              - Undefined Weak Reference
    __Vectors_Size                           0x00000130   Number         0  startup_stm32f10x_hd.o ABSOLUTE
    __Vectors                                0x08000000   Data           4  startup_stm32f10x_hd.o(RESET)
    __Vectors_End                            0x08000130   Data           0  startup_stm32f10x_hd.o(RESET)
    __main                                   0x08000131   Thumb Code     8  __main.o(!!!main)
    __scatterload                            0x08000139   Thumb Code     0  __scatter.o(!!!scatter)
    __scatterload_rt2                        0x08000139   Thumb Code    44  __scatter.o(!!!scatter)
    __scatterload_rt2_thumb_only             0x08000139   Thumb Code     0  __scatter.o(!!!scatter)
    __scatterload_null                       0x08000147   Thumb Code     0  __scatter.o(!!!scatter)
    __scatterload_copy                       0x0800016d   Thumb Code    26  __scatter_copy.o(!!handler_copy)
    __scatterload_zeroinit                   0x08000189   Thumb Code    28  __scatter_zi.o(!!handler_zi)
    __rt_lib_init                            0x080001a5   Thumb Code     0  libinit.o(.ARM.Collect$$libinit$$00000000)
    __rt_lib_init_fp_1                       0x080001a7   Thumb Code     0  libinit2.o(.ARM.Collect$$libinit$$00000002)
    __rt_lib_init_heap_2                     0x080001a7   Thumb Code     0  libinit2.o(.ARM.Collect$$libinit$$00000005)
    __rt_lib_init_preinit_1                  0x080001a7   Thumb Code     0  libinit2.o(.ARM.Collect$$libinit$$00000004)
    __rt_lib_init_alloca_1                   0x080001af   Thumb Code     0  libinit2.o(.ARM.Collect$$libinit$$0000002E)
    __rt_lib_init_argv_1                     0x080001af   Thumb Code     0  libinit2.o(.ARM.Collect$$libinit$$0000002C)
    __rt_lib_init_atexit_1                   0x080001af   Thumb Code     0  libinit2.o(.ARM.Collect$$libinit$$0000001B)
    __rt_lib_init_clock_1                    0x080001af   Thumb Code     0  libinit2.o(.ARM.Collect$$libinit$$00000021)
    __rt_lib_init_cpp_2                      0x080001af   Thumb Code     0  libinit2.o(.ARM.Collect$$libinit$$00000031)
    __rt_lib_init_exceptions_1               0x080001af   Thumb Code     0  libinit2.o(.ARM.Collect$$libinit$$00000030)
    __rt_lib_init_fp_trap_1                  0x080001af   Thumb Code     0  libinit2.o(.ARM.Collect$$libinit$$0000001F)
    __rt_lib_init_getenv_1                   0x080001af   Thumb Code     0  libinit2.o(.ARM.Collect$$libinit$$00000023)
    __rt_lib_init_heap_1                     0x080001af   Thumb Code     0  libinit2.o(.ARM.Collect$$libinit$$0000000A)
    __rt_lib_init_lc_collate_1               0x080001af   Thumb Code     0  libinit2.o(.ARM.Collect$$libinit$$00000011)
    __rt_lib_init_lc_ctype_1                 0x080001af   Thumb Code     0  libinit2.o(.ARM.Collect$$libinit$$00000013)
    __rt_lib_init_lc_monetary_1              0x080001af   Thumb Code     0  libinit2.o(.ARM.Collect$$libinit$$00000015)
    __rt_lib_init_lc_numeric_1               0x080001af   Thumb Code     0  libinit2.o(.ARM.Collect$$libinit$$00000017)
    __rt_lib_init_lc_time_1                  0x080001af   Thumb Code     0  libinit2.o(.ARM.Collect$$libinit$$00000019)
    __rt_lib_init_rand_1                     0x080001af   Thumb Code     0  libinit2.o(.ARM.Collect$$libinit$$0000000E)
    __rt_lib_init_signal_1                   0x080001af   Thumb Code     0  libinit2.o(.ARM.Collect$$libinit$$0000001D)
    __rt_lib_init_stdio_1                    0x080001af   Thumb Code     0  libinit2.o(.ARM.Collect$$libinit$$00000025)
    __rt_lib_init_user_alloc_1               0x080001af   Thumb Code     0  libinit2.o(.ARM.Collect$$libinit$$0000000C)
    __rt_lib_init_cpp_1                      0x080001b3   Thumb Code     0  libinit2.o(.ARM.Collect$$libinit$$00000032)
    __rt_lib_init_return                     0x080001b3   Thumb Code     0  libinit2.o(.ARM.Collect$$libinit$$00000033)
    __rt_lib_shutdown                        0x080001b5   Thumb Code     0  libshutdown.o(.ARM.Collect$$libshutdown$$00000000)
    __rt_lib_shutdown_fp_trap_1              0x080001b7   Thumb Code     0  libshutdown2.o(.ARM.Collect$$libshutdown$$00000006)
    __rt_lib_shutdown_heap_1                 0x080001b7   Thumb Code     0  libshutdown2.o(.ARM.Collect$$libshutdown$$0000000E)
    __rt_lib_shutdown_return                 0x080001b7   Thumb Code     0  libshutdown2.o(.ARM.Collect$$libshutdown$$0000000F)
    __rt_lib_shutdown_signal_1               0x080001b7   Thumb Code     0  libshutdown2.o(.ARM.Collect$$libshutdown$$00000009)
    __rt_lib_shutdown_stdio_1                0x080001b7   Thumb Code     0  libshutdown2.o(.ARM.Collect$$libshutdown$$00000003)
    __rt_lib_shutdown_user_alloc_1           0x080001b7   Thumb Code     0  libshutdown2.o(.ARM.Collect$$libshutdown$$0000000B)
    __rt_entry                               0x080001b9   Thumb Code     0  __rtentry.o(.ARM.Collect$$rtentry$$00000000)
    __rt_entry_presh_1                       0x080001b9   Thumb Code     0  __rtentry2.o(.ARM.Collect$$rtentry$$00000002)
    __rt_entry_sh                            0x080001b9   Thumb Code     0  __rtentry4.o(.ARM.Collect$$rtentry$$00000004)
    __rt_entry_li                            0x080001bf   Thumb Code     0  __rtentry2.o(.ARM.Collect$$rtentry$$0000000A)
    __rt_entry_postsh_1                      0x080001bf   Thumb Code     0  __rtentry2.o(.ARM.Collect$$rtentry$$00000009)
    __rt_entry_main                          0x080001c3   Thumb Code     0  __rtentry2.o(.ARM.Collect$$rtentry$$0000000D)
    __rt_entry_postli_1                      0x080001c3   Thumb Code     0  __rtentry2.o(.ARM.Collect$$rtentry$$0000000C)
    __rt_exit                                0x080001cb   Thumb Code     0  rtexit.o(.ARM.Collect$$rtexit$$00000000)
    __rt_exit_ls                             0x080001cd   Thumb Code     0  rtexit2.o(.ARM.Collect$$rtexit$$00000003)
    __rt_exit_prels_1                        0x080001cd   Thumb Code     0  rtexit2.o(.ARM.Collect$$rtexit$$00000002)
    __rt_exit_exit                           0x080001d1   Thumb Code     0  rtexit2.o(.ARM.Collect$$rtexit$$00000004)
    Reset_Handler                            0x080001d9   Thumb Code     8  startup_stm32f10x_hd.o(.text)
    _maybe_terminate_alloc                   0x080001d9   Thumb Code     0  maybetermalloc1.o(.emb_text)
    NMI_Handler                              0x080001e1   Thumb Code     2  startup_stm32f10x_hd.o(.text)
    HardFault_Handler                        0x080001e3   Thumb Code     2  startup_stm32f10x_hd.o(.text)
    MemManage_Handler                        0x080001e5   Thumb Code     2  startup_stm32f10x_hd.o(.text)
    BusFault_Handler                         0x080001e7   Thumb Code     2  startup_stm32f10x_hd.o(.text)
    UsageFault_Handler                       0x080001e9   Thumb Code     2  startup_stm32f10x_hd.o(.text)
    SVC_Handler                              0x080001eb   Thumb Code     2  startup_stm32f10x_hd.o(.text)
    DebugMon_Handler                         0x080001ed   Thumb Code     2  startup_stm32f10x_hd.o(.text)
    PendSV_Handler                           0x080001ef   Thumb Code     2  startup_stm32f10x_hd.o(.text)
    ADC1_2_IRQHandler                        0x080001f3   Thumb Code     0  startup_stm32f10x_hd.o(.text)
    ADC3_IRQHandler                          0x080001f3   Thumb Code     0  startup_stm32f10x_hd.o(.text)
    CAN1_RX1_IRQHandler                      0x080001f3   Thumb Code     0  startup_stm32f10x_hd.o(.text)
    CAN1_SCE_IRQHandler                      0x080001f3   Thumb Code     0  startup_stm32f10x_hd.o(.text)
    FLASH_IRQHandler                         0x080001f3   Thumb Code     0  startup_stm32f10x_hd.o(.text)
    FSMC_IRQHandler                          0x080001f3   Thumb Code     0  startup_stm32f10x_hd.o(.text)
    PVD_IRQHandler                           0x080001f3   Thumb Code     0  startup_stm32f10x_hd.o(.text)
    RCC_IRQHandler                           0x080001f3   Thumb Code     0  startup_stm32f10x_hd.o(.text)
    RTCAlarm_IRQHandler                      0x080001f3   Thumb Code     0  startup_stm32f10x_hd.o(.text)
    RTC_IRQHandler                           0x080001f3   Thumb Code     0  startup_stm32f10x_hd.o(.text)
    SDIO_IRQHandler                          0x080001f3   Thumb Code     0  startup_stm32f10x_hd.o(.text)
    SPI1_IRQHandler                          0x080001f3   Thumb Code     0  startup_stm32f10x_hd.o(.text)
    SPI2_IRQHandler                          0x080001f3   Thumb Code     0  startup_stm32f10x_hd.o(.text)
    SPI3_IRQHandler                          0x080001f3   Thumb Code     0  startup_stm32f10x_hd.o(.text)
    TAMPER_IRQHandler                        0x080001f3   Thumb Code     0  startup_stm32f10x_hd.o(.text)
    TIM1_BRK_IRQHandler                      0x080001f3   Thumb Code     0  startup_stm32f10x_hd.o(.text)
    TIM1_TRG_COM_IRQHandler                  0x080001f3   Thumb Code     0  startup_stm32f10x_hd.o(.text)
    TIM8_BRK_IRQHandler                      0x080001f3   Thumb Code     0  startup_stm32f10x_hd.o(.text)
    TIM8_TRG_COM_IRQHandler                  0x080001f3   Thumb Code     0  startup_stm32f10x_hd.o(.text)
    USBWakeUp_IRQHandler                     0x080001f3   Thumb Code     0  startup_stm32f10x_hd.o(.text)
    USB_HP_CAN1_TX_IRQHandler                0x080001f3   Thumb Code     0  startup_stm32f10x_hd.o(.text)
    USB_LP_CAN1_RX0_IRQHandler               0x080001f3   Thumb Code     0  startup_stm32f10x_hd.o(.text)
    WWDG_IRQHandler                          0x080001f3   Thumb Code     0  startup_stm32f10x_hd.o(.text)
    __user_initial_stackheap                 0x080001f5   Thumb Code     0  startup_stm32f10x_hd.o(.text)
    __aeabi_memcpy                           0x08000219   Thumb Code     0  rt_memcpy_v6.o(.text)
    __rt_memcpy                              0x08000219   Thumb Code   138  rt_memcpy_v6.o(.text)
    _memcpy_lastbytes                        0x0800027f   Thumb Code     0  rt_memcpy_v6.o(.text)
    __aeabi_memcpy4                          0x080002a3   Thumb Code     0  rt_memcpy_w.o(.text)
    __aeabi_memcpy8                          0x080002a3   Thumb Code     0  rt_memcpy_w.o(.text)
    __rt_memcpy_w                            0x080002a3   Thumb Code   100  rt_memcpy_w.o(.text)
    _memcpy_lastbytes_aligned                0x080002eb   Thumb Code     0  rt_memcpy_w.o(.text)
    __use_two_region_memory                  0x08000307   Thumb Code     2  heapauxi.o(.text)
    __rt_heap_escrow                         0x08000309   Thumb Code     2  heapauxi.o(.text)
    __rt_heap_expand                         0x0800030b   Thumb Code     2  heapauxi.o(.text)
    __cpp_initialize__aeabi_                 0x0800030d   Thumb Code    26  init_aeabi.o(.text)
    __rt_new_handler_addr                    0x08000331   Thumb Code     8  rt_new_handler_addr_intlibspace.o(.text)
    malloc                                   0x08000339   Thumb Code    94  h1_alloc.o(.text)
    __default_new_handler()                  0x08000397   Thumb Code     4  arm_newhandler_noexceptions.o(.text)
    __user_libspace                          0x0800039d   Thumb Code     8  libspace.o(.text)
    __user_perproc_libspace                  0x0800039d   Thumb Code     0  libspace.o(.text)
    __user_perthread_libspace                0x0800039d   Thumb Code     0  libspace.o(.text)
    __rt_heap_descriptor                     0x080003a5   Thumb Code     8  rt_heap_descriptor_intlibspace.o(.text)
    __use_no_heap                            0x080003ad   Thumb Code     2  hguard.o(.text)
    __heap$guard                             0x080003af   Thumb Code     2  hguard.o(.text)
    _terminate_user_alloc                    0x080003b1   Thumb Code     2  init_alloc.o(.text)
    _init_user_alloc                         0x080003b3   Thumb Code     2  init_alloc.o(.text)
    __Heap_Full                              0x080003b5   Thumb Code    34  init_alloc.o(.text)
    __Heap_Broken                            0x080003d7   Thumb Code     6  init_alloc.o(.text)
    _init_alloc                              0x080003dd   Thumb Code    94  init_alloc.o(.text)
    __Heap_Initialize                        0x0800043b   Thumb Code    10  h1_init.o(.text)
    __Heap_DescSize                          0x08000445   Thumb Code     4  h1_init.o(.text)
    free                                     0x08000449   Thumb Code    78  h1_free.o(.text)
    __sig_exit                               0x08000497   Thumb Code    10  defsig_exit.o(.text)
    std::terminate()                         0x080004a1   Thumb Code    26  arm_exceptions_terminate.o(.text)
    __cxa_get_globals                        0x080004c3   Thumb Code    62  arm_exceptions_globs.o(.text)
    _sys_exit                                0x0800050d   Thumb Code     8  sys_exit.o(.text)
    __user_setup_stackheap                   0x08000519   Thumb Code    74  sys_stackheap_outer.o(.text)
    __rt_eh_globals_addr                     0x08000565   Thumb Code     8  rt_eh_globals_addr_intlibspace.o(.text)
    __Heap_ProvideMemory                     0x0800056d   Thumb Code    52  h1_extend.o(.text)
    exit                                     0x080005a1   Thumb Code    12  exit.o(.text)
    abort                                    0x080005ad   Thumb Code    16  abort.o(.text)
    __default_signal_display                 0x080005bd   Thumb Code    50  defsig_general.o(.text)
    __rt_SIGRTMEM                            0x080005ef   Thumb Code    14  defsig_rtmem_outer.o(.text)
    __ARM_exceptions_buffer_init             0x080005fd   Thumb Code    18  arm_exceptions_mem.o(.text)
    __ARM_exceptions_buffer_allocate         0x0800060f   Thumb Code    22  arm_exceptions_mem.o(.text)
    __ARM_exceptions_buffer_free             0x08000625   Thumb Code    20  arm_exceptions_mem.o(.text)
    _ttywrch                                 0x08000639   Thumb Code    14  sys_wrch.o(.text)
    __I$use$semihosting                      0x08000647   Thumb Code     0  use_no_semi.o(.text)
    __use_no_semihosting_swi                 0x08000647   Thumb Code     2  use_no_semi.o(.text)
    __rt_SIGABRT                             0x08000649   Thumb Code    14  defsig_abrt_outer.o(.text)
    __semihosting_library_function           0x08000649   Thumb Code     0  indicate_semi.o(.text)
    __rt_SIGRTMEM_inner                      0x08000659   Thumb Code    22  defsig_rtmem_inner.o(.text)
    __rt_SIGABRT_inner                       0x080006a9   Thumb Code    14  defsig_abrt_inner.o(.text)
    DMA1_Channel1_IRQHandler                 0x080006d9   Thumb Code     2  interrupt.o(i.DMA1_Channel1_IRQHandler)
    DMA1_Channel2_IRQHandler                 0x080006dd   Thumb Code    18  interrupt.o(i.DMA1_Channel2_IRQHandler)
    DMA1_Channel3_IRQHandler                 0x080006f5   Thumb Code     2  interrupt.o(i.DMA1_Channel3_IRQHandler)
    DMA1_Channel4_IRQHandler                 0x080006f9   Thumb Code    18  interrupt.o(i.DMA1_Channel4_IRQHandler)
    DMA1_Channel5_IRQHandler                 0x08000711   Thumb Code     2  interrupt.o(i.DMA1_Channel5_IRQHandler)
    DMA1_Channel6_IRQHandler                 0x08000713   Thumb Code     2  interrupt.o(i.DMA1_Channel6_IRQHandler)
    DMA1_Channel7_IRQHandler                 0x08000715   Thumb Code    18  interrupt.o(i.DMA1_Channel7_IRQHandler)
    DMA2_Channel1_IRQHandler                 0x0800072d   Thumb Code     2  interrupt.o(i.DMA2_Channel1_IRQHandler)
    DMA2_Channel2_IRQHandler                 0x0800072f   Thumb Code     2  interrupt.o(i.DMA2_Channel2_IRQHandler)
    DMA2_Channel3_IRQHandler                 0x08000731   Thumb Code     2  interrupt.o(i.DMA2_Channel3_IRQHandler)
    DMA2_Channel4_5_IRQHandler               0x08000735   Thumb Code    18  interrupt.o(i.DMA2_Channel4_5_IRQHandler)
    DMA_ClearFlag                            0x0800074d   Thumb Code    18  stm32f10x_dma.o(i.DMA_ClearFlag)
    DMA_ClearITPendingBit                    0x08000769   Thumb Code    18  stm32f10x_dma.o(i.DMA_ClearITPendingBit)
    DMA_Cmd                                  0x08000785   Thumb Code    24  stm32f10x_dma.o(i.DMA_Cmd)
    DMA_DeInit                               0x0800079d   Thumb Code   324  stm32f10x_dma.o(i.DMA_DeInit)
    DMA_GetCurrDataCounter                   0x080008e9   Thumb Code     8  stm32f10x_dma.o(i.DMA_GetCurrDataCounter)
    DMA_GetFlagStatus                        0x080008f1   Thumb Code    36  stm32f10x_dma.o(i.DMA_GetFlagStatus)
    DMA_ITConfig                             0x0800091d   Thumb Code    18  stm32f10x_dma.o(i.DMA_ITConfig)
    DMA_Init                                 0x0800092f   Thumb Code    60  stm32f10x_dma.o(i.DMA_Init)
    DMA_SetCurrDataCounter                   0x0800096b   Thumb Code     4  stm32f10x_dma.o(i.DMA_SetCurrDataCounter)
    EXTI0_IRQHandler                         0x08000971   Thumb Code    18  interrupt.o(i.EXTI0_IRQHandler)
    EXTI15_10_IRQHandler                     0x08000989   Thumb Code   148  interrupt.o(i.EXTI15_10_IRQHandler)
    EXTI1_IRQHandler                         0x08000a21   Thumb Code    18  interrupt.o(i.EXTI1_IRQHandler)
    EXTI2_IRQHandler                         0x08000a39   Thumb Code    18  interrupt.o(i.EXTI2_IRQHandler)
    EXTI3_IRQHandler                         0x08000a51   Thumb Code    18  interrupt.o(i.EXTI3_IRQHandler)
    EXTI4_IRQHandler                         0x08000a69   Thumb Code    18  interrupt.o(i.EXTI4_IRQHandler)
    EXTI9_5_IRQHandler                       0x08000a81   Thumb Code   118  interrupt.o(i.EXTI9_5_IRQHandler)
    EXTI_ClearITPendingBit                   0x08000afd   Thumb Code     6  stm32f10x_exti.o(i.EXTI_ClearITPendingBit)
    EXTI_GetITStatus                         0x08000b09   Thumb Code    34  stm32f10x_exti.o(i.EXTI_GetITStatus)
    GPIO_Init                                0x08000b31   Thumb Code   278  stm32f10x_gpio.o(i.GPIO_Init)
    GPIO_PinRemapConfig                      0x08000c49   Thumb Code   138  stm32f10x_gpio.o(i.GPIO_PinRemapConfig)
    GPIO_ReadInputDataBit                    0x08000cd9   Thumb Code    18  stm32f10x_gpio.o(i.GPIO_ReadInputDataBit)
    GPIO_SetBits                             0x08000ceb   Thumb Code     4  stm32f10x_gpio.o(i.GPIO_SetBits)
    I2C1_ER_IRQHandler                       0x08000cf1   Thumb Code    18  interrupt.o(i.I2C1_ER_IRQHandler)
    I2C1_EV_IRQHandler                       0x08000d09   Thumb Code    18  interrupt.o(i.I2C1_EV_IRQHandler)
    I2C2_ER_IRQHandler                       0x08000d21   Thumb Code    18  interrupt.o(i.I2C2_ER_IRQHandler)
    I2C2_EV_IRQHandler                       0x08000d39   Thumb Code    18  interrupt.o(i.I2C2_EV_IRQHandler)
    I2C_AcknowledgeConfig                    0x08000d51   Thumb Code    24  stm32f10x_i2c.o(i.I2C_AcknowledgeConfig)
    I2C_GenerateSTART                        0x08000d69   Thumb Code    24  stm32f10x_i2c.o(i.I2C_GenerateSTART)
    I2C_GenerateSTOP                         0x08000d81   Thumb Code    24  stm32f10x_i2c.o(i.I2C_GenerateSTOP)
    I2C_GetLastEvent                         0x08000d99   Thumb Code    26  stm32f10x_i2c.o(i.I2C_GetLastEvent)
    I2C_ReceiveData                          0x08000db3   Thumb Code     8  stm32f10x_i2c.o(i.I2C_ReceiveData)
    I2C_Send7bitAddress                      0x08000dbb   Thumb Code    18  stm32f10x_i2c.o(i.I2C_Send7bitAddress)
    I2C_SendData                             0x08000dcd   Thumb Code     4  stm32f10x_i2c.o(i.I2C_SendData)
    NVIC_Init                                0x08000dd1   Thumb Code   100  misc.o(i.NVIC_Init)
    NVIC_PriorityGroupConfig                 0x08000e41   Thumb Code    10  misc.o(i.NVIC_PriorityGroupConfig)
    RCC_AHBPeriphClockCmd                    0x08000e55   Thumb Code    26  stm32f10x_rcc.o(i.RCC_AHBPeriphClockCmd)
    RCC_APB1PeriphClockCmd                   0x08000e75   Thumb Code    26  stm32f10x_rcc.o(i.RCC_APB1PeriphClockCmd)
    RCC_APB2PeriphClockCmd                   0x08000e95   Thumb Code    26  stm32f10x_rcc.o(i.RCC_APB2PeriphClockCmd)
    RCC_GetClocksFreq                        0x08000eb5   Thumb Code   192  stm32f10x_rcc.o(i.RCC_GetClocksFreq)
    SysTick_Handler                          0x08001071   Thumb Code     8  systime.o(i.SysTick_Handler)
    SystemInit                               0x08001079   Thumb Code    78  system_stm32f10x.o(i.SystemInit)
    TIM1_CC_IRQHandler                       0x080010d9   Thumb Code    18  interrupt.o(i.TIM1_CC_IRQHandler)
    TIM1_UP_IRQHandler                       0x080010f1   Thumb Code    18  interrupt.o(i.TIM1_UP_IRQHandler)
    TIM2_IRQHandler                          0x08001109   Thumb Code    18  interrupt.o(i.TIM2_IRQHandler)
    TIM3_IRQHandler                          0x08001121   Thumb Code    18  interrupt.o(i.TIM3_IRQHandler)
    TIM4_IRQHandler                          0x08001139   Thumb Code    18  interrupt.o(i.TIM4_IRQHandler)
    TIM5_IRQHandler                          0x08001151   Thumb Code    18  interrupt.o(i.TIM5_IRQHandler)
    TIM6_IRQHandler                          0x08001169   Thumb Code    18  interrupt.o(i.TIM6_IRQHandler)
    TIM7_IRQHandler                          0x08001181   Thumb Code    18  interrupt.o(i.TIM7_IRQHandler)
    TIM8_CC_IRQHandler                       0x08001199   Thumb Code    18  interrupt.o(i.TIM8_CC_IRQHandler)
    TIM8_UP_IRQHandler                       0x080011b1   Thumb Code    18  interrupt.o(i.TIM8_UP_IRQHandler)
    TIM_ClearITPendingBit                    0x080011c9   Thumb Code     6  stm32f10x_tim.o(i.TIM_ClearITPendingBit)
    TIM_GetCapture1                          0x080011cf   Thumb Code     6  stm32f10x_tim.o(i.TIM_GetCapture1)
    TIM_GetCapture2                          0x080011d5   Thumb Code     6  stm32f10x_tim.o(i.TIM_GetCapture2)
    TIM_GetCapture3                          0x080011db   Thumb Code     6  stm32f10x_tim.o(i.TIM_GetCapture3)
    TIM_GetCapture4                          0x080011e1   Thumb Code     8  stm32f10x_tim.o(i.TIM_GetCapture4)
    TIM_GetCounter                           0x080011e9   Thumb Code     6  stm32f10x_tim.o(i.TIM_GetCounter)
    TIM_GetITStatus                          0x080011ef   Thumb Code    34  stm32f10x_tim.o(i.TIM_GetITStatus)
    TIM_OC1PolarityConfig                    0x08001211   Thumb Code    18  stm32f10x_tim.o(i.TIM_OC1PolarityConfig)
    TIM_OC2PolarityConfig                    0x08001223   Thumb Code    26  stm32f10x_tim.o(i.TIM_OC2PolarityConfig)
    TIM_OC3PolarityConfig                    0x0800123d   Thumb Code    26  stm32f10x_tim.o(i.TIM_OC3PolarityConfig)
    TIM_OC4PolarityConfig                    0x08001257   Thumb Code    26  stm32f10x_tim.o(i.TIM_OC4PolarityConfig)
    UART4_IRQHandler                         0x08001271   Thumb Code    18  interrupt.o(i.UART4_IRQHandler)
    UART5_IRQHandler                         0x08001289   Thumb Code    18  interrupt.o(i.UART5_IRQHandler)
    USART1_IRQHandler                        0x080012a1   Thumb Code    18  interrupt.o(i.USART1_IRQHandler)
    USART2_IRQHandler                        0x080012b9   Thumb Code    18  interrupt.o(i.USART2_IRQHandler)
    USART3_IRQHandler                        0x080012d1   Thumb Code    18  interrupt.o(i.USART3_IRQHandler)
    USART_ClearFlag                          0x080012e9   Thumb Code    18  stm32f10x_usart.o(i.USART_ClearFlag)
    USART_ClearITPendingBit                  0x080012fb   Thumb Code    30  stm32f10x_usart.o(i.USART_ClearITPendingBit)
    USART_Cmd                                0x08001319   Thumb Code    24  stm32f10x_usart.o(i.USART_Cmd)
    USART_DMACmd                             0x08001331   Thumb Code    18  stm32f10x_usart.o(i.USART_DMACmd)
    USART_GetFlagStatus                      0x08001343   Thumb Code    26  stm32f10x_usart.o(i.USART_GetFlagStatus)
    USART_GetITStatus                        0x0800135d   Thumb Code    84  stm32f10x_usart.o(i.USART_GetITStatus)
    USART_ITConfig                           0x080013b1   Thumb Code    74  stm32f10x_usart.o(i.USART_ITConfig)
    USART_Init                               0x080013fd   Thumb Code   210  stm32f10x_usart.o(i.USART_Init)
    USART_ReceiveData                        0x080014d5   Thumb Code    10  stm32f10x_usart.o(i.USART_ReceiveData)
    USART_SendData                           0x080014df   Thumb Code     8  stm32f10x_usart.o(i.USART_SendData)
    LED_Init()                               0x080014e9   Thumb Code    72  main.o(i._Z8LED_Initv)
    I2C::StartNextCMD()                      0x08001539   Thumb Code    92  i2c.o(i._ZN3I2C12StartNextCMDEv)
    I2C::ERRORIRQ()                          0x08001595   Thumb Code    30  i2c.o(i._ZN3I2C8ERRORIRQEv)
    I2C::EventIRQ()                          0x080015b5   Thumb Code   438  i2c.o(i._ZN3I2C8EventIRQEv)
    EXIT::IRQ()                              0x08001775   Thumb Code    38  exit.o(i._ZN4EXIT3IRQEv)
    GPIO::Get()                              0x0800179b   Thumb Code    14  gpio.o(i._ZN4GPIO3GetEv)
    GPIO::GPIO(GPIO_TypeDef*, unsigned short, GPIOMode_TypeDef, GPIOSpeed_TypeDef, bool) 0x080017a9   Thumb Code   152  gpio.o(i._ZN4GPIOC1EP12GPIO_TypeDeft16GPIOMode_TypeDef17GPIOSpeed_TypeDefb)
    GPIO::GPIO__sub_object(GPIO_TypeDef*, unsigned short, GPIOMode_TypeDef, GPIOSpeed_TypeDef, bool) 0x080017a9   Thumb Code     0  gpio.o(i._ZN4GPIOC1EP12GPIO_TypeDeft16GPIOMode_TypeDef17GPIOSpeed_TypeDefb)
    UART::RXDMA_Init(unsigned char)          0x0800185d   Thumb Code   186  uart.o(i._ZN4UART10RXDMA_InitEh)
    UART::TXDMA_Init(unsigned char)          0x0800191d   Thumb Code   208  uart.o(i._ZN4UART10TXDMA_InitEh)
    UART::IRQ()                              0x080019f1   Thumb Code   286  uart.o(i._ZN4UART3IRQEv)
    UART::SendByte(unsigned char)            0x08001b11   Thumb Code   220  uart.o(i._ZN4UART8SendByteEh)
    UART::IRQ_TxDMA()                        0x08001bf1   Thumb Code   142  uart.o(i._ZN4UART9IRQ_TxDMAEv)
    UART::SendBytes(unsigned char*, unsigned short) 0x08001c81   Thumb Code   230  uart.o(i._ZN4UART9SendBytesEPht)
    UART::UART(unsigned char, unsigned, bool, bool, bool, unsigned short, unsigned short, unsigned short) 0x08001d6d   Thumb Code   680  uart.o(i._ZN4UARTC1Ehjbbbttt)
    UART::UART__sub_object(unsigned char, unsigned, bool, bool, bool, unsigned short, unsigned short, unsigned short) 0x08001d6d   Thumb Code     0  uart.o(i._ZN4UARTC1Ehjbbbttt)
    Timer::EncoderIRQ()                      0x08002029   Thumb Code    80  timer.o(i._ZN5Timer10EncoderIRQEv)
    Timer::InputCaptureIRQ()                 0x08002079   Thumb Code   452  timer.o(i._ZN5Timer15InputCaptureIRQEv)
    Timer::IRQ()                             0x08002249   Thumb Code   136  timer.o(i._ZN5Timer3IRQEv)
    Sensor::Updated()                        0x080022d1   Thumb Code    44  i2c.o(i._ZN6Sensor7UpdatedEv)
    SysTime::CheckTimer(unsigned char)       0x080022fd   Thumb Code    80  systime.o(i._ZN7SysTime10CheckTimerEh)
    SysTime::Initialize()                    0x08002355   Thumb Code    40  systime.o(i._ZN7SysTime10InitializeEv)
    SysTime::CreateTimer(double)             0x08002385   Thumb Code    76  systime.o(i._ZN7SysTime11CreateTimerEd)
    SysTime::IRQ()                           0x080023dd   Thumb Code    20  systime.o(i._ZN7SysTime3IRQEv)
    SysTime::Now()                           0x080023fd   Thumb Code   152  systime.o(i._ZN7SysTime3NowEv)
    UIDLink::Pack_Check()                    0x080024bd   Thumb Code   542  uidlink.o(i._ZN7UIDLink10Pack_CheckEv)
    UIDLink::GetSigned16(unsigned char, bool) 0x080026db   Thumb Code    22  uidlink.o(i._ZN7UIDLink11GetSigned16Ehb)
    UIDLink::GetUnSigned8(unsigned char)     0x080026f1   Thumb Code    10  uidlink.o(i._ZN7UIDLink12GetUnSigned8Eh)
    UIDLink::Pack_Send()                     0x080026fb   Thumb Code   168  uidlink.o(i._ZN7UIDLink9Pack_SendEv)
    UIDLink::UIDLink(UART&, unsigned char(*)[3], unsigned char, unsigned char, unsigned char, unsigned char, unsigned char) 0x080027a3   Thumb Code    42  uidlink.o(i._ZN7UIDLinkC1ER4UARTPA3_hhhhhh)
    UIDLink::UIDLink__sub_object(UART&, unsigned char(*)[3], unsigned char, unsigned char, unsigned char, unsigned char, unsigned char) 0x080027a3   Thumb Code     0  uidlink.o(i._ZN7UIDLinkC1ER4UARTPA3_hhhhhh)
    Serialize::ToSigned16(unsigned char*, bool) 0x080027cd   Thumb Code    44  serialize.o(i._ZN9Serialize10ToSigned16EPhb)
    operator new[] (unsigned)                0x080027fd   Thumb Code     8  array_new.o(i._Znaj)
    operator new(unsigned)                   0x08002805   Thumb Code    34  new.o(i._Znwj)
    main                                     0x08002879   Thumb Code   858  main.o(i.main)
    FIFOBuffer<I2C_Command, (unsigned short)20>::GetData(I2C_Command&) 0x08002c01   Thumb Code    76  i2c.o(t._ZN10FIFOBufferI11I2C_CommandLt20EE7GetDataERS0_)
    FIFOBuffer<unsigned char, (unsigned short)500>::RestOfSize() 0x08002c4d   Thumb Code    16  uart.o(t._ZN10FIFOBufferIhLt500EE10RestOfSizeEv)
    FIFOBuffer<unsigned char, (unsigned short)500>::size() 0x08002c5d   Thumb Code     8  uart.o(t._ZN10FIFOBufferIhLt500EE4sizeEv)
    FIFOBuffer<unsigned char, (unsigned short)500>::GetData(unsigned char&) 0x08002c65   Thumb Code    60  uart.o(t._ZN10FIFOBufferIhLt500EE7GetDataERh)
    FIFOBuffer<unsigned char, (unsigned short)500>::PutData(const unsigned char&) 0x08002ca1   Thumb Code    66  uart.o(t._ZN10FIFOBufferIhLt500EE7PutDataERKh)
    FIFOBuffer<unsigned char, (unsigned short)500>::GetDatas(unsigned char*, unsigned short) 0x08002ce3   Thumb Code    74  uart.o(t._ZN10FIFOBufferIhLt500EE8GetDatasEPht)
    FIFOBuffer<unsigned char, (unsigned short)500>::PutDatas(unsigned char*, unsigned short) 0x08002d2d   Thumb Code    80  uart.o(t._ZN10FIFOBufferIhLt500EE8PutDatasEPht)
    FIFOBuffer<unsigned char, (unsigned short)500>::FIFOBuffer() 0x08002d7d   Thumb Code    24  uart.o(t._ZN10FIFOBufferIhLt500EEC1Ev)
    FIFOBuffer<unsigned char, (unsigned short)500>::FIFOBuffer__sub_object() 0x08002d7d   Thumb Code     0  uart.o(t._ZN10FIFOBufferIhLt500EEC1Ev)
    __aeabi_dadd                             0x08002d95   Thumb Code     0  daddsub_clz.o(x$fpl$dadd)
    _dadd                                    0x08002d95   Thumb Code   332  daddsub_clz.o(x$fpl$dadd)
    __fpl_dcmp_Inf                           0x08002ee5   Thumb Code    24  dcmpi.o(x$fpl$dcmpinf)
    __aeabi_ddiv                             0x08002efd   Thumb Code     0  ddiv.o(x$fpl$ddiv)
    _ddiv                                    0x08002efd   Thumb Code   552  ddiv.o(x$fpl$ddiv)
    __aeabi_ui2d                             0x080031ad   Thumb Code     0  dflt_clz.o(x$fpl$dfltu)
    _dfltu                                   0x080031ad   Thumb Code    38  dflt_clz.o(x$fpl$dfltu)
    __aeabi_cdcmple                          0x080031d5   Thumb Code     0  dleqf.o(x$fpl$dleqf)
    _dcmple                                  0x080031d5   Thumb Code   120  dleqf.o(x$fpl$dleqf)
    __fpl_dcmple_InfNaN                      0x08003237   Thumb Code     0  dleqf.o(x$fpl$dleqf)
    __fpl_dnaninf                            0x0800324d   Thumb Code   156  dnaninf.o(x$fpl$dnaninf)
    __fpl_dretinf                            0x080032e9   Thumb Code    12  dretinf.o(x$fpl$dretinf)
    __aeabi_cdrcmple                         0x080032f5   Thumb Code     0  drleqf.o(x$fpl$drleqf)
    _drcmple                                 0x080032f5   Thumb Code   108  drleqf.o(x$fpl$drleqf)
    __aeabi_dsub                             0x08003361   Thumb Code     0  daddsub_clz.o(x$fpl$dsub)
    _dsub                                    0x08003361   Thumb Code   464  daddsub_clz.o(x$fpl$dsub)
    __aeabi_fdiv                             0x08003535   Thumb Code     0  fdiv.o(x$fpl$fdiv)
    _fdiv                                    0x08003535   Thumb Code   384  fdiv.o(x$fpl$fdiv)
    __aeabi_i2f                              0x080036b9   Thumb Code     0  fflt_clz.o(x$fpl$fflt)
    _fflt                                    0x080036b9   Thumb Code    48  fflt_clz.o(x$fpl$fflt)
    __fpl_fnaninf                            0x080036e9   Thumb Code   140  fnaninf.o(x$fpl$fnaninf)
    __fpl_fretinf                            0x08003775   Thumb Code    10  fretinf.o(x$fpl$fretinf)
    __I$use$fp                               0x0800377e   Number         0  usenofp.o(x$fpl$usenofp)
    GPIOSpeed::LOW                           0x08003888   Data           1  gpio.o(.constdata)
    GPIOSpeed::MID                           0x08003889   Data           1  gpio.o(.constdata)
    GPIOSpeed::HIGH                          0x0800388a   Data           1  gpio.o(.constdata)
    GPIOMode::IN_Analog                      0x0800388b   Data           1  gpio.o(.constdata)
    GPIOMode::IN_FLOATING                    0x0800388c   Data           1  gpio.o(.constdata)
    GPIOMode::IN_PD                          0x0800388d   Data           1  gpio.o(.constdata)
    GPIOMode::IN_PU                          0x0800388e   Data           1  gpio.o(.constdata)
    GPIOMode::OUT_OD                         0x0800388f   Data           1  gpio.o(.constdata)
    GPIOMode::OUT_PP                         0x08003890   Data           1  gpio.o(.constdata)
    GPIOMode::OUT_OD_AF                      0x08003891   Data           1  gpio.o(.constdata)
    GPIOMode::OUT_PP_AF                      0x08003892   Data           1  gpio.o(.constdata)
    Region$$Table$$Base                      0x08003894   Number         0  anon$$obj.o(Region$$Table)
    Region$$Table$$Limit                     0x080038b4   Number         0  anon$$obj.o(Region$$Table)
    SHT$$INIT_ARRAY$$Base                    0x080038b4   Number         0  main.o(.init_array)
    SHT$$INIT_ARRAY$$Limit                   0x080038b8   Number         0  init_aeabi.o(.init_array)
    I2C::pI2C                                0x20000010   Data           8  i2c.o(.data)
    Protocol                                 0x20000019   Data          30  main.o(.data)
    SysTime::_oldTime                        0x20000038   Data           8  systime.o(.data)
    SysTime::_currentTime                    0x20000040   Data           8  systime.o(.data)
    SysTime::_interruptTime                  0x20000048   Data           8  systime.o(.data)
    SysTime::_deltaT                         0x20000050   Data           8  systime.o(.data)
    SysTime::_countTimer                     0x20000058   Data           4  systime.o(.data)
    SysTime::_IsReady                        0x2000005c   Data           1  systime.o(.data)
    DataConverter                            0x20000060   Data           8  serialize.o(.data)
    UART::pUART                              0x2000007c   Data          20  uart.o(.bss)
    Timer::pTIM                              0x20000090   Data          32  timer.o(.bss)
    EXIT::pEXIT                              0x200000b0   Data          64  exit.o(.bss)
    accept                                   0x200000f0   Data          72  main.o(.bss)
    com1                                     0x20000138   Data        1068  main.o(.bss)
    _UIDLink                                 0x20000564   Data         628  main.o(.bss)
    _params                                  0x200007d8   Data          36  main.o(.bss)
    _flydata                                 0x200007fc   Data          36  main.o(.bss)
    SysTime::_lastTimer                      0x20000820   Data         320  systime.o(.bss)
    __libspace_start                         0x20000960   Data          96  libspace.o(.bss)
    __temporary_stack_top$libspace           0x200009c0   Data           0  libspace.o(.bss)



==============================================================================

Memory Map of the image

  Image Entry point : 0x08000131

  Load Region LR_IROM1 (Base: 0x08000000, Size: 0x00003934, Max: 0x00040000, ABSOLUTE)

    Execution Region ER_IROM1 (Base: 0x08000000, Size: 0x000038b8, Max: 0x00040000, ABSOLUTE)

    Base Addr    Size         Type   Attr      Idx    E Section Name        Object

    0x08000000   0x00000130   Data   RO         4718    RESET               startup_stm32f10x_hd.o
    0x08000130   0x00000008   Code   RO         4779  * !!!main             c_w.l(__main.o)
    0x08000138   0x00000034   Code   RO         5474    !!!scatter          c_w.l(__scatter.o)
    0x0800016c   0x0000001a   Code   RO         5476    !!handler_copy      c_w.l(__scatter_copy.o)
    0x08000186   0x00000002   PAD
    0x08000188   0x0000001c   Code   RO         5478    !!handler_zi        c_w.l(__scatter_zi.o)
    0x080001a4   0x00000002   Code   RO         5389    .ARM.Collect$$libinit$$00000000  c_w.l(libinit.o)
    0x080001a6   0x00000000   Code   RO         5094    .ARM.Collect$$libinit$$00000002  c_w.l(libinit2.o)
    0x080001a6   0x00000000   Code   RO         5096    .ARM.Collect$$libinit$$00000004  c_w.l(libinit2.o)
    0x080001a6   0x00000008   Code   RO         5097    .ARM.Collect$$libinit$$00000005  c_w.l(libinit2.o)
    0x080001ae   0x00000000   Code   RO         5099    .ARM.Collect$$libinit$$0000000A  c_w.l(libinit2.o)
    0x080001ae   0x00000000   Code   RO         5101    .ARM.Collect$$libinit$$0000000C  c_w.l(libinit2.o)
    0x080001ae   0x00000000   Code   RO         5103    .ARM.Collect$$libinit$$0000000E  c_w.l(libinit2.o)
    0x080001ae   0x00000000   Code   RO         5106    .ARM.Collect$$libinit$$00000011  c_w.l(libinit2.o)
    0x080001ae   0x00000000   Code   RO         5108    .ARM.Collect$$libinit$$00000013  c_w.l(libinit2.o)
    0x080001ae   0x00000000   Code   RO         5110    .ARM.Collect$$libinit$$00000015  c_w.l(libinit2.o)
    0x080001ae   0x00000000   Code   RO         5112    .ARM.Collect$$libinit$$00000017  c_w.l(libinit2.o)
    0x080001ae   0x00000000   Code   RO         5114    .ARM.Collect$$libinit$$00000019  c_w.l(libinit2.o)
    0x080001ae   0x00000000   Code   RO         5116    .ARM.Collect$$libinit$$0000001B  c_w.l(libinit2.o)
    0x080001ae   0x00000000   Code   RO         5118    .ARM.Collect$$libinit$$0000001D  c_w.l(libinit2.o)
    0x080001ae   0x00000000   Code   RO         5120    .ARM.Collect$$libinit$$0000001F  c_w.l(libinit2.o)
    0x080001ae   0x00000000   Code   RO         5122    .ARM.Collect$$libinit$$00000021  c_w.l(libinit2.o)
    0x080001ae   0x00000000   Code   RO         5124    .ARM.Collect$$libinit$$00000023  c_w.l(libinit2.o)
    0x080001ae   0x00000000   Code   RO         5126    .ARM.Collect$$libinit$$00000025  c_w.l(libinit2.o)
    0x080001ae   0x00000000   Code   RO         5130    .ARM.Collect$$libinit$$0000002C  c_w.l(libinit2.o)
    0x080001ae   0x00000000   Code   RO         5132    .ARM.Collect$$libinit$$0000002E  c_w.l(libinit2.o)
    0x080001ae   0x00000000   Code   RO         5134    .ARM.Collect$$libinit$$00000030  c_w.l(libinit2.o)
    0x080001ae   0x00000004   Code   RO         5135    .ARM.Collect$$libinit$$00000031  c_w.l(libinit2.o)
    0x080001b2   0x00000000   Code   RO         5136    .ARM.Collect$$libinit$$00000032  c_w.l(libinit2.o)
    0x080001b2   0x00000002   Code   RO         5137    .ARM.Collect$$libinit$$00000033  c_w.l(libinit2.o)
    0x080001b4   0x00000002   Code   RO         5471    .ARM.Collect$$libshutdown$$00000000  c_w.l(libshutdown.o)
    0x080001b6   0x00000000   Code   RO         5456    .ARM.Collect$$libshutdown$$00000003  c_w.l(libshutdown2.o)
    0x080001b6   0x00000000   Code   RO         5459    .ARM.Collect$$libshutdown$$00000006  c_w.l(libshutdown2.o)
    0x080001b6   0x00000000   Code   RO         5462    .ARM.Collect$$libshutdown$$00000009  c_w.l(libshutdown2.o)
    0x080001b6   0x00000000   Code   RO         5464    .ARM.Collect$$libshutdown$$0000000B  c_w.l(libshutdown2.o)
    0x080001b6   0x00000000   Code   RO         5467    .ARM.Collect$$libshutdown$$0000000E  c_w.l(libshutdown2.o)
    0x080001b6   0x00000002   Code   RO         5468    .ARM.Collect$$libshutdown$$0000000F  c_w.l(libshutdown2.o)
    0x080001b8   0x00000000   Code   RO         5023    .ARM.Collect$$rtentry$$00000000  c_w.l(__rtentry.o)
    0x080001b8   0x00000000   Code   RO         5243    .ARM.Collect$$rtentry$$00000002  c_w.l(__rtentry2.o)
    0x080001b8   0x00000006   Code   RO         5255    .ARM.Collect$$rtentry$$00000004  c_w.l(__rtentry4.o)
    0x080001be   0x00000000   Code   RO         5245    .ARM.Collect$$rtentry$$00000009  c_w.l(__rtentry2.o)
    0x080001be   0x00000004   Code   RO         5246    .ARM.Collect$$rtentry$$0000000A  c_w.l(__rtentry2.o)
    0x080001c2   0x00000000   Code   RO         5248    .ARM.Collect$$rtentry$$0000000C  c_w.l(__rtentry2.o)
    0x080001c2   0x00000008   Code   RO         5249    .ARM.Collect$$rtentry$$0000000D  c_w.l(__rtentry2.o)
    0x080001ca   0x00000002   Code   RO         5409    .ARM.Collect$$rtexit$$00000000  c_w.l(rtexit.o)
    0x080001cc   0x00000000   Code   RO         5430    .ARM.Collect$$rtexit$$00000002  c_w.l(rtexit2.o)
    0x080001cc   0x00000004   Code   RO         5431    .ARM.Collect$$rtexit$$00000003  c_w.l(rtexit2.o)
    0x080001d0   0x00000006   Code   RO         5432    .ARM.Collect$$rtexit$$00000004  c_w.l(rtexit2.o)
    0x080001d6   0x00000002   PAD
    0x080001d8   0x00000000   Code   RO         5359    .emb_text           c_w.l(maybetermalloc1.o)
    0x080001d8   0x00000040   Code   RO         4719    .text               startup_stm32f10x_hd.o
    0x08000218   0x0000008a   Code   RO         4773    .text               c_w.l(rt_memcpy_v6.o)
    0x080002a2   0x00000064   Code   RO         4775    .text               c_w.l(rt_memcpy_w.o)
    0x08000306   0x00000006   Code   RO         4777    .text               c_w.l(heapauxi.o)
    0x0800030c   0x00000024   Code   RO         4784    .text               c_w.l(init_aeabi.o)
    0x08000330   0x00000008   Code   RO         5027    .text               c_w.l(rt_new_handler_addr_intlibspace.o)
    0x08000338   0x0000005e   Code   RO         5031    .text               c_w.l(h1_alloc.o)
    0x08000396   0x00000004   Code   RO         5143    .text               cpprt_w.l(arm_newhandler_noexceptions.o)
    0x0800039a   0x00000002   PAD
    0x0800039c   0x00000008   Code   RO         5237    .text               c_w.l(libspace.o)
    0x080003a4   0x00000008   Code   RO         5266    .text               c_w.l(rt_heap_descriptor_intlibspace.o)
    0x080003ac   0x00000004   Code   RO         5273    .text               c_w.l(hguard.o)
    0x080003b0   0x0000008a   Code   RO         5275    .text               c_w.l(init_alloc.o)
    0x0800043a   0x0000000e   Code   RO         5281    .text               c_w.l(h1_init.o)
    0x08000448   0x0000004e   Code   RO         5283    .text               c_w.l(h1_free.o)
    0x08000496   0x0000000a   Code   RO         5299    .text               c_w.l(defsig_exit.o)
    0x080004a0   0x0000001a   Code   RO         5332    .text               cpprt_w.l(arm_exceptions_terminate.o)
    0x080004ba   0x00000002   PAD
    0x080004bc   0x00000050   Code   RO         5335    .text               cpprt_w.l(arm_exceptions_globs.o)
    0x0800050c   0x0000000c   Code   RO         5346    .text               c_w.l(sys_exit.o)
    0x08000518   0x0000004a   Code   RO         5348    .text               c_w.l(sys_stackheap_outer.o)
    0x08000562   0x00000002   PAD
    0x08000564   0x00000008   Code   RO         5355    .text               c_w.l(rt_eh_globals_addr_intlibspace.o)
    0x0800056c   0x00000034   Code   RO         5361    .text               c_w.l(h1_extend.o)
    0x080005a0   0x0000000c   Code   RO         5365    .text               c_w.l(exit.o)
    0x080005ac   0x00000010   Code   RO         5367    .text               c_w.l(abort.o)
    0x080005bc   0x00000032   Code   RO         5371    .text               c_w.l(defsig_general.o)
    0x080005ee   0x0000000e   Code   RO         5373    .text               c_w.l(defsig_rtmem_outer.o)
    0x080005fc   0x0000003c   Code   RO         5399    .text               cpprt_w.l(arm_exceptions_mem.o)
    0x08000638   0x0000000e   Code   RO         5404    .text               c_w.l(sys_wrch.o)
    0x08000646   0x00000002   Code   RO         5406    .text               c_w.l(use_no_semi.o)
    0x08000648   0x00000000   Code   RO         5408    .text               c_w.l(indicate_semi.o)
    0x08000648   0x0000000e   Code   RO         5415    .text               c_w.l(defsig_abrt_outer.o)
    0x08000656   0x00000002   PAD
    0x08000658   0x00000050   Code   RO         5423    .text               c_w.l(defsig_rtmem_inner.o)
    0x080006a8   0x00000030   Code   RO         5440    .text               c_w.l(defsig_abrt_inner.o)
    0x080006d8   0x00000002   Code   RO          919    i.DMA1_Channel1_IRQHandler  interrupt.o
    0x080006da   0x00000002   PAD
    0x080006dc   0x00000018   Code   RO          920    i.DMA1_Channel2_IRQHandler  interrupt.o
    0x080006f4   0x00000002   Code   RO          921    i.DMA1_Channel3_IRQHandler  interrupt.o
    0x080006f6   0x00000002   PAD
    0x080006f8   0x00000018   Code   RO          922    i.DMA1_Channel4_IRQHandler  interrupt.o
    0x08000710   0x00000002   Code   RO          923    i.DMA1_Channel5_IRQHandler  interrupt.o
    0x08000712   0x00000002   Code   RO          924    i.DMA1_Channel6_IRQHandler  interrupt.o
    0x08000714   0x00000018   Code   RO          925    i.DMA1_Channel7_IRQHandler  interrupt.o
    0x0800072c   0x00000002   Code   RO          926    i.DMA2_Channel1_IRQHandler  interrupt.o
    0x0800072e   0x00000002   Code   RO          927    i.DMA2_Channel2_IRQHandler  interrupt.o
    0x08000730   0x00000002   Code   RO          928    i.DMA2_Channel3_IRQHandler  interrupt.o
    0x08000732   0x00000002   PAD
    0x08000734   0x00000018   Code   RO          929    i.DMA2_Channel4_5_IRQHandler  interrupt.o
    0x0800074c   0x0000001c   Code   RO         3059    i.DMA_ClearFlag     stm32f10x_dma.o
    0x08000768   0x0000001c   Code   RO         3060    i.DMA_ClearITPendingBit  stm32f10x_dma.o
    0x08000784   0x00000018   Code   RO         3061    i.DMA_Cmd           stm32f10x_dma.o
    0x0800079c   0x0000014c   Code   RO         3062    i.DMA_DeInit        stm32f10x_dma.o
    0x080008e8   0x00000008   Code   RO         3063    i.DMA_GetCurrDataCounter  stm32f10x_dma.o
    0x080008f0   0x0000002c   Code   RO         3064    i.DMA_GetFlagStatus  stm32f10x_dma.o
    0x0800091c   0x00000012   Code   RO         3066    i.DMA_ITConfig      stm32f10x_dma.o
    0x0800092e   0x0000003c   Code   RO         3067    i.DMA_Init          stm32f10x_dma.o
    0x0800096a   0x00000004   Code   RO         3068    i.DMA_SetCurrDataCounter  stm32f10x_dma.o
    0x0800096e   0x00000002   PAD
    0x08000970   0x00000018   Code   RO          930    i.EXTI0_IRQHandler  interrupt.o
    0x08000988   0x00000098   Code   RO          931    i.EXTI15_10_IRQHandler  interrupt.o
    0x08000a20   0x00000018   Code   RO          932    i.EXTI1_IRQHandler  interrupt.o
    0x08000a38   0x00000018   Code   RO          933    i.EXTI2_IRQHandler  interrupt.o
    0x08000a50   0x00000018   Code   RO          934    i.EXTI3_IRQHandler  interrupt.o
    0x08000a68   0x00000018   Code   RO          935    i.EXTI4_IRQHandler  interrupt.o
    0x08000a80   0x0000007c   Code   RO          936    i.EXTI9_5_IRQHandler  interrupt.o
    0x08000afc   0x0000000c   Code   RO         3144    i.EXTI_ClearITPendingBit  stm32f10x_exti.o
    0x08000b08   0x00000028   Code   RO         3148    i.EXTI_GetITStatus  stm32f10x_exti.o
    0x08000b30   0x00000116   Code   RO         3215    i.GPIO_Init         stm32f10x_gpio.o
    0x08000c46   0x00000002   PAD
    0x08000c48   0x00000090   Code   RO         3217    i.GPIO_PinRemapConfig  stm32f10x_gpio.o
    0x08000cd8   0x00000012   Code   RO         3219    i.GPIO_ReadInputDataBit  stm32f10x_gpio.o
    0x08000cea   0x00000004   Code   RO         3223    i.GPIO_SetBits      stm32f10x_gpio.o
    0x08000cee   0x00000002   PAD
    0x08000cf0   0x00000018   Code   RO          937    i.I2C1_ER_IRQHandler  interrupt.o
    0x08000d08   0x00000018   Code   RO          938    i.I2C1_EV_IRQHandler  interrupt.o
    0x08000d20   0x00000018   Code   RO          939    i.I2C2_ER_IRQHandler  interrupt.o
    0x08000d38   0x00000018   Code   RO          940    i.I2C2_EV_IRQHandler  interrupt.o
    0x08000d50   0x00000018   Code   RO         3336    i.I2C_AcknowledgeConfig  stm32f10x_i2c.o
    0x08000d68   0x00000018   Code   RO         3348    i.I2C_GenerateSTART  stm32f10x_i2c.o
    0x08000d80   0x00000018   Code   RO         3349    i.I2C_GenerateSTOP  stm32f10x_i2c.o
    0x08000d98   0x0000001a   Code   RO         3352    i.I2C_GetLastEvent  stm32f10x_i2c.o
    0x08000db2   0x00000008   Code   RO         3360    i.I2C_ReceiveData   stm32f10x_i2c.o
    0x08000dba   0x00000012   Code   RO         3362    i.I2C_Send7bitAddress  stm32f10x_i2c.o
    0x08000dcc   0x00000004   Code   RO         3363    i.I2C_SendData      stm32f10x_i2c.o
    0x08000dd0   0x00000070   Code   RO         2520    i.NVIC_Init         misc.o
    0x08000e40   0x00000014   Code   RO         2521    i.NVIC_PriorityGroupConfig  misc.o
    0x08000e54   0x00000020   Code   RO         3552    i.RCC_AHBPeriphClockCmd  stm32f10x_rcc.o
    0x08000e74   0x00000020   Code   RO         3553    i.RCC_APB1PeriphClockCmd  stm32f10x_rcc.o
    0x08000e94   0x00000020   Code   RO         3555    i.RCC_APB2PeriphClockCmd  stm32f10x_rcc.o
    0x08000eb4   0x000000d4   Code   RO         3563    i.RCC_GetClocksFreq  stm32f10x_rcc.o
    0x08000f88   0x00000008   Code   RO         4726    i.SetSysClock       system_stm32f10x.o
    0x08000f90   0x000000e0   Code   RO         4727    i.SetSysClockTo72   system_stm32f10x.o
    0x08001070   0x00000008   Code   RO          851    i.SysTick_Handler   systime.o
    0x08001078   0x00000060   Code   RO         4729    i.SystemInit        system_stm32f10x.o
    0x080010d8   0x00000018   Code   RO          941    i.TIM1_CC_IRQHandler  interrupt.o
    0x080010f0   0x00000018   Code   RO          942    i.TIM1_UP_IRQHandler  interrupt.o
    0x08001108   0x00000018   Code   RO          943    i.TIM2_IRQHandler   interrupt.o
    0x08001120   0x00000018   Code   RO          944    i.TIM3_IRQHandler   interrupt.o
    0x08001138   0x00000018   Code   RO          945    i.TIM4_IRQHandler   interrupt.o
    0x08001150   0x00000018   Code   RO          946    i.TIM5_IRQHandler   interrupt.o
    0x08001168   0x00000018   Code   RO          947    i.TIM6_IRQHandler   interrupt.o
    0x08001180   0x00000018   Code   RO          948    i.TIM7_IRQHandler   interrupt.o
    0x08001198   0x00000018   Code   RO          949    i.TIM8_CC_IRQHandler  interrupt.o
    0x080011b0   0x00000018   Code   RO          950    i.TIM8_UP_IRQHandler  interrupt.o
    0x080011c8   0x00000006   Code   RO         3930    i.TIM_ClearITPendingBit  stm32f10x_tim.o
    0x080011ce   0x00000006   Code   RO         3950    i.TIM_GetCapture1   stm32f10x_tim.o
    0x080011d4   0x00000006   Code   RO         3951    i.TIM_GetCapture2   stm32f10x_tim.o
    0x080011da   0x00000006   Code   RO         3952    i.TIM_GetCapture3   stm32f10x_tim.o
    0x080011e0   0x00000008   Code   RO         3953    i.TIM_GetCapture4   stm32f10x_tim.o
    0x080011e8   0x00000006   Code   RO         3954    i.TIM_GetCounter    stm32f10x_tim.o
    0x080011ee   0x00000022   Code   RO         3956    i.TIM_GetITStatus   stm32f10x_tim.o
    0x08001210   0x00000012   Code   RO         3966    i.TIM_OC1PolarityConfig  stm32f10x_tim.o
    0x08001222   0x0000001a   Code   RO         3971    i.TIM_OC2PolarityConfig  stm32f10x_tim.o
    0x0800123c   0x0000001a   Code   RO         3976    i.TIM_OC3PolarityConfig  stm32f10x_tim.o
    0x08001256   0x0000001a   Code   RO         3980    i.TIM_OC4PolarityConfig  stm32f10x_tim.o
    0x08001270   0x00000018   Code   RO          951    i.UART4_IRQHandler  interrupt.o
    0x08001288   0x00000018   Code   RO          952    i.UART5_IRQHandler  interrupt.o
    0x080012a0   0x00000018   Code   RO          953    i.USART1_IRQHandler  interrupt.o
    0x080012b8   0x00000018   Code   RO          954    i.USART2_IRQHandler  interrupt.o
    0x080012d0   0x00000018   Code   RO          955    i.USART3_IRQHandler  interrupt.o
    0x080012e8   0x00000012   Code   RO         4479    i.USART_ClearFlag   stm32f10x_usart.o
    0x080012fa   0x0000001e   Code   RO         4480    i.USART_ClearITPendingBit  stm32f10x_usart.o
    0x08001318   0x00000018   Code   RO         4483    i.USART_Cmd         stm32f10x_usart.o
    0x08001330   0x00000012   Code   RO         4484    i.USART_DMACmd      stm32f10x_usart.o
    0x08001342   0x0000001a   Code   RO         4486    i.USART_GetFlagStatus  stm32f10x_usart.o
    0x0800135c   0x00000054   Code   RO         4487    i.USART_GetITStatus  stm32f10x_usart.o
    0x080013b0   0x0000004a   Code   RO         4489    i.USART_ITConfig    stm32f10x_usart.o
    0x080013fa   0x00000002   PAD
    0x080013fc   0x000000d8   Code   RO         4490    i.USART_Init        stm32f10x_usart.o
    0x080014d4   0x0000000a   Code   RO         4497    i.USART_ReceiveData  stm32f10x_usart.o
    0x080014de   0x00000008   Code   RO         4500    i.USART_SendData    stm32f10x_usart.o
    0x080014e6   0x00000002   PAD
    0x080014e8   0x00000050   Code   RO          787    i._Z8LED_Initv      main.o
    0x08001538   0x0000005c   Code   RO          516    i._ZN3I2C12StartNextCMDEv  i2c.o
    0x08001594   0x0000001e   Code   RO          521    i._ZN3I2C8ERRORIRQEv  i2c.o
    0x080015b2   0x00000002   PAD
    0x080015b4   0x000001c0   Code   RO          522    i._ZN3I2C8EventIRQEv  i2c.o
    0x08001774   0x00000026   Code   RO          461    i._ZN4EXIT3IRQEv    exit.o
    0x0800179a   0x0000000e   Code   RO          269    i._ZN4GPIO3GetEv    gpio.o
    0x080017a8   0x000000b4   Code   RO          271    i._ZN4GPIOC1EP12GPIO_TypeDeft16GPIOMode_TypeDef17GPIOSpeed_TypeDefb  gpio.o
    0x0800185c   0x000000c0   Code   RO            4    i._ZN4UART10RXDMA_InitEh  uart.o
    0x0800191c   0x000000d4   Code   RO            5    i._ZN4UART10TXDMA_InitEh  uart.o
    0x080019f0   0x0000011e   Code   RO           12    i._ZN4UART3IRQEv    uart.o
    0x08001b0e   0x00000002   PAD
    0x08001b10   0x000000e0   Code   RO           15    i._ZN4UART8SendByteEh  uart.o
    0x08001bf0   0x0000008e   Code   RO           16    i._ZN4UART9IRQ_TxDMAEv  uart.o
    0x08001c7e   0x00000002   PAD
    0x08001c80   0x000000ec   Code   RO           17    i._ZN4UART9SendBytesEPht  uart.o
    0x08001d6c   0x000002bc   Code   RO           18    i._ZN4UARTC1Ehjbbbttt  uart.o
    0x08002028   0x00000050   Code   RO          316    i._ZN5Timer10EncoderIRQEv  timer.o
    0x08002078   0x000001d0   Code   RO          321    i._ZN5Timer15InputCaptureIRQEv  timer.o
    0x08002248   0x00000088   Code   RO          323    i._ZN5Timer3IRQEv   timer.o
    0x080022d0   0x0000002c   Code   RO          612    i._ZN6Sensor7UpdatedEv  i2c.o
    0x080022fc   0x00000058   Code   RO          852    i._ZN7SysTime10CheckTimerEh  systime.o
    0x08002354   0x00000030   Code   RO          853    i._ZN7SysTime10InitializeEv  systime.o
    0x08002384   0x00000058   Code   RO          854    i._ZN7SysTime11CreateTimerEd  systime.o
    0x080023dc   0x00000020   Code   RO          855    i._ZN7SysTime3IRQEv  systime.o
    0x080023fc   0x000000c0   Code   RO          856    i._ZN7SysTime3NowEv  systime.o
    0x080024bc   0x0000021e   Code   RO         1321    i._ZN7UIDLink10Pack_CheckEv  uidlink.o
    0x080026da   0x00000016   Code   RO         1322    i._ZN7UIDLink11GetSigned16Ehb  uidlink.o
    0x080026f0   0x0000000a   Code   RO         1328    i._ZN7UIDLink12GetUnSigned8Eh  uidlink.o
    0x080026fa   0x000000a8   Code   RO         1337    i._ZN7UIDLink9Pack_SendEv  uidlink.o
    0x080027a2   0x0000002a   Code   RO         1338    i._ZN7UIDLinkC1ER4UARTPA3_hhhhhh  uidlink.o
    0x080027cc   0x00000030   Code   RO         1213    i._ZN9Serialize10ToSigned16EPhb  serialize.o
    0x080027fc   0x00000008   Code   RO         4787    i._Znaj             cpprt_w.l(array_new.o)
    0x08002804   0x00000028   Code   RO         4791    i._Znwj             cpprt_w.l(new.o)
    0x0800282c   0x0000004c   Code   RO          788    i.__sti___8_main_cpp_Protocol  main.o
    0x08002878   0x00000388   Code   RO          789    i.main              main.o
    0x08002c00   0x0000004c   Code   RO          630    t._ZN10FIFOBufferI11I2C_CommandLt20EE7GetDataERS0_  i2c.o
    0x08002c4c   0x00000010   Code   RO          183    t._ZN10FIFOBufferIhLt500EE10RestOfSizeEv  uart.o
    0x08002c5c   0x00000008   Code   RO          171    t._ZN10FIFOBufferIhLt500EE4sizeEv  uart.o
    0x08002c64   0x0000003c   Code   RO          153    t._ZN10FIFOBufferIhLt500EE7GetDataERh  uart.o
    0x08002ca0   0x00000042   Code   RO          147    t._ZN10FIFOBufferIhLt500EE7PutDataERKh  uart.o
    0x08002ce2   0x0000004a   Code   RO          165    t._ZN10FIFOBufferIhLt500EE8GetDatasEPht  uart.o
    0x08002d2c   0x00000050   Code   RO          159    t._ZN10FIFOBufferIhLt500EE8PutDatasEPht  uart.o
    0x08002d7c   0x00000018   Code   RO          141    t._ZN10FIFOBufferIhLt500EEC1Ev  uart.o
    0x08002d94   0x00000150   Code   RO         4915    x$fpl$dadd          fz_ws.l(daddsub_clz.o)
    0x08002ee4   0x00000018   Code   RO         5169    x$fpl$dcmpinf       fz_ws.l(dcmpi.o)
    0x08002efc   0x000002b0   Code   RO         4922    x$fpl$ddiv          fz_ws.l(ddiv.o)
    0x080031ac   0x00000026   Code   RO         4931    x$fpl$dfltu         fz_ws.l(dflt_clz.o)
    0x080031d2   0x00000002   PAD
    0x080031d4   0x00000078   Code   RO         4937    x$fpl$dleqf         fz_ws.l(dleqf.o)
    0x0800324c   0x0000009c   Code   RO         5171    x$fpl$dnaninf       fz_ws.l(dnaninf.o)
    0x080032e8   0x0000000c   Code   RO         5173    x$fpl$dretinf       fz_ws.l(dretinf.o)
    0x080032f4   0x0000006c   Code   RO         4941    x$fpl$drleqf        fz_ws.l(drleqf.o)
    0x08003360   0x000001d4   Code   RO         4917    x$fpl$dsub          fz_ws.l(daddsub_clz.o)
    0x08003534   0x00000184   Code   RO         4952    x$fpl$fdiv          fz_ws.l(fdiv.o)
    0x080036b8   0x00000030   Code   RO         4966    x$fpl$fflt          fz_ws.l(fflt_clz.o)
    0x080036e8   0x0000008c   Code   RO         5179    x$fpl$fnaninf       fz_ws.l(fnaninf.o)
    0x08003774   0x0000000a   Code   RO         5181    x$fpl$fretinf       fz_ws.l(fretinf.o)
    0x0800377e   0x00000000   Code   RO         5191    x$fpl$usenofp       fz_ws.l(usenofp.o)
    0x0800377e   0x00000002   PAD
    0x08003780   0x00000108   Data   RO           45    .constdata          uart.o
    0x08003888   0x0000000b   Data   RO          277    .constdata          gpio.o
    0x08003893   0x00000001   PAD
    0x08003894   0x00000020   Data   RO         5472    Region$$Table       anon$$obj.o
    0x080038b4   0x00000004   Data   RO          795    .init_array         main.o
    0x080038b8   0x00000000   Data   RO         4782    .init_array         c_w.l(init_aeabi.o)


    Execution Region RW_IRAM1 (Base: 0x20000000, Size: 0x00001dc0, Max: 0x0000c000, ABSOLUTE)

    Base Addr    Size         Type   Attr      Idx    E Section Name        Object

    0x20000000   0x00000002   Data   RW           46    .data               uart.o
    0x20000002   0x0000000e   Data   RW          358    .data               timer.o
    0x20000010   0x00000009   Data   RW          542    .data               i2c.o
    0x20000019   0x0000001e   Data   RW          794    .data               main.o
    0x20000037   0x00000001   PAD
    0x20000038   0x00000025   Data   RW          866    .data               systime.o
    0x2000005d   0x00000003   PAD
    0x20000060   0x00000008   Data   RW         1240    .data               serialize.o
    0x20000068   0x00000014   Data   RW         3583    .data               stm32f10x_rcc.o
    0x2000007c   0x00000014   Zero   RW           44    .bss                uart.o
    0x20000090   0x00000020   Zero   RW          356    .bss                timer.o
    0x200000b0   0x00000040   Zero   RW          465    .bss                exit.o
    0x200000f0   0x00000730   Zero   RW          793    .bss                main.o
    0x20000820   0x00000140   Zero   RW          865    .bss                systime.o
    0x20000960   0x00000060   Zero   RW         5238    .bss                c_w.l(libspace.o)
    0x200009c0   0x00001000   Zero   RW         4717    HEAP                startup_stm32f10x_hd.o
    0x200019c0   0x00000400   Zero   RW         4716    STACK               startup_stm32f10x_hd.o


==============================================================================

Image component sizes


      Code (inc. data)   RO Data    RW Data    ZI Data      Debug   Object Name

        38          0          0          0         64       1380   exit.o
       194         28         11          0          0       2732   gpio.o
       690         10          0          9          0       6284   i2c.o
       962        178          0          0          0      18908   interrupt.o
         0          0          0          0          0     271336   led.o
      1060         68          4         30       1840       7283   main.o
       132         22          0          0          0       1667   misc.o
        48          4          0          8          0       2296   serialize.o
        64         26        304          0       5120        788   startup_stm32f10x_hd.o
       546         36          0          0          0       7095   stm32f10x_dma.o
        52         12          0          0          0       1176   stm32f10x_exti.o
       444          6          0          0          0       4105   stm32f10x_gpio.o
       128          0          0          0          0       5825   stm32f10x_i2c.o
       308         38          0         20          0       5178   stm32f10x_rcc.o
       168          0          0          0          0       7103   stm32f10x_tim.o
       508          6          0          0          0       8244   stm32f10x_usart.o
       328         28          0          0          0       1873   system_stm32f10x.o
       456         80          0         37        320       3670   systime.o
       680         20          0         14         32       3656   timer.o
      2320         40        264          2         20     249548   uart.o
       784          0          0          0          0       5216   uidlink.o

    ----------------------------------------------------------------------
      9932        602        616        124       7396     615363   Object Totals
         0          0         32          0          0          0   (incl. Generated)
        22          0          1          4          0          0   (incl. Padding)

    ----------------------------------------------------------------------

      Code (inc. data)   RO Data    RW Data    ZI Data      Debug   Library Member Name

         8          0          0          0          0         68   __main.o
         0          0          0          0          0          0   __rtentry.o
        12          0          0          0          0          0   __rtentry2.o
         6          0          0          0          0          0   __rtentry4.o
        52          8          0          0          0          0   __scatter.o
        26          0          0          0          0          0   __scatter_copy.o
        28          0          0          0          0          0   __scatter_zi.o
        16          0          0          0          0         72   abort.o
        48         34          0          0          0         76   defsig_abrt_inner.o
        14          0          0          0          0         80   defsig_abrt_outer.o
        10          0          0          0          0         68   defsig_exit.o
        50          0          0          0          0         88   defsig_general.o
        80         58          0          0          0         76   defsig_rtmem_inner.o
        14          0          0          0          0         80   defsig_rtmem_outer.o
        12          0          0          0          0         72   exit.o
        94          0          0          0          0         80   h1_alloc.o
        52          0          0          0          0         68   h1_extend.o
        78          0          0          0          0         80   h1_free.o
        14          0          0          0          0         84   h1_init.o
         6          0          0          0          0        152   heapauxi.o
         4          0          0          0          0        136   hguard.o
         0          0          0          0          0          0   indicate_semi.o
        36         10          0          0          0         80   init_aeabi.o
       138          0          0          0          0        168   init_alloc.o
         2          0          0          0          0          0   libinit.o
        14          0          0          0          0          0   libinit2.o
         2          0          0          0          0          0   libshutdown.o
         2          0          0          0          0          0   libshutdown2.o
         8          4          0          0         96         68   libspace.o
         0          0          0          0          0          0   maybetermalloc1.o
         8          4          0          0          0         68   rt_eh_globals_addr_intlibspace.o
         8          4          0          0          0         68   rt_heap_descriptor_intlibspace.o
       138          0          0          0          0         68   rt_memcpy_v6.o
       100          0          0          0          0         80   rt_memcpy_w.o
         8          4          0          0          0         68   rt_new_handler_addr_intlibspace.o
         2          0          0          0          0          0   rtexit.o
        10          0          0          0          0          0   rtexit2.o
        12          4          0          0          0         68   sys_exit.o
        74          0          0          0          0         80   sys_stackheap_outer.o
        14          0          0          0          0         76   sys_wrch.o
         2          0          0          0          0         68   use_no_semi.o
        80         12          0          0          0        104   arm_exceptions_globs.o
        60          0          0          0          0        108   arm_exceptions_mem.o
        26          0          0          0          0         76   arm_exceptions_terminate.o
         4          0          0          0          0         68   arm_newhandler_noexceptions.o
         8          0          0          0          0         76   array_new.o
        40          6          0          0          0         76   new.o
       804         16          0          0          0        272   daddsub_clz.o
        24          0          0          0          0         68   dcmpi.o
       688        140          0          0          0        208   ddiv.o
        38          0          0          0          0         68   dflt_clz.o
       120          4          0          0          0         92   dleqf.o
       156          4          0          0          0         92   dnaninf.o
        12          0          0          0          0         68   dretinf.o
       108          0          0          0          0         80   drleqf.o
       388         76          0          0          0         96   fdiv.o
        48          0          0          0          0         68   fflt_clz.o
       140          4          0          0          0         84   fnaninf.o
        10          0          0          0          0         68   fretinf.o
         0          0          0          0          0          0   usenofp.o

    ----------------------------------------------------------------------
      3972        392          0          0         96       4012   Library Totals
        16          0          0          0          0          0   (incl. Padding)

    ----------------------------------------------------------------------

      Code (inc. data)   RO Data    RW Data    ZI Data      Debug   Library Name

      1202        130          0          0         96       2240   c_w.l
       218         18          0          0          0        508   cpprt_w.l
      2536        244          0          0          0       1264   fz_ws.l

    ----------------------------------------------------------------------
      3972        392          0          0         96       4012   Library Totals

    ----------------------------------------------------------------------

==============================================================================


      Code (inc. data)   RO Data    RW Data    ZI Data      Debug   

     13904        994        616        124       7492     610635   Grand Totals
     13904        994        616        124       7492     610635   ELF Image Totals
     13904        994        616        124          0          0   ROM Totals

==============================================================================

    Total RO  Size (Code + RO Data)                14520 (  14.18kB)
    Total RW  Size (RW Data + ZI Data)              7616 (   7.44kB)
    Total ROM Size (Code + RO Data + RW Data)      14644 (  14.30kB)

==============================================================================

